Archive member included to satisfy reference by file (symbol)

/home/truongchu/toolchains/bin/../lib/gcc/arm-none-eabi/13.3.1/thumb/v8-m.main+fp/hard/libgcc.a(_aeabi_ldivmod.o)
                              ./ra/fsp/src/r_sci_uart/r_sci_uart.o (__aeabi_ldivmod)
/home/truongchu/toolchains/bin/../lib/gcc/arm-none-eabi/13.3.1/thumb/v8-m.main+fp/hard/libgcc.a(_udivmoddi4.o)
                              /home/truongchu/toolchains/bin/../lib/gcc/arm-none-eabi/13.3.1/thumb/v8-m.main+fp/hard/libgcc.a(_aeabi_ldivmod.o) (__udivmoddi4)
/home/truongchu/toolchains/bin/../lib/gcc/arm-none-eabi/13.3.1/thumb/v8-m.main+fp/hard/libgcc.a(_dvmd_tls.o)
                              /home/truongchu/toolchains/bin/../lib/gcc/arm-none-eabi/13.3.1/thumb/v8-m.main+fp/hard/libgcc.a(_aeabi_ldivmod.o) (__aeabi_ldiv0)
/home/truongchu/toolchains/bin/../lib/gcc/arm-none-eabi/13.3.1/../../../../arm-none-eabi/lib/thumb/v8-m.main+fp/hard/libg_nano.a(libc_a-exit.o)
                              /home/truongchu/toolchains/bin/../lib/gcc/arm-none-eabi/13.3.1/../../../../arm-none-eabi/lib/thumb/v8-m.main+fp/hard/crt0.o (exit)
/home/truongchu/toolchains/bin/../lib/gcc/arm-none-eabi/13.3.1/../../../../arm-none-eabi/lib/thumb/v8-m.main+fp/hard/libg_nano.a(libc_a-errno.o)
                              ./ra/fsp/src/bsp/mcu/all/bsp_sbrk.o (__errno)
/home/truongchu/toolchains/bin/../lib/gcc/arm-none-eabi/13.3.1/../../../../arm-none-eabi/lib/thumb/v8-m.main+fp/hard/libg_nano.a(libc_a-init.o)
                              /home/truongchu/toolchains/bin/../lib/gcc/arm-none-eabi/13.3.1/../../../../arm-none-eabi/lib/thumb/v8-m.main+fp/hard/crt0.o (__libc_init_array)
/home/truongchu/toolchains/bin/../lib/gcc/arm-none-eabi/13.3.1/../../../../arm-none-eabi/lib/thumb/v8-m.main+fp/hard/libg_nano.a(libc_a-memset.o)
                              /home/truongchu/toolchains/bin/../lib/gcc/arm-none-eabi/13.3.1/../../../../arm-none-eabi/lib/thumb/v8-m.main+fp/hard/crt0.o (memset)
/home/truongchu/toolchains/bin/../lib/gcc/arm-none-eabi/13.3.1/../../../../arm-none-eabi/lib/thumb/v8-m.main+fp/hard/libg_nano.a(libc_a-impure.o)
                              /home/truongchu/toolchains/bin/../lib/gcc/arm-none-eabi/13.3.1/../../../../arm-none-eabi/lib/thumb/v8-m.main+fp/hard/libg_nano.a(libc_a-errno.o) (_impure_ptr)
/home/truongchu/toolchains/bin/../lib/gcc/arm-none-eabi/13.3.1/../../../../arm-none-eabi/lib/thumb/v8-m.main+fp/hard/libg_nano.a(libc_a-memcpy-stub.o)
                              ./ra/fsp/src/r_sci_uart/r_sci_uart.o (memcpy)
/home/truongchu/toolchains/bin/../lib/gcc/arm-none-eabi/13.3.1/../../../../arm-none-eabi/lib/thumb/v8-m.main+fp/hard/libg_nano.a(libc_a-strlen.o)
                              ./src/hal_entry.o (strlen)
/home/truongchu/toolchains/bin/../lib/gcc/arm-none-eabi/13.3.1/../../../../arm-none-eabi/lib/thumb/v8-m.main+fp/hard/libg_nano.a(libc_a-findfp.o)
                              /home/truongchu/toolchains/bin/../lib/gcc/arm-none-eabi/13.3.1/../../../../arm-none-eabi/lib/thumb/v8-m.main+fp/hard/libg_nano.a(libc_a-exit.o) (__stdio_exit_handler)
/home/truongchu/toolchains/bin/../lib/gcc/arm-none-eabi/13.3.1/../../../../arm-none-eabi/lib/thumb/v8-m.main+fp/hard/libg_nano.a(libc_a-stdio.o)
                              /home/truongchu/toolchains/bin/../lib/gcc/arm-none-eabi/13.3.1/../../../../arm-none-eabi/lib/thumb/v8-m.main+fp/hard/libg_nano.a(libc_a-findfp.o) (__sread)
/home/truongchu/toolchains/bin/../lib/gcc/arm-none-eabi/13.3.1/../../../../arm-none-eabi/lib/thumb/v8-m.main+fp/hard/libg_nano.a(libc_a-lseekr.o)
                              /home/truongchu/toolchains/bin/../lib/gcc/arm-none-eabi/13.3.1/../../../../arm-none-eabi/lib/thumb/v8-m.main+fp/hard/libg_nano.a(libc_a-stdio.o) (_lseek_r)
/home/truongchu/toolchains/bin/../lib/gcc/arm-none-eabi/13.3.1/../../../../arm-none-eabi/lib/thumb/v8-m.main+fp/hard/libg_nano.a(libc_a-readr.o)
                              /home/truongchu/toolchains/bin/../lib/gcc/arm-none-eabi/13.3.1/../../../../arm-none-eabi/lib/thumb/v8-m.main+fp/hard/libg_nano.a(libc_a-stdio.o) (_read_r)
/home/truongchu/toolchains/bin/../lib/gcc/arm-none-eabi/13.3.1/../../../../arm-none-eabi/lib/thumb/v8-m.main+fp/hard/libg_nano.a(libc_a-fwalk.o)
                              /home/truongchu/toolchains/bin/../lib/gcc/arm-none-eabi/13.3.1/../../../../arm-none-eabi/lib/thumb/v8-m.main+fp/hard/libg_nano.a(libc_a-findfp.o) (_fwalk_sglue)
/home/truongchu/toolchains/bin/../lib/gcc/arm-none-eabi/13.3.1/../../../../arm-none-eabi/lib/thumb/v8-m.main+fp/hard/libg_nano.a(libc_a-writer.o)
                              /home/truongchu/toolchains/bin/../lib/gcc/arm-none-eabi/13.3.1/../../../../arm-none-eabi/lib/thumb/v8-m.main+fp/hard/libg_nano.a(libc_a-stdio.o) (_write_r)
/home/truongchu/toolchains/bin/../lib/gcc/arm-none-eabi/13.3.1/../../../../arm-none-eabi/lib/thumb/v8-m.main+fp/hard/libg_nano.a(libc_a-lock.o)
[...]
Memory Configuration

Name             Origin             Length             Attributes
ITCM             0x00000000         0x00000000         xr
DTCM             0x00000000         0x00000000         xrw
FLASH            0x00000000         0x00200000         xr
RAM              0x20000000         0x00080000         xrw
DATA_FLASH       0x08000000         0x00002000         xr
QSPI_FLASH       0x60000000         0x04000000         xr
OSPI_DEVICE_0    0x68000000         0x08000000         xr
OSPI_DEVICE_1    0x70000000         0x10000000         xr
OSPI_DEVICE_0_RAM 0x68000000         0x08000000         xrw
OSPI_DEVICE_1_RAM 0x70000000         0x10000000         xrw
SDRAM            0x80010000         0x00000000         xrw
OPTION_SETTING   0x0100a100         0x00000100         r
OPTION_SETTING_OFS 0x0100a100         0x00000018         r
OPTION_SETTING_SAS 0x0100a134         0x000000cc         r
OPTION_SETTING_S 0x0100a200         0x00000100         r
ID_CODE          0x00000000         0x00000000         xr
*default*        0x00000000         0xffffffff

Linker script and memory map

LOAD /home/truongchu/toolchains/bin/../lib/gcc/arm-none-eabi/13.3.1/thumb/v8-m.main+fp/hard/crti.o
LOAD /home/truongchu/toolchains/bin/../lib/gcc/arm-none-eabi/13.3.1/thumb/v8-m.main+fp/hard/crtbegin.o
LOAD /home/truongchu/toolchains/bin/../lib/gcc/arm-none-eabi/13.3.1/../../../../arm-none-eabi/lib/thumb/v8-m.main+fp/hard/crt0.o
START GROUP
LOAD ./src/hal_entry.o
LOAD ./ra_gen/common_data.o
LOAD ./ra_gen/hal_data.o
LOAD ./ra_gen/main.o
LOAD ./ra_gen/pin_data.o
LOAD ./ra_gen/vector_data.o
LOAD ./ra/fsp/src/r_sci_uart/r_sci_uart.o
LOAD ./ra/fsp/src/r_ioport/r_ioport.o
LOAD ./ra/fsp/src/bsp/mcu/all/bsp_clocks.o
LOAD ./ra/fsp/src/bsp/mcu/all/bsp_common.o
LOAD ./ra/fsp/src/bsp/mcu/all/bsp_delay.o
LOAD ./ra/fsp/src/bsp/mcu/all/bsp_group_irq.o
LOAD ./ra/fsp/src/bsp/mcu/all/bsp_guard.o
LOAD ./ra/fsp/src/bsp/mcu/all/bsp_io.o
LOAD ./ra/fsp/src/bsp/mcu/all/bsp_irq.o
LOAD ./ra/fsp/src/bsp/mcu/all/bsp_macl.o
LOAD ./ra/fsp/src/bsp/mcu/all/bsp_register_protection.o
LOAD ./ra/fsp/src/bsp/mcu/all/bsp_rom_registers.o
LOAD ./ra/fsp/src/bsp/mcu/all/bsp_sbrk.o
LOAD ./ra/fsp/src/bsp/mcu/all/bsp_sdram.o
LOAD ./ra/fsp/src/bsp/mcu/all/bsp_security.o
LOAD ./ra/fsp/src/bsp/cmsis/Device/RENESAS/Source/startup.o
LOAD ./ra/fsp/src/bsp/cmsis/Device/RENESAS/Source/system.o
LOAD ./ra/board/ra6m5_ck/board_init.o
LOAD ./ra/board/ra6m5_ck/board_leds.o
END GROUP
START GROUP
LOAD /home/truongchu/toolchains/bin/../lib/gcc/arm-none-eabi/13.3.1/thumb/v8-m.main+fp/hard/libgcc.a
LOAD /home/truongchu/toolchains/bin/../lib/gcc/arm-none-eabi/13.3.1/../../../../arm-none-eabi/lib/thumb/v8-m.main+fp/hard/libg_nano.a
LOAD /home/truongchu/toolchains/bin/../lib/gcc/arm-none-eabi/13.3.1/../../../../arm-none-eabi/lib/thumb/v8-m.main+fp/hard/libc_nano.a
END GROUP
START GROUP
LOAD /home/truongchu/toolchains/bin/../lib/gcc/arm-none-eabi/13.3.1/thumb/v8-m.main+fp/hard/libgcc.a
LOAD /home/truongchu/toolchains/bin/../lib/gcc/arm-none-eabi/13.3.1/../../../../arm-none-eabi/lib/thumb/v8-m.main+fp/hard/libc_nano.a
END GROUP
LOAD /home/truongchu/toolchains/bin/../lib/gcc/arm-none-eabi/13.3.1/thumb/v8-m.main+fp/hard/crtend.o
LOAD /home/truongchu/toolchains/bin/../lib/gcc/arm-none-eabi/13.3.1/thumb/v8-m.main+fp/hard/crtn.o
                0x20000000                        RAM_START = 0x20000000
                0x00080000                        RAM_LENGTH = 0x80000
                0x00000000                        FLASH_START = 0x0
                0x00200000                        FLASH_LENGTH = 0x200000
                0x08000000                        DATA_FLASH_START = 0x8000000
                0x00002000                        DATA_FLASH_LENGTH = 0x2000
                0x0100a100                        OPTION_SETTING_START = 0x100a100
                0x00000100                        OPTION_SETTING_LENGTH = 0x100
                0x0100a200                        OPTION_SETTING_S_START = 0x100a200
                0x00000100                        OPTION_SETTING_S_LENGTH = 0x100
                0x00000000                        ID_CODE_START = 0x0
                0x00000000                        ID_CODE_LENGTH = 0x0
                0x80010000                        SDRAM_START = 0x80010000
                0x00000000                        SDRAM_LENGTH = 0x0
                0x60000000                        QSPI_FLASH_START = 0x60000000
                0x04000000                        QSPI_FLASH_LENGTH = 0x4000000
                0x68000000                        OSPI_DEVICE_0_START = 0x68000000
                0x08000000                        OSPI_DEVICE_0_LENGTH = 0x8000000
                0x70000000                        OSPI_DEVICE_1_START = 0x70000000
                0x10000000                        OSPI_DEVICE_1_LENGTH = 0x10000000
                0x04000000                        QSPI_FLASH_PRV_LENGTH = DEFINED (QSPI_FLASH_SIZE)?ABSOLUTE (QSPI_FLASH_SIZE):ABSOLUTE (QSPI_FLASH_LENGTH)
                0x08000000                        OSPI_DEVICE_0_PRV_LENGTH = DEFINED (OSPI_DEVICE_0_SIZE)?ABSOLUTE (OSPI_DEVICE_0_SIZE):ABSOLUTE (OSPI_DEVICE_0_LENGTH)
                0x10000000                        OSPI_DEVICE_1_PRV_LENGTH = DEFINED (OSPI_DEVICE_1_SIZE)?ABSOLUTE (OSPI_DEVICE_1_SIZE):ABSOLUTE (OSPI_DEVICE_1_LENGTH)
                0x00000000                        __RESERVE_NS_RAM = ((! (DEFINED (PROJECT_NONSECURE)) && DEFINED (RAM_NS_BUFFER_LENGTH)) && (OPTION_SETTING_S_LENGTH != 0x0))
                0x00000000                        ITCM_START = DEFINED (ITCM_START)?ITCM_START:0x0
                0x00000000                        ITCM_LENGTH = DEFINED (ITCM_LENGTH)?ITCM_LENGTH:0x0
                0x00000000                        DTCM_START = DEFINED (DTCM_START)?DTCM_START:0x0
                0x00000000                        DTCM_LENGTH = DEFINED (DTCM_LENGTH)?DTCM_LENGTH:0x0
                0x00000000                        RAM_NS_BUFFER_BLOCK_LENGTH = DEFINED (RAM_NS_BUFFER_LENGTH)?ALIGN (RAM_NS_BUFFER_LENGTH, 0x2000):0x0
                0x00000000                        RAM_NS_BUFFER_LENGTH = DEFINED (RAM_NS_BUFFER_LENGTH)?RAM_NS_BUFFER_LENGTH:0x0
                0x20080000                        RAM_NS_BUFFER_START = ((RAM_START + RAM_LENGTH) - RAM_NS_BUFFER_LENGTH)
                0x20080000                        RAM_NS_BUFFER_BLOCK_START = ((RAM_START + RAM_LENGTH) - RAM_NS_BUFFER_BLOCK_LENGTH)
                0x0100a180                        OPTION_SETTING_START_NS = DEFINED (PROJECT_NONSECURE)?OPTION_SETTING_START:(OPTION_SETTING_START + 0x80)
                0x00000001                        __bl_FSP_BOOTABLE_IMAGE = 0x1
                0x00000001                        __bln_FSP_BOOTABLE_IMAGE = 0x1
                0x00000001                        PROJECT_SECURE_OR_FLAT = (((! (DEFINED (PROJECT_NONSECURE)) || DEFINED (PROJECT_SECURE)) && OPTION_SETTING_LENGTH) && ! (DEFINED (FSP_BOOTABLE_IMAGE)))
                0x00000000                        USE_OPTION_SETTING_NS = (DEFINED (PROJECT_NONSECURE) && ! (DEFINED (FSP_BOOTABLE_IMAGE)))
                0x00000000                        __bl_FLASH_IMAGE_START = ! (DEFINED (FLASH_BOOTLOADER_LENGTH))?0x0:(FLASH_APPLICATION_IMAGE_NUMBER == 0x1)?((FLASH_START + FLASH_BOOTLOADER_LENGTH) + FLASH_BOOTLOADER_HEADER_LENGTH):(DEFINED (BOOTLOADER_SECONDARY_USE_QSPI) || DEFINED (BOOTLOADER_SECONDARY_USE_OSPI_B))?(((FLASH_START + FLASH_BOOTLOADER_LENGTH) + FLASH_BOOTLOADER_SCRATCH_LENGTH) + FLASH_BOOTLOADER_HEADER_LENGTH):((((FLASH_START + FLASH_BOOTLOADER_LENGTH) + FLASH_BOOTLOADER_SCRATCH_LENGTH) + FLASH_APPLICATION_S_LENGTH) + FLASH_BOOTLOADER_HEADER_LENGTH)
                0x00000000                        __bl_FLASH_IMAGE_LENGTH = ! (DEFINED (FLASH_BOOTLOADER_LENGTH))?0x0:(FLASH_APPLICATION_S_LENGTH - FLASH_BOOTLOADER_HEADER_LENGTH)
                0x00000000                        __bl_FLASH_IMAGE_END = (__bl_FLASH_IMAGE_START + __bl_FLASH_IMAGE_LENGTH)
                0x00000000                        __bl_XIP_SECONDARY_FLASH_IMAGE_START = ! (DEFINED (FLASH_BOOTLOADER_LENGTH))?0x0:((FLASH_BOOTLOADER_LENGTH + FLASH_APPLICATION_S_LENGTH) + FLASH_BOOTLOADER_HEADER_LENGTH)
                0x00000000                        __bl_XIP_SECONDARY_FLASH_IMAGE_END = (__bl_XIP_SECONDARY_FLASH_IMAGE_START + __bl_FLASH_IMAGE_LENGTH)
                0x00000000                        __bl_FLASH_NS_START = ! (DEFINED (FLASH_BOOTLOADER_LENGTH))?0x0:(FLASH_APPLICATION_NS_LENGTH == 0x0)?__bl_FLASH_IMAGE_END:((__bl_FLASH_IMAGE_START - FLASH_BOOTLOADER_HEADER_LENGTH) + FLASH_APPLICATION_S_LENGTH)
                0x00000000                        __bl_FLASH_NSC_START = ! (DEFINED (FLASH_BOOTLOADER_LENGTH))?0x0:(FLASH_APPLICATION_NS_LENGTH == 0x0)?__bl_FLASH_IMAGE_END:(__bl_FLASH_IMAGE_END - FLASH_APPLICATION_NSC_LENGTH)
                0x00000000                        __bl_RAM_NS_START = ! (DEFINED (FLASH_BOOTLOADER_LENGTH))?0x0:(FLASH_APPLICATION_NS_LENGTH == 0x0)?(RAM_START + RAM_LENGTH):((RAM_START + RAM_LENGTH) - RAM_APPLICATION_NS_LENGTH)
                0x00000000                        __bl_RAM_NSC_START = ! (DEFINED (FLASH_BOOTLOADER_LENGTH))?0x0:(FLASH_APPLICATION_NS_LENGTH == 0x0)?(RAM_START + RAM_LENGTH):(__bl_RAM_NS_START - RAM_APPLICATION_NSC_LENGTH)
                0x00000000                        __bl_FLASH_NS_IMAGE_START = ! (DEFINED (FLASH_BOOTLOADER_LENGTH))?0x0:(FLASH_APPLICATION_NS_LENGTH == 0x0)?__bl_FLASH_IMAGE_END:(__bl_FLASH_NS_START + FLASH_BOOTLOADER_HEADER_LENGTH_2)
                0x00000000                        __bln_FLASH_IMAGE_START = (__bl_FLASH_NS_IMAGE_START | ! (DEFINED (NS_OFFSET_START))?0x0:NS_OFFSET_START)
                0x00000000                        __bln_FLASH_IMAGE_LENGTH = ! (DEFINED (FLASH_BOOTLOADER_LENGTH))?0x0:(FLASH_APPLICATION_NS_LENGTH == 0x0)?__bl_FLASH_IMAGE_END:(FLASH_APPLICATION_NS_LENGTH - FLASH_BOOTLOADER_HEADER_LENGTH_2)
                0x00000000                        XIP_SECONDARY_SLOT_IMAGE = DEFINED (XIP_SECONDARY_SLOT_IMAGE)?XIP_SECONDARY_SLOT_IMAGE:0x0
                0x00000000                        FLASH_ORIGIN = ! (DEFINED (FLASH_IMAGE_START))?FLASH_START:(XIP_SECONDARY_SLOT_IMAGE == 0x1)?XIP_SECONDARY_FLASH_IMAGE_START:FLASH_IMAGE_START
                0x00200000                        LIMITED_FLASH_LENGTH = DEFINED (FLASH_IMAGE_LENGTH)?FLASH_IMAGE_LENGTH:DEFINED (FLASH_BOOTLOADER_LENGTH)?FLASH_BOOTLOADER_LENGTH:FLASH_LENGTH
                0x00000034                        OPTION_SETTING_SAS_SIZE = 0x34
                0x000000cc                        OPTION_SETTING_SAS_LENGTH = ! (DEFINED (OPTION_SETTING_LENGTH))?0x0:(OPTION_SETTING_LENGTH == 0x0)?0x0:(OPTION_SETTING_LENGTH - OPTION_SETTING_SAS_SIZE)
START GROUP
LOAD /home/truongchu/toolchains/bin/../lib/gcc/arm-none-eabi/13.3.1/thumb/v8-m.main+fp/hard/libgcc.a
LOAD /home/truongchu/toolchains/bin/../lib/gcc/arm-none-eabi/13.3.1/../../../../arm-none-eabi/lib/thumb/v8-m.main+fp/hard/libc.a
LOAD /home/truongchu/toolchains/bin/../lib/gcc/arm-none-eabi/13.3.1/../../../../arm-none-eabi/lib/thumb/v8-m.main+fp/hard/libm.a
END GROUP

.text           0x00000000     0x147c
                0x00000000                        __tz_FLASH_S = ABSOLUTE (FLASH_START)
                0x00000000                        __ROM_Start = .
 *(.fixed_vectors*)
 .fixed_vectors
                0x00000000       0x40 ./ra/fsp/src/bsp/cmsis/Device/RENESAS/Source/startup.o
                0x00000000                __Vectors
 *(.application_vectors*)
 .application_vectors
                0x00000040      0x180 ./ra_gen/vector_data.o
                0x00000040                g_vector_table
                0x000001c0                        __Vectors_End = .
 *(.flash_gap*)
                0x000001c0                        . = (OPTION_SETTING_LENGTH > 0x0)?.:(__ROM_Start + 0x400)
 *(.rom_registers*)
 *(.mcuboot_sce9_key*)
 *(.text*)
 .text.deregister_tm_clones
                0x000001c0       0x1c /home/truongchu/toolchains/bin/../lib/gcc/arm-none-eabi/13.3.1/thumb/v8-m.main+fp/hard/crtbegin.o
 .text.register_tm_clones
                0x000001dc       0x28 /home/truongchu/toolchains/bin/../lib/gcc/arm-none-eabi/13.3.1/thumb/v8-m.main+fp/hard/crtbegin.o
 .text.__do_global_dtors_aux
                0x00000204       0x28 /home/truongchu/toolchains/bin/../lib/gcc/arm-none-eabi/13.3.1/thumb/v8-m.main+fp/hard/crtbegin.o
 .text.frame_dummy
                0x0000022c       0x24 /home/truongchu/toolchains/bin/../lib/gcc/arm-none-eabi/13.3.1/thumb/v8-m.main+fp/hard/crtbegin.o
 .text.hal_entry
                0x00000250      0x1d4 ./src/hal_entry.o
                0x00000250                hal_entry
 .text.R_BSP_WarmStart
                0x00000424       0x18 ./src/hal_entry.o
                0x00000424                R_BSP_WarmStart
 .text.user_uart_callback
                0x0000043c       0x14 ./src/hal_entry.o
                0x0000043c                user_uart_callback
 .text.startup.main
                0x00000450        0xc ./ra_gen/main.o
                0x00000450                main
 .text.R_SCI_UART_Write
                0x0000045c       0x50 ./ra/fsp/src/r_sci_uart/r_sci_uart.o
                0x0000045c                R_SCI_UART_Write
 .text.r_sci_uart_call_callback
                0x000004ac       0x44 ./ra/fsp/src/r_sci_uart/r_sci_uart.o
 .text.R_SCI_UART_Open
                0x000004f0      0x3a0 ./ra/fsp/src/r_sci_uart/r_sci_uart.o
                0x000004f0                R_SCI_UART_Open
 .text.sci_uart_txi_isr
                0x00000890       0x8c ./ra/fsp/src/r_sci_uart/r_sci_uart.o
                0x00000890                sci_uart_txi_isr
 .text.sci_uart_rxi_isr
                0x0000091c       0x90 ./ra/fsp/src/r_sci_uart/r_sci_uart.o
                0x0000091c                sci_uart_rxi_isr
 .text.sci_uart_tei_isr
                0x000009ac       0x48 ./ra/fsp/src/r_sci_uart/r_sci_uart.o
                0x000009ac                sci_uart_tei_isr
 .text.sci_uart_eri_isr
                0x000009f4       0x78 ./ra/fsp/src/r_sci_uart/r_sci_uart.o
                0x000009f4                sci_uart_eri_isr
 .text.bsp_vbatt_init
                0x00000a6c       0x9c ./ra/fsp/src/r_ioport/r_ioport.o
 .text.r_ioport_pins_config
                0x00000b08       0xac ./ra/fsp/src/r_ioport/r_ioport.o
 .text.R_IOPORT_Open
                0x00000bb4       0x14 ./ra/fsp/src/r_ioport/r_ioport.o
                0x00000bb4                R_IOPORT_Open
 .text.SystemCoreClockUpdate
                0x00000bc8       0x28 ./ra/fsp/src/bsp/mcu/all/bsp_clocks.o
                0x00000bc8                SystemCoreClockUpdate
 .text.bsp_clock_init
                0x00000bf0       0xec ./ra/fsp/src/bsp/mcu/all/bsp_clocks.o
                0x00000bf0                bsp_clock_init
 .text.R_BSP_Init_RTC
                0x00000cdc       0x28 ./ra/fsp/src/bsp/mcu/all/bsp_clocks.o
                0x00000cdc                R_BSP_Init_RTC
 .text.bsp_prv_software_delay_loop
                0x00000d04        0xc ./ra/fsp/src/bsp/mcu/all/bsp_delay.o
                0x00000d04                bsp_prv_software_delay_loop
 .text.R_BSP_SoftwareDelay
                0x00000d10       0x58 ./ra/fsp/src/bsp/mcu/all/bsp_delay.o
                0x00000d10                R_BSP_SoftwareDelay
 .text.NMI_Handler
                0x00000d68       0x3c ./ra/fsp/src/bsp/mcu/all/bsp_group_irq.o
                0x00000d68                NMI_Handler
 .text.bsp_irq_cfg
                0x00000da4       0xa4 ./ra/fsp/src/bsp/mcu/all/bsp_irq.o
                0x00000da4                bsp_irq_cfg
 .text.R_BSP_RegisterProtectEnable
                0x00000e48       0x60 ./ra/fsp/src/bsp/mcu/all/bsp_register_protection.o
                0x00000e48                R_BSP_RegisterProtectEnable
 .text.R_BSP_RegisterProtectDisable
                0x00000ea8       0x54 ./ra/fsp/src/bsp/mcu/all/bsp_register_protection.o
                0x00000ea8                R_BSP_RegisterProtectDisable
 .text.Default_Handler
                0x00000efc        0x4 ./ra/fsp/src/bsp/cmsis/Device/RENESAS/Source/startup.o
                0x00000efc                DebugMon_Handler
                0x00000efc                HardFault_Handler
                0x00000efc                SysTick_Handler
                0x00000efc                PendSV_Handler
                0x00000efc                UsageFault_Handler
                0x00000efc                SecureFault_Handler
                0x00000efc                Default_Handler
                0x00000efc                MemManage_Handler
                0x00000efc                SVC_Handler
                0x00000efc                BusFault_Handler
 .text.Reset_Handler
                0x00000f00        0xc ./ra/fsp/src/bsp/cmsis/Device/RENESAS/Source/startup.o
                0x00000f00                Reset_Handler
 .text.SystemInit
                0x00000f0c       0xe0 ./ra/fsp/src/bsp/cmsis/Device/RENESAS/Source/system.o
                0x00000f0c                SystemInit
 .text.bsp_init
                0x00000fec        0x4 ./ra/board/ra6m5_ck/board_init.o
                0x00000fec                bsp_init
 .text.memset   0x00000ff0       0x10 /home/truongchu/toolchains/bin/../lib/gcc/arm-none-eabi/13.3.1/../../../../arm-none-eabi/lib/thumb/v8-m.main+fp/hard/libg_nano.a(libc_a-memset.o)
                0x00000ff0                memset
 .text.memcpy   0x00001000       0x1a /home/truongchu/toolchains/bin/../lib/gcc/arm-none-eabi/13.3.1/../../../../arm-none-eabi/lib/thumb/v8-m.main+fp/hard/libg_nano.a(libc_a-memcpy-stub.o)
                0x00001000                memcpy
 .text          0x0000101a       0x10 /home/truongchu/toolchains/bin/../lib/gcc/arm-none-eabi/13.3.1/../../../../arm-none-eabi/lib/thumb/v8-m.main+fp/hard/libg_nano.a(libc_a-strlen.o)
                0x0000101a                strlen
 *(.version)
 *fill*         0x0000102a        0x2 ff
 .version       0x0000102c       0x50 ./ra/fsp/src/bsp/mcu/all/bsp_common.o
 *(.init)
 .init          0x0000107c        0x4 /home/truongchu/toolchains/bin/../lib/gcc/arm-none-eabi/13.3.1/thumb/v8-m.main+fp/hard/crti.o
                0x0000107c                _init
 .init          0x00001080        0x8 /home/truongchu/toolchains/bin/../lib/gcc/arm-none-eabi/13.3.1/thumb/v8-m.main+fp/hard/crtn.o
 *(.fini)
 .fini          0x00001088        0x4 /home/truongchu/toolchains/bin/../lib/gcc/arm-none-eabi/13.3.1/thumb/v8-m.main+fp/hard/crti.o
                0x00001088                _fini
 .fini          0x0000108c        0x8 /home/truongchu/toolchains/bin/../lib/gcc/arm-none-eabi/13.3.1/thumb/v8-m.main+fp/hard/crtn.o
 *crtbegin.o(.ctors)
 *crtbegin?.o(.ctors)
 *(EXCLUDE_FILE(*crtend.o *crtend?.o) .ctors)
 *(SORT_BY_NAME(.ctors.*))
 *(.ctors)
 *crtbegin.o(.dtors)
 *crtbegin?.o(.dtors)
 *(EXCLUDE_FILE(*crtend.o *crtend?.o) .dtors)
 *(SORT_BY_NAME(.dtors.*))
 *(.dtors)
 *(.rodata*)
 .rodata.hal_entry.str1.4
                0x00001094       0x18 ./src/hal_entry.o
 .rodata.g_uart0_cfg
                0x000010ac       0x20 ./ra_gen/hal_data.o
                0x000010ac                g_uart0_cfg
 .rodata.g_uart0_cfg_extend
                0x000010cc       0x14 ./ra_gen/hal_data.o
                0x000010cc                g_uart0_cfg_extend
 .rodata.g_bsp_pin_cfg
                0x000010e0        0xc ./ra_gen/pin_data.o
                0x000010e0                g_bsp_pin_cfg
 .rodata.g_bsp_pin_cfg_data
                0x000010ec      0x280 ./ra_gen/pin_data.o
                0x000010ec                g_bsp_pin_cfg_data
 .rodata.g_interrupt_event_link_select
                0x0000136c       0xc0 ./ra_gen/vector_data.o
                0x0000136c                g_interrupt_event_link_select
 .rodata.g_vbatt_pins_input
                0x0000142c        0x6 ./ra/fsp/src/r_ioport/r_ioport.o
 *fill*         0x00001432        0x2 ff
 .rodata.g_prcr_masks
                0x00001434        0x8 ./ra/fsp/src/bsp/mcu/all/bsp_register_protection.o
 .rodata.g_bsp_leds
                0x0000143c        0x8 ./ra/board/ra6m5_ck/board_leds.o
                0x0000143c                g_bsp_leds
 .rodata.g_bsp_prv_leds
                0x00001444        0xc ./ra/board/ra6m5_ck/board_leds.o
                0x00001450                        __usb_dev_descriptor_start_fs = .
 *(.usb_device_desc_fs*)
                0x00001450                        __usb_cfg_descriptor_start_fs = .
 *(.usb_config_desc_fs*)
                0x00001450                        __usb_interface_descriptor_start_fs = .
 *(.usb_interface_desc_fs*)
                0x00001450                        __usb_descriptor_end_fs = .
                0x00001450                        __usb_dev_descriptor_start_hs = .
 *(.usb_device_desc_hs*)
                0x00001450                        __usb_cfg_descriptor_start_hs = .
 *(.usb_config_desc_hs*)
                0x00001450                        __usb_interface_descriptor_start_hs = .
 *(.usb_interface_desc_hs*)
                0x00001450                        __usb_descriptor_end_hs = .
 *(.eh_frame*)
 .eh_frame      0x00001450        0x0 /home/truongchu/toolchains/bin/../lib/gcc/arm-none-eabi/13.3.1/thumb/v8-m.main+fp/hard/crtbegin.o
 .eh_frame      0x00001450       0x28 /home/truongchu/toolchains/bin/../lib/gcc/arm-none-eabi/13.3.1/../../../../arm-none-eabi/lib/thumb/v8-m.main+fp/hard/libg_nano.a(libc_a-strlen.o)
 .eh_frame      0x00001478        0x4 /home/truongchu/toolchains/bin/../lib/gcc/arm-none-eabi/13.3.1/thumb/v8-m.main+fp/hard/crtend.o
                0x0000147c                        __ROM_End = .
                0x000001c0                        __Vectors_Size = (__Vectors_End - __Vectors)

.glue_7         0x0000147c        0x0
 .glue_7        0x0000147c        0x0 linker stubs

.glue_7t        0x0000147c        0x0
 .glue_7t       0x0000147c        0x0 linker stubs

.vfp11_veneer   0x0000147c        0x0
 .vfp11_veneer  0x0000147c        0x0 linker stubs

.v4_bx          0x0000147c        0x0
 .v4_bx         0x0000147c        0x0 linker stubs

.iplt           0x0000147c        0x0
 .iplt          0x0000147c        0x0 /home/truongchu/toolchains/bin/../lib/gcc/arm-none-eabi/13.3.1/thumb/v8-m.main+fp/hard/crtbegin.o
                0x0000147c                        . = .
                0x0000147c                        __itcm_data_pre_location = .

.itcm_data      0x00000000        0x0 load address 0x00001480
                0x00000000                        __tz_ITCM_S = ABSOLUTE (ITCM_START)
                0x00000000                        __itcm_data_start = .
 *(.itcm_data*)
                0x00000000                        . = ALIGN (0x8)
                0x00000000                        __itcm_data_end = .
                0x00000000                        __tz_ITCM_N = DEFINED (ITCM_NS_START)?ABSOLUTE (ITCM_NS_START):ALIGN (__itcm_data_end, 0x2000)
                0x00001480                        __itcm_data_init_start = LOADADDR (.itcm_data)
                0x00001480                        __itcm_data_init_end = (LOADADDR (.itcm_data) + SIZEOF (.itcm_data))
                0x00000001                        ASSERT (((ORIGIN (ITCM) % 0x8) == 0x0), ITCM memory region origin must be aligned to 8 bytes.)
                0x00000001                        ASSERT (((LENGTH (ITCM) % 0x8) == 0x0), ITCM memory region length must be a multiple of 8 bytes.)
                0x00000001                        ASSERT (((LOADADDR (.itcm_data) % 0x10) == 0x0), .itcm_data section must be aligned to 16 bytes.)
                0x00000001                        ASSERT (((SIZEOF (.itcm_data) % 0x8) == 0x0), .itcm_data section size must be a multiple of 8 bytes.)
                0x0000147c                        . = (SIZEOF (.itcm_data) > 0x0)?__itcm_data_init_end:__itcm_data_pre_location
                0x0000147c                        __exidx_start = .

/DISCARD/
 *(.ARM.extab* .gnu.linkonce.armextab.*)
 *(.ARM.exidx* .gnu.linkonce.armexidx.*)
                0x0000147c                        __exidx_end = .
                0x0000147c                        __etext = .
                0x20000000                        __tz_RAM_S = ORIGIN (RAM)

.fsp_dtc_vector_table
                0x20000000        0x0
                0x20000000                        . = ORIGIN (RAM)
 *(.fsp_dtc_vector_table)

.data           0x20000000        0xc load address 0x0000147c
                0x20000000                        __data_start__ = .
                0x20000000                        . = ALIGN (0x4)
                0x20000000                        __Code_In_RAM_Start = .
 *(.code_in_ram*)
                0x20000000                        __Code_In_RAM_End = .
 *(vtable)
 *(.data.*)
 .data.g_uart0_baud_setting
                0x20000000        0x4 ./ra_gen/hal_data.o
                0x20000000                g_uart0_baud_setting
 *(.data)
                0x20000004                        . = ALIGN (0x4)
                0x20000004                        PROVIDE (__preinit_array_start = .)
 *(.preinit_array)
                0x20000004                        PROVIDE (__preinit_array_end = .)
                0x20000004                        . = ALIGN (0x4)
                0x20000004                        PROVIDE (__init_array_start = .)
 *(SORT_BY_NAME(.init_array.*))
 *(.init_array)
 .init_array    0x20000004        0x4 /home/truongchu/toolchains/bin/../lib/gcc/arm-none-eabi/13.3.1/thumb/v8-m.main+fp/hard/crtbegin.o
                0x20000008                        PROVIDE (__init_array_end = .)
                0x20000008                        . = ALIGN (0x4)
                [!provide]                        PROVIDE (__fini_array_start = .)
 *(SORT_BY_NAME(.fini_array.*))
 *(.fini_array)
 .fini_array    0x20000008        0x4 /home/truongchu/toolchains/bin/../lib/gcc/arm-none-eabi/13.3.1/thumb/v8-m.main+fp/hard/crtbegin.o
                [!provide]                        PROVIDE (__fini_array_end = .)
 *(.jcr*)
                0x2000000c                        . = ALIGN (0x4)
                0x2000000c                        __data_end__ = .

.tm_clone_table
                0x2000000c        0x0 load address 0x00001488
 .tm_clone_table
                0x2000000c        0x0 /home/truongchu/toolchains/bin/../lib/gcc/arm-none-eabi/13.3.1/thumb/v8-m.main+fp/hard/crtbegin.o
 .tm_clone_table
                0x2000000c        0x0 /home/truongchu/toolchains/bin/../lib/gcc/arm-none-eabi/13.3.1/thumb/v8-m.main+fp/hard/crtend.o

.igot.plt       0x2000000c        0x0 load address 0x00001488
 .igot.plt      0x2000000c        0x0 /home/truongchu/toolchains/bin/../lib/gcc/arm-none-eabi/13.3.1/thumb/v8-m.main+fp/hard/crtbegin.o
                0x2000000c                        . = .
                0x00001488                        __dtcm_data_pre_location = (LOADADDR (.data) + SIZEOF (.data))

.dtcm_data      0x00000000        0x0 load address 0x00001490
                0x00000000                        __tz_DTCM_S = ABSOLUTE (DTCM_START)
                0x00000000                        __dtcm_data_start = .
 *(.dtcm_data*)
                0x00000000                        . = ALIGN (0x8)
                0x00000000                        __dtcm_data_end = .
                0x00000000                        . = __dtcm_data_end

.dtcm_bss       0x00000000        0x0
                0x00000000                        __dtcm_bss_start = .
 *(.dtcm_bss*)
                0x00000000                        . = ALIGN (0x8)
                0x00000000                        __dtcm_bss_end = .
                0x00000000                        __tz_DTCM_N = DEFINED (DTCM_NS_START)?ABSOLUTE (DTCM_NS_START):ALIGN (__dtcm_bss_end, 0x2000)
                0x00001490                        __dtcm_data_init_start = LOADADDR (.dtcm_data)
                0x00001490                        __dtcm_data_init_end = (LOADADDR (.dtcm_data) + SIZEOF (.dtcm_data))
                0x00000001                        ASSERT (((ORIGIN (DTCM) % 0x8) == 0x0), DTCM memory region origin must be aligned to 8 bytes.)
                0x00000001                        ASSERT (((LENGTH (DTCM) % 0x8) == 0x0), DTCM memory region length must be a multiple of 8 bytes.)
                0x00000001                        ASSERT ((LOADADDR (.dtcm_bss) == ADDR (.dtcm_bss)), .dtcm_bss has (VMA != LMA) but should be NOLOAD (VMA == LMA).)
                0x00000001                        ASSERT (((LOADADDR (.dtcm_data) % 0x10) == 0x0), .dtcm_data section must be aligned to 16 bytes.)
                0x00000001                        ASSERT (((SIZEOF (.dtcm_data) % 0x8) == 0x0), .dtcm_data section size must be a multiple of 8 bytes.)
                0x00000001                        ASSERT (((LOADADDR (.dtcm_bss) % 0x8) == 0x0), .dtcm_bss section must be aligned to 8 bytes.)
                0x00000001                        ASSERT (((SIZEOF (.dtcm_bss) % 0x8) == 0x0), .dtcm_bss section size must be a multiple of 8 bytes.)
                0x00000001                        ASSERT ((__dtcm_bss_start == __dtcm_data_end), .dtcm_bss section is not adjacent to .dtcm_data section.)
                0x00001488                        . = (SIZEOF (.dtcm_data) > 0x0)?__dtcm_data_init_end:__dtcm_data_pre_location
                0x00001488                        sgstubs_pre_location = .
                0x00001800                        SGSTUBS_LOC = (DEFINED (PROJECT_SECURE) && DEFINED (FLASH_NSC_START))?ABSOLUTE (FLASH_NSC_START):ALIGN (0x400)

.gnu.sgstubs    0x00001800        0x0
                0x00001800                        __tz_FLASH_C = DEFINED (FLASH_NSC_START)?ABSOLUTE (FLASH_NSC_START):__RESERVE_NS_RAM?ABSOLUTE ((FLASH_START + FLASH_LENGTH)):ALIGN (0x400)
                0x00001800                        _start_sg = .
 *(.gnu.sgstubs*)
                0x00001800                        . = ALIGN (0x20)
                0x00001800                        _end_sg = .
                0x00008000                        __tz_FLASH_N = DEFINED (FLASH_NS_START)?ABSOLUTE (FLASH_NS_START):__RESERVE_NS_RAM?ABSOLUTE ((FLASH_START + FLASH_LENGTH)):(FLASH_LENGTH < 0x8000)?FLASH_LENGTH:ALIGN (0x8000)
                0x00008000                        FLASH_NS_IMAGE_START = DEFINED (FLASH_NS_IMAGE_START)?FLASH_NS_IMAGE_START:__tz_FLASH_N
                0x60000000                        __tz_QSPI_FLASH_S = ORIGIN (QSPI_FLASH)

.qspi_flash     0x60000000        0x0
                0x60000000                        __qspi_flash_start__ = .
 *(.qspi_flash*)
 *(.code_in_qspi*)
                0x60000000                        __qspi_flash_end__ = .
                0x00000000                        __qspi_flash_code_size__ = (__qspi_flash_end__ - __qspi_flash_start__)
                0x00001488                        __qspi_flash_code_addr__ = sgstubs_pre_location

.qspi_non_retentive
                0x60000000        0x0 load address 0x00001488
                0x60000000                        __qspi_non_retentive_start__ = .
 *(.qspi_non_retentive*)
                0x60000000                        __qspi_non_retentive_end__ = .
                0x00000000                        __qspi_non_retentive_size__ = (__qspi_non_retentive_end__ - __qspi_non_retentive_start__)
                0x04000000                        __qspi_region_max_size__ = 0x4000000
                0x60000000                        __qspi_region_start_address__ = __qspi_flash_start__
                0x64000000                        __qspi_region_end_address__ = (__qspi_flash_start__ + __qspi_region_max_size__)
                0x60000000                        __tz_QSPI_FLASH_N = __qspi_non_retentive_end__

.OSPI_DEVICE_0_NO_LOAD
                0x68000000        0x0
                0x68000000                        . = ALIGN (0x4)
                0x68000000                        __ospi_device_0_start__ = .
 *(.ospi_device_0_no_load*)
                0x68000000                        . = ALIGN (0x4)
                0x68000000                        __ospi_device_0_end__ = .

.OSPI_DEVICE_1_NO_LOAD
                0x70000000        0x0
                0x70000000                        . = ALIGN (0x4)
                0x70000000                        __ospi_device_1_start__ = .
 *(.ospi_device_1_no_load*)
                0x70000000                        . = ALIGN (0x4)
                0x70000000                        __ospi_device_1_end__ = .
                0x68000000                        __tz_OSPI_DEVICE_0_S = ORIGIN (OSPI_DEVICE_0)

.OSPI_DEVICE_0  0x68000000        0x0
                0x68000000                        __ospi_device_0_start__ = .
 *(.ospi_device_0*)
 *(.code_in_ospi_device_0*)
                0x68000000                        __ospi_device_0_end__ = .
                0x00000000                        __ospi_device_0_code_size__ = (__ospi_device_0_end__ - __ospi_device_0_start__)
                0x00001488                        __ospi_device_0_code_addr__ = (sgstubs_pre_location + SIZEOF (.qspi_non_retentive))

.ospi_device_0_non_retentive
                0x68000000        0x0 load address 0x00001488
                0x68000000                        __ospi_device_0_non_retentive_start__ = .
 *(.ospi_device_0_non_retentive*)
                0x68000000                        __ospi_device_0_non_retentive_end__ = .
                0x00000000                        __ospi_device_0_non_retentive_size__ = (__ospi_device_0_non_retentive_end__ - __ospi_device_0_non_retentive_start__)
                0x08000000                        __ospi_device_0_region_max_size__ = 0x8000000
                0x68000000                        __ospi_device_0_region_start_address__ = __ospi_device_0_start__
                0x70000000                        __ospi_device_0_region_end_address__ = (__ospi_device_0_start__ + __ospi_device_0_region_max_size__)
                0x68000000                        __tz_OSPI_DEVICE_0_N = __ospi_device_0_non_retentive_end__
                0x70000000                        __tz_OSPI_DEVICE_1_S = ORIGIN (OSPI_DEVICE_1)

.OSPI_DEVICE_1  0x70000000        0x0
                0x70000000                        __ospi_device_1_start__ = .
 *(.ospi_device_1*)
 *(.code_in_ospi_device_1*)
                0x70000000                        __ospi_device_1_end__ = .
                0x00000000                        __ospi_device_1_code_size__ = (__ospi_device_1_end__ - __ospi_device_1_start__)
                0x00001488                        __ospi_device_1_code_addr__ = (sgstubs_pre_location + (SIZEOF (.qspi_non_retentive) + SIZEOF (.ospi_device_0_non_retentive)))

.ospi_device_1_non_retentive
                0x70000000        0x0 load address 0x00001488
                0x70000000                        __ospi_device_1_non_retentive_start__ = .
 *(.ospi_device_1_non_retentive*)
                0x70000000                        __ospi_device_1_non_retentive_end__ = .
                0x00000000                        __ospi_device_1_non_retentive_size__ = (__ospi_device_1_non_retentive_end__ - __ospi_device_1_non_retentive_start__)
                0x10000000                        __ospi_device_1_region_max_size__ = 0x10000000
                0x70000000                        __ospi_device_1_region_start_address__ = __ospi_device_1_start__
                0x80000000                        __ospi_device_1_region_end_address__ = (__ospi_device_1_start__ + __ospi_device_1_region_max_size__)
                0x70000000                        __tz_OSPI_DEVICE_1_N = __ospi_device_1_non_retentive_end__

.noinit         0x2000000c       0x1c
                0x2000000c                        . = ALIGN (0x4)
                0x2000000c                        __noinit_start = .
 *(.noinit*)
 .noinit        0x2000000c       0x1c ./ra/fsp/src/bsp/mcu/all/bsp_clocks.o
                0x20000028                        . = ALIGN (0x8)
 *(.heap.*)
                0x20000028                        __noinit_end = .

.bss            0x20000028      0x228
                0x20000028                        . = ALIGN (0x4)
                0x20000028                        __bss_start__ = .
 *(.bss*)
 .bss.completed.1
                0x20000028        0x1 /home/truongchu/toolchains/bin/../lib/gcc/arm-none-eabi/13.3.1/thumb/v8-m.main+fp/hard/crtbegin.o
 *fill*         0x20000029        0x3 
 .bss.object.0  0x2000002c       0x18 /home/truongchu/toolchains/bin/../lib/gcc/arm-none-eabi/13.3.1/thumb/v8-m.main+fp/hard/crtbegin.o
 .bss.is_transfer_complete
                0x20000044        0x1 ./src/hal_entry.o
 *fill*         0x20000045        0x3 
 .bss.g_ioport_ctrl
                0x20000048        0x8 ./ra_gen/common_data.o
                0x20000048                g_ioport_ctrl
 .bss.g_uart0_ctrl
                0x20000050       0x30 ./ra_gen/hal_data.o
                0x20000050                g_uart0_ctrl
 .bss.g_bsp_group_irq_sources
                0x20000080       0x40 ./ra/fsp/src/bsp/mcu/all/bsp_group_irq.o
                0x20000080                g_bsp_group_irq_sources
 .bss.g_protect_pfswe_counter
                0x200000c0        0x4 ./ra/fsp/src/bsp/mcu/all/bsp_io.o
                0x200000c0                g_protect_pfswe_counter
 .bss.gp_renesas_isr_context
                0x200000c4      0x180 ./ra/fsp/src/bsp/mcu/all/bsp_irq.o
                0x200000c4                gp_renesas_isr_context
 .bss.g_protect_counters
                0x20000244        0x8 ./ra/fsp/src/bsp/mcu/all/bsp_register_protection.o
                0x20000244                g_protect_counters
 .bss.SystemCoreClock
                0x2000024c        0x4 ./ra/fsp/src/bsp/cmsis/Device/RENESAS/Source/system.o
                0x2000024c                SystemCoreClock
 *(COMMON)
                0x20000250                        . = ALIGN (0x4)
                0x20000250                        __bss_end__ = .

.heap           0x20000250        0x0
                0x20000250                        . = ALIGN (0x8)
                0x20000250                        __HeapBase = .
 *(.heap)
                0x20000250                        __HeapLimit = .

.stack_dummy    0x20000250      0x400
                0x20000250                        . = ALIGN (0x8)
                0x20000250                        __StackLimit = .
 *(.stack)
 .stack         0x20000250      0x400 ./ra/fsp/src/bsp/cmsis/Device/RENESAS/Source/startup.o
                0x20000650                        __StackTop = .
 *(.stack*)
                0x20000650                        __StackTopAll = .
                0x20000650                        PROVIDE (__stack = __StackTopAll)
                0x20000650                        __RAM_segment_used_end__ = ALIGN (__StackTopAll, 0x4)
                0x20000800                        __tz_RAM_C = DEFINED (RAM_NSC_START)?ABSOLUTE ((RAM_NSC_START - RAM_NS_BUFFER_BLOCK_LENGTH)):__RESERVE_NS_RAM?ABSOLUTE (RAM_NS_BUFFER_BLOCK_START):ALIGN (__RAM_segment_used_end__, 0x400)
                0x20002000                        __tz_RAM_N = DEFINED (RAM_NS_START)?ABSOLUTE ((RAM_NS_START - RAM_NS_BUFFER_BLOCK_LENGTH)):__RESERVE_NS_RAM?ABSOLUTE (RAM_NS_BUFFER_BLOCK_START):ALIGN (__tz_RAM_C, 0x2000)

.ns_buffer      0x20000650        0x0
                0x20000650                        . = __RESERVE_NS_RAM?ABSOLUTE ((RAM_NS_BUFFER_START & 0xffffffe0)):.
 *(.ns_buffer*)

.data_flash     0x08000000        0x0
                0x08000000                        . = ORIGIN (DATA_FLASH)
                0x08000000                        __tz_DATA_FLASH_S = .
                0x08000000                        __Data_Flash_Start = .
 *(.data_flash*)
                0x08000000                        __Data_Flash_End = .
                0x08000000                        __tz_DATA_FLASH_N = DEFINED (DATA_FLASH_NS_START)?ABSOLUTE (DATA_FLASH_NS_START):__RESERVE_NS_RAM?ABSOLUTE ((DATA_FLASH_START + DATA_FLASH_LENGTH)):ALIGN (0x400)
                0x80010000                        __tz_SDRAM_S = ORIGIN (SDRAM)

.sdram          0x80010000        0x0
                0x80010000                        __SDRAM_Start = .
 *(.sdram*)
 *(.frame*)
                0x80010000                        __SDRAM_End = .
                0x80010000                        __tz_SDRAM_N = __SDRAM_End
                0x00000000                        __tz_ID_CODE_S = ORIGIN (ID_CODE)
                0x00000000                        __tz_ID_CODE_N = __tz_ID_CODE_S

.id_code        0x00000000        0x0
                0x00000000                        __ID_Code_Start = .
 *(.id_code*)
                0x00000000                        __ID_Code_End = .
                0x0100a100                        __tz_OPTION_SETTING_S = ORIGIN (OPTION_SETTING_OFS)

.option_setting_ofs
                0x0100a100       0x14
                0x0100a100                        __OPTION_SETTING_OFS_Start = .
 *(.option_setting_ofs0)
 .option_setting_ofs0
                0x0100a100        0x4 ./ra/fsp/src/bsp/mcu/all/bsp_rom_registers.o
                0x0100a104                        . = PROJECT_SECURE_OR_FLAT?(__OPTION_SETTING_OFS_Start + 0x4):__OPTION_SETTING_OFS_Start
 *(.option_setting_ofs2)
                0x0100a110                        . = PROJECT_SECURE_OR_FLAT?(__OPTION_SETTING_OFS_Start + 0x10):__OPTION_SETTING_OFS_Start
 *fill*         0x0100a104        0xc ff
 *(.option_setting_dualsel)
 .option_setting_dualsel
                0x0100a110        0x4 ./ra/fsp/src/bsp/mcu/all/bsp_rom_registers.o
                0x0100a114                        __OPTION_SETTING_OFS_End = .

.option_setting_sas
                0x0100a134        0x4
                0x0100a134                        __OPTION_SETTING_SAS_Start = .
 *(.option_setting_sas)
 .option_setting_sas
                0x0100a134        0x4 ./ra/fsp/src/bsp/mcu/all/bsp_rom_registers.o
                0x0100a138                        __OPTION_SETTING_SAS_End = .
                0x0100a180                        __tz_OPTION_SETTING_N = ABSOLUTE (OPTION_SETTING_START_NS)

.option_setting_ns
                0x0100a100        0x0
                0x0100a100                        __OPTION_SETTING_NS_Start = .
 *(.option_setting_ofs1)
                0x0100a100                        . = USE_OPTION_SETTING_NS?(__OPTION_SETTING_NS_Start + 0x4):__OPTION_SETTING_NS_Start
 *(.option_setting_ofs3)
                0x0100a100                        . = USE_OPTION_SETTING_NS?(__OPTION_SETTING_NS_Start + 0x10):__OPTION_SETTING_NS_Start
 *(.option_setting_banksel)
                0x0100a100                        . = USE_OPTION_SETTING_NS?(__OPTION_SETTING_NS_Start + 0x40):__OPTION_SETTING_NS_Start
 *(.option_setting_bps0)
                0x0100a100                        . = USE_OPTION_SETTING_NS?(__OPTION_SETTING_NS_Start + 0x44):__OPTION_SETTING_NS_Start
 *(.option_setting_bps1)
                0x0100a100                        . = USE_OPTION_SETTING_NS?(__OPTION_SETTING_NS_Start + 0x48):__OPTION_SETTING_NS_Start
 *(.option_setting_bps2)
                0x0100a100                        . = USE_OPTION_SETTING_NS?(__OPTION_SETTING_NS_Start + 0x4c):__OPTION_SETTING_NS_Start
 *(.option_setting_bps3)
                0x0100a100                        . = USE_OPTION_SETTING_NS?(__OPTION_SETTING_NS_Start + 0x60):__OPTION_SETTING_NS_Start
 *(.option_setting_pbps0)
                0x0100a100                        . = USE_OPTION_SETTING_NS?(__OPTION_SETTING_NS_Start + 0x64):__OPTION_SETTING_NS_Start
 *(.option_setting_pbps1)
                0x0100a100                        . = USE_OPTION_SETTING_NS?(__OPTION_SETTING_NS_Start + 0x68):__OPTION_SETTING_NS_Start
 *(.option_setting_pbps2)
                0x0100a100                        . = USE_OPTION_SETTING_NS?(__OPTION_SETTING_NS_Start + 0x6c):__OPTION_SETTING_NS_Start
 *(.option_setting_pbps3)
                0x0100a100                        __OPTION_SETTING_NS_End = .
                0x0100a200                        __tz_OPTION_SETTING_S_S = ORIGIN (OPTION_SETTING_S)

.option_setting_s
                0x0100a200       0xd0
                0x0100a200                        __OPTION_SETTING_S_Start = .
 *(.option_setting_ofs1_sec)
 .option_setting_ofs1_sec
                0x0100a200        0x4 ./ra/fsp/src/bsp/mcu/all/bsp_rom_registers.o
                0x0100a204                        . = PROJECT_SECURE_OR_FLAT?(__OPTION_SETTING_S_Start + 0x4):__OPTION_SETTING_S_Start
 *(.option_setting_ofs3_sec)
                0x0100a210                        . = PROJECT_SECURE_OR_FLAT?(__OPTION_SETTING_S_Start + 0x10):__OPTION_SETTING_S_Start
 *fill*         0x0100a204        0xc ff
 *(.option_setting_banksel_sec)
 .option_setting_banksel_sec
                0x0100a210        0x4 ./ra/fsp/src/bsp/mcu/all/bsp_rom_registers.o
                0x0100a240                        . = PROJECT_SECURE_OR_FLAT?(__OPTION_SETTING_S_Start + 0x40):__OPTION_SETTING_S_Start
 *fill*         0x0100a214       0x2c ff
 *(.option_setting_bps_sec0)
 .option_setting_bps_sec0
                0x0100a240        0x4 ./ra/fsp/src/bsp/mcu/all/bsp_rom_registers.o
                0x0100a244                        . = PROJECT_SECURE_OR_FLAT?(__OPTION_SETTING_S_Start + 0x44):__OPTION_SETTING_S_Start
 *(.option_setting_bps_sec1)
 .option_setting_bps_sec1
                0x0100a244        0x4 ./ra/fsp/src/bsp/mcu/all/bsp_rom_registers.o
                0x0100a248                        . = PROJECT_SECURE_OR_FLAT?(__OPTION_SETTING_S_Start + 0x48):__OPTION_SETTING_S_Start
 *(.option_setting_bps_sec2)
 .option_setting_bps_sec2
                0x0100a248        0x4 ./ra/fsp/src/bsp/mcu/all/bsp_rom_registers.o
                0x0100a24c                        . = PROJECT_SECURE_OR_FLAT?(__OPTION_SETTING_S_Start + 0x4c):__OPTION_SETTING_S_Start
 *(.option_setting_bps_sec3)
 .option_setting_bps_sec3
                0x0100a24c        0x4 ./ra/fsp/src/bsp/mcu/all/bsp_rom_registers.o
                0x0100a260                        . = PROJECT_SECURE_OR_FLAT?(__OPTION_SETTING_S_Start + 0x60):__OPTION_SETTING_S_Start
 *fill*         0x0100a250       0x10 ff
 *(.option_setting_pbps_sec0)
 .option_setting_pbps_sec0
                0x0100a260        0x4 ./ra/fsp/src/bsp/mcu/all/bsp_rom_registers.o
                0x0100a264                        . = PROJECT_SECURE_OR_FLAT?(__OPTION_SETTING_S_Start + 0x64):__OPTION_SETTING_S_Start
 *(.option_setting_pbps_sec1)
 .option_setting_pbps_sec1
                0x0100a264        0x4 ./ra/fsp/src/bsp/mcu/all/bsp_rom_registers.o
                0x0100a268                        . = PROJECT_SECURE_OR_FLAT?(__OPTION_SETTING_S_Start + 0x68):__OPTION_SETTING_S_Start
 *(.option_setting_pbps_sec2)
 .option_setting_pbps_sec2
                0x0100a268        0x4 ./ra/fsp/src/bsp/mcu/all/bsp_rom_registers.o
                0x0100a26c                        . = PROJECT_SECURE_OR_FLAT?(__OPTION_SETTING_S_Start + 0x6c):__OPTION_SETTING_S_Start
 *(.option_setting_pbps_sec3)
 .option_setting_pbps_sec3
                0x0100a26c        0x4 ./ra/fsp/src/bsp/mcu/all/bsp_rom_registers.o
                0x0100a280                        . = PROJECT_SECURE_OR_FLAT?(__OPTION_SETTING_S_Start + 0x80):__OPTION_SETTING_S_Start
 *fill*         0x0100a270       0x10 ff
 *(.option_setting_ofs1_sel)
 .option_setting_ofs1_sel
                0x0100a280        0x4 ./ra/fsp/src/bsp/mcu/all/bsp_rom_registers.o
                0x0100a284                        . = PROJECT_SECURE_OR_FLAT?(__OPTION_SETTING_S_Start + 0x84):__OPTION_SETTING_S_Start
 *(.option_setting_ofs3_sel)
                0x0100a290                        . = PROJECT_SECURE_OR_FLAT?(__OPTION_SETTING_S_Start + 0x90):__OPTION_SETTING_S_Start
 *fill*         0x0100a284        0xc ff
 *(.option_setting_banksel_sel)
 .option_setting_banksel_sel
                0x0100a290        0x4 ./ra/fsp/src/bsp/mcu/all/bsp_rom_registers.o
                0x0100a2c0                        . = PROJECT_SECURE_OR_FLAT?(__OPTION_SETTING_S_Start + 0xc0):__OPTION_SETTING_S_Start
 *fill*         0x0100a294       0x2c ff
 *(.option_setting_bps_sel0)
 .option_setting_bps_sel0
                0x0100a2c0        0x4 ./ra/fsp/src/bsp/mcu/all/bsp_rom_registers.o
                0x0100a2c4                        . = PROJECT_SECURE_OR_FLAT?(__OPTION_SETTING_S_Start + 0xc4):__OPTION_SETTING_S_Start
 *(.option_setting_bps_sel1)
 .option_setting_bps_sel1
                0x0100a2c4        0x4 ./ra/fsp/src/bsp/mcu/all/bsp_rom_registers.o
                0x0100a2c8                        . = PROJECT_SECURE_OR_FLAT?(__OPTION_SETTING_S_Start + 0xc8):__OPTION_SETTING_S_Start
 *(.option_setting_bps_sel2)
 .option_setting_bps_sel2
                0x0100a2c8        0x4 ./ra/fsp/src/bsp/mcu/all/bsp_rom_registers.o
                0x0100a2cc                        . = PROJECT_SECURE_OR_FLAT?(__OPTION_SETTING_S_Start + 0xcc):__OPTION_SETTING_S_Start
 *(.option_setting_bps_sel3)
 .option_setting_bps_sel3
                0x0100a2cc        0x4 ./ra/fsp/src/bsp/mcu/all/bsp_rom_registers.o
                0x0100a2d0                        __OPTION_SETTING_S_End = .
                0x0100a2d0                        __tz_OPTION_SETTING_S_N = __OPTION_SETTING_S_End
OUTPUT(UART.elf elf32-littlearm)
LOAD linker stubs

.rel.dyn        0x0100a2d0        0x0
 .rel.iplt      0x0100a2d0        0x0 /home/truongchu/toolchains/bin/../lib/gcc/arm-none-eabi/13.3.1/thumb/v8-m.main+fp/hard/crtbegin.o

.ARM.attributes
                0x00000000       0x36
 .ARM.attributes
                0x00000000       0x26 /home/truongchu/toolchains/bin/../lib/gcc/arm-none-eabi/13.3.1/thumb/v8-m.main+fp/hard/crti.o
 .ARM.attributes
                0x00000026       0x38 /home/truongchu/toolchains/bin/../lib/gcc/arm-none-eabi/13.3.1/thumb/v8-m.main+fp/hard/crtbegin.o
 .ARM.attributes
                0x0000005e       0x3a ./src/hal_entry.o
 .ARM.attributes
                0x00000098       0x3a ./ra_gen/common_data.o
 .ARM.attributes
                0x000000d2       0x3a ./ra_gen/hal_data.o
 .ARM.attributes
                0x0000010c       0x3a ./ra_gen/main.o
 .ARM.attributes
                0x00000146       0x3a ./ra_gen/pin_data.o
 .ARM.attributes
                0x00000180       0x3a ./ra_gen/vector_data.o
 .ARM.attributes
                0x000001ba       0x3a ./ra/fsp/src/r_sci_uart/r_sci_uart.o
 .ARM.attributes
                0x000001f4       0x3a ./ra/fsp/src/r_ioport/r_ioport.o
 .ARM.attributes
                0x0000022e       0x3a ./ra/fsp/src/bsp/mcu/all/bsp_clocks.o
 .ARM.attributes
                0x00000268       0x3a ./ra/fsp/src/bsp/mcu/all/bsp_common.o
 .ARM.attributes
                0x000002a2       0x3a ./ra/fsp/src/bsp/mcu/all/bsp_delay.o
 .ARM.attributes
                0x000002dc       0x3a ./ra/fsp/src/bsp/mcu/all/bsp_group_irq.o
 .ARM.attributes
                0x00000316       0x3a ./ra/fsp/src/bsp/mcu/all/bsp_io.o
 .ARM.attributes
                0x00000350       0x3a ./ra/fsp/src/bsp/mcu/all/bsp_irq.o
 .ARM.attributes
                0x0000038a       0x3a ./ra/fsp/src/bsp/mcu/all/bsp_register_protection.o
 .ARM.attributes
                0x000003c4       0x3a ./ra/fsp/src/bsp/mcu/all/bsp_rom_registers.o
 .ARM.attributes
                0x000003fe       0x3a ./ra/fsp/src/bsp/cmsis/Device/RENESAS/Source/startup.o
 .ARM.attributes
                0x00000438       0x3a ./ra/fsp/src/bsp/cmsis/Device/RENESAS/Source/system.o
 .ARM.attributes
                0x00000472       0x3a ./ra/board/ra6m5_ck/board_init.o
 .ARM.attributes
                0x000004ac       0x3a ./ra/board/ra6m5_ck/board_leds.o
 .ARM.attributes
                0x000004e6       0x38 /home/truongchu/toolchains/bin/../lib/gcc/arm-none-eabi/13.3.1/../../../../arm-none-eabi/lib/thumb/v8-m.main+fp/hard/libg_nano.a(libc_a-memset.o)
 .ARM.attributes
                0x0000051e       0x38 /home/truongchu/toolchains/bin/../lib/gcc/arm-none-eabi/13.3.1/../../../../arm-none-eabi/lib/thumb/v8-m.main+fp/hard/libg_nano.a(libc_a-memcpy-stub.o)
 .ARM.attributes
                0x00000556       0x24 /home/truongchu/toolchains/bin/../lib/gcc/arm-none-eabi/13.3.1/../../../../arm-none-eabi/lib/thumb/v8-m.main+fp/hard/libg_nano.a(libc_a-strlen.o)
 .ARM.attributes
                0x0000057a       0x38 /home/truongchu/toolchains/bin/../lib/gcc/arm-none-eabi/13.3.1/thumb/v8-m.main+fp/hard/crtend.o
 .ARM.attributes
                0x000005b2       0x26 /home/truongchu/toolchains/bin/../lib/gcc/arm-none-eabi/13.3.1/thumb/v8-m.main+fp/hard/crtn.o

.comment        0x00000000       0x45
 .comment       0x00000000       0x45 ./src/hal_entry.o
                                 0x46 (size before relaxing)
 .comment       0x00000045       0x46 ./ra_gen/common_data.o
 .comment       0x00000045       0x46 ./ra_gen/hal_data.o
 .comment       0x00000045       0x46 ./ra_gen/main.o
 .comment       0x00000045       0x46 ./ra_gen/pin_data.o
 .comment       0x00000045       0x46 ./ra_gen/vector_data.o
 .comment       0x00000045       0x46 ./ra/fsp/src/r_sci_uart/r_sci_uart.o
 .comment       0x00000045       0x46 ./ra/fsp/src/r_ioport/r_ioport.o
 .comment       0x00000045       0x46 ./ra/fsp/src/bsp/mcu/all/bsp_clocks.o
 .comment       0x00000045       0x46 ./ra/fsp/src/bsp/mcu/all/bsp_common.o
 .comment       0x00000045       0x46 ./ra/fsp/src/bsp/mcu/all/bsp_delay.o
 .comment       0x00000045       0x46 ./ra/fsp/src/bsp/mcu/all/bsp_group_irq.o
 .comment       0x00000045       0x46 ./ra/fsp/src/bsp/mcu/all/bsp_io.o
 .comment       0x00000045       0x46 ./ra/fsp/src/bsp/mcu/all/bsp_irq.o
 .comment       0x00000045       0x46 ./ra/fsp/src/bsp/mcu/all/bsp_register_protection.o
 .comment       0x00000045       0x46 ./ra/fsp/src/bsp/mcu/all/bsp_rom_registers.o
 .comment       0x00000045       0x46 ./ra/fsp/src/bsp/cmsis/Device/RENESAS/Source/startup.o
 .comment       0x00000045       0x46 ./ra/fsp/src/bsp/cmsis/Device/RENESAS/Source/system.o
 .comment       0x00000045       0x46 ./ra/board/ra6m5_ck/board_init.o
 .comment       0x00000045       0x46 ./ra/board/ra6m5_ck/board_leds.o

.debug_info     0x00000000    0x27d0f
 .debug_info    0x00000000     0x3a96 ./src/hal_entry.o
 .debug_info    0x00003a96     0x121f ./ra_gen/common_data.o
 .debug_info    0x00004cb5     0x31db ./ra_gen/hal_data.o
 .debug_info    0x00007e90       0xaa ./ra_gen/main.o
 .debug_info    0x00007f3a      0xa21 ./ra_gen/pin_data.o
 .debug_info    0x0000895b      0x87d ./ra_gen/vector_data.o
 .debug_info    0x000091d8     0x9bf9 ./ra/fsp/src/r_sci_uart/r_sci_uart.o
 .debug_info    0x00012dd1     0x65a8 ./ra/fsp/src/r_ioport/r_ioport.o
 .debug_info    0x00019379     0x566e ./ra/fsp/src/bsp/mcu/all/bsp_clocks.o
 .debug_info    0x0001e9e7      0x93b ./ra/fsp/src/bsp/mcu/all/bsp_common.o
 .debug_info    0x0001f322      0x1e2 ./ra/fsp/src/bsp/mcu/all/bsp_delay.o
 .debug_info    0x0001f504     0x132f ./ra/fsp/src/bsp/mcu/all/bsp_group_irq.o
 .debug_info    0x00020833       0xb2 ./ra/fsp/src/bsp/mcu/all/bsp_io.o
 .debug_info    0x000208e5     0x1f97 ./ra/fsp/src/bsp/mcu/all/bsp_irq.o
 .debug_info    0x0002287c     0x390c ./ra/fsp/src/bsp/mcu/all/bsp_register_protection.o
 .debug_info    0x00026188      0x1da ./ra/fsp/src/bsp/mcu/all/bsp_rom_registers.o
 .debug_info    0x00026362      0x168 ./ra/fsp/src/bsp/cmsis/Device/RENESAS/Source/startup.o
 .debug_info    0x000264ca     0x1002 ./ra/fsp/src/bsp/cmsis/Device/RENESAS/Source/system.o
 .debug_info    0x000274cc       0xa5 ./ra/board/ra6m5_ck/board_init.o
 .debug_info    0x00027571      0x79e ./ra/board/ra6m5_ck/board_leds.o

.debug_abbrev   0x00000000     0x28eb
 .debug_abbrev  0x00000000      0x52e ./src/hal_entry.o
 .debug_abbrev  0x0000052e      0x133 ./ra_gen/common_data.o
 .debug_abbrev  0x00000661      0x28d ./ra_gen/hal_data.o
 .debug_abbrev  0x000008ee       0x61 ./ra_gen/main.o
 .debug_abbrev  0x0000094f       0xff ./ra_gen/pin_data.o
 .debug_abbrev  0x00000a4e       0xbd ./ra_gen/vector_data.o
 .debug_abbrev  0x00000b0b      0x5e5 ./ra/fsp/src/r_sci_uart/r_sci_uart.o
 .debug_abbrev  0x000010f0      0x490 ./ra/fsp/src/r_ioport/r_ioport.o
 .debug_abbrev  0x00001580      0x3cf ./ra/fsp/src/bsp/mcu/all/bsp_clocks.o
 .debug_abbrev  0x0000194f      0x188 ./ra/fsp/src/bsp/mcu/all/bsp_common.o
 .debug_abbrev  0x00001ad7      0x113 ./ra/fsp/src/bsp/mcu/all/bsp_delay.o
 .debug_abbrev  0x00001bea      0x256 ./ra/fsp/src/bsp/mcu/all/bsp_group_irq.o
 .debug_abbrev  0x00001e40       0x5e ./ra/fsp/src/bsp/mcu/all/bsp_io.o
 .debug_abbrev  0x00001e9e      0x28a ./ra/fsp/src/bsp/mcu/all/bsp_irq.o
 .debug_abbrev  0x00002128      0x27d ./ra/fsp/src/bsp/mcu/all/bsp_register_protection.o
 .debug_abbrev  0x000023a5       0x4e ./ra/fsp/src/bsp/mcu/all/bsp_rom_registers.o
 .debug_abbrev  0x000023f3       0xf5 ./ra/fsp/src/bsp/cmsis/Device/RENESAS/Source/startup.o
 .debug_abbrev  0x000024e8      0x2e2 ./ra/fsp/src/bsp/cmsis/Device/RENESAS/Source/system.o
 .debug_abbrev  0x000027ca       0x5b ./ra/board/ra6m5_ck/board_init.o
 .debug_abbrev  0x00002825       0xc6 ./ra/board/ra6m5_ck/board_leds.o

.debug_loclists
                0x00000000     0x1e4b
 .debug_loclists
                0x00000000      0x2f8 ./src/hal_entry.o
 .debug_loclists
                0x000002f8      0xe1c ./ra/fsp/src/r_sci_uart/r_sci_uart.o
 .debug_loclists
                0x00001114      0x7a3 ./ra/fsp/src/r_ioport/r_ioport.o
 .debug_loclists
                0x000018b7      0x208 ./ra/fsp/src/bsp/mcu/all/bsp_clocks.o
 .debug_loclists
                0x00001abf       0x20 ./ra/fsp/src/bsp/mcu/all/bsp_common.o
 .debug_loclists
                0x00001adf      0x11c ./ra/fsp/src/bsp/mcu/all/bsp_delay.o
 .debug_loclists
                0x00001bfb       0x73 ./ra/fsp/src/bsp/mcu/all/bsp_group_irq.o
 .debug_loclists
                0x00001c6e       0xad ./ra/fsp/src/bsp/mcu/all/bsp_irq.o
 .debug_loclists
                0x00001d1b       0xa7 ./ra/fsp/src/bsp/mcu/all/bsp_register_protection.o
 .debug_loclists
                0x00001dc2       0x89 ./ra/fsp/src/bsp/cmsis/Device/RENESAS/Source/system.o

.debug_aranges  0x00000000      0x3c8
 .debug_aranges
                0x00000000       0x38 ./src/hal_entry.o
 .debug_aranges
                0x00000038       0x20 ./ra_gen/common_data.o
 .debug_aranges
                0x00000058       0x20 ./ra_gen/hal_data.o
 .debug_aranges
                0x00000078       0x20 ./ra_gen/main.o
 .debug_aranges
                0x00000098       0x18 ./ra_gen/pin_data.o
 .debug_aranges
                0x000000b0       0x18 ./ra_gen/vector_data.o
 .debug_aranges
                0x000000c8       0x90 ./ra/fsp/src/r_sci_uart/r_sci_uart.o
 .debug_aranges
                0x00000158       0x90 ./ra/fsp/src/r_ioport/r_ioport.o
 .debug_aranges
                0x000001e8       0x60 ./ra/fsp/src/bsp/mcu/all/bsp_clocks.o
 .debug_aranges
                0x00000248       0x30 ./ra/fsp/src/bsp/mcu/all/bsp_common.o
 .debug_aranges
                0x00000278       0x28 ./ra/fsp/src/bsp/mcu/all/bsp_delay.o
 .debug_aranges
                0x000002a0       0x28 ./ra/fsp/src/bsp/mcu/all/bsp_group_irq.o
 .debug_aranges
                0x000002c8       0x18 ./ra/fsp/src/bsp/mcu/all/bsp_io.o
 .debug_aranges
                0x000002e0       0x20 ./ra/fsp/src/bsp/mcu/all/bsp_irq.o
 .debug_aranges
                0x00000300       0x28 ./ra/fsp/src/bsp/mcu/all/bsp_register_protection.o
 .debug_aranges
                0x00000328       0x18 ./ra/fsp/src/bsp/mcu/all/bsp_rom_registers.o
 .debug_aranges
                0x00000340       0x28 ./ra/fsp/src/bsp/cmsis/Device/RENESAS/Source/startup.o
 .debug_aranges
                0x00000368       0x28 ./ra/fsp/src/bsp/cmsis/Device/RENESAS/Source/system.o
 .debug_aranges
                0x00000390       0x20 ./ra/board/ra6m5_ck/board_init.o
 .debug_aranges
                0x000003b0       0x18 ./ra/board/ra6m5_ck/board_leds.o

.debug_rnglists
                0x00000000      0x623
 .debug_rnglists
                0x00000000       0xb2 ./src/hal_entry.o
 .debug_rnglists
                0x000000b2       0x13 ./ra_gen/common_data.o
 .debug_rnglists
                0x000000c5       0x13 ./ra_gen/hal_data.o
 .debug_rnglists
                0x000000d8       0x13 ./ra_gen/main.o
 .debug_rnglists
                0x000000eb      0x26c ./ra/fsp/src/r_sci_uart/r_sci_uart.o
 .debug_rnglists
                0x00000357       0xbc ./ra/fsp/src/r_ioport/r_ioport.o
 .debug_rnglists
                0x00000413       0xc8 ./ra/fsp/src/bsp/mcu/all/bsp_clocks.o
 .debug_rnglists
                0x000004db       0x1f ./ra/fsp/src/bsp/mcu/all/bsp_common.o
 .debug_rnglists
                0x000004fa       0x2e ./ra/fsp/src/bsp/mcu/all/bsp_delay.o
 .debug_rnglists
                0x00000528       0x37 ./ra/fsp/src/bsp/mcu/all/bsp_group_irq.o
 .debug_rnglists
                0x0000055f       0x41 ./ra/fsp/src/bsp/mcu/all/bsp_irq.o
 .debug_rnglists
                0x000005a0       0x31 ./ra/fsp/src/bsp/mcu/all/bsp_register_protection.o
 .debug_rnglists
                0x000005d1       0x19 ./ra/fsp/src/bsp/cmsis/Device/RENESAS/Source/startup.o
 .debug_rnglists
                0x000005ea       0x26 ./ra/fsp/src/bsp/cmsis/Device/RENESAS/Source/system.o
 .debug_rnglists
                0x00000610       0x13 ./ra/board/ra6m5_ck/board_init.o

.debug_line     0x00000000     0x5479
 .debug_line    0x00000000      0x8b4 ./src/hal_entry.o
 .debug_line    0x000008b4      0x22d ./ra_gen/common_data.o
 .debug_line    0x00000ae1      0x28a ./ra_gen/hal_data.o
 .debug_line    0x00000d6b       0x5e ./ra_gen/main.o
 .debug_line    0x00000dc9      0x1ab ./ra_gen/pin_data.o
 .debug_line    0x00000f74      0x141 ./ra_gen/vector_data.o
 .debug_line    0x000010b5     0x17e5 ./ra/fsp/src/r_sci_uart/r_sci_uart.o
 .debug_line    0x0000289a      0xa4a ./ra/fsp/src/r_ioport/r_ioport.o
 .debug_line    0x000032e4      0x7ed ./ra/fsp/src/bsp/mcu/all/bsp_clocks.o
 .debug_line    0x00003ad1      0x208 ./ra/fsp/src/bsp/mcu/all/bsp_common.o
 .debug_line    0x00003cd9      0x25b ./ra/fsp/src/bsp/mcu/all/bsp_delay.o
 .debug_line    0x00003f34      0x2b3 ./ra/fsp/src/bsp/mcu/all/bsp_group_irq.o
 .debug_line    0x000041e7      0x129 ./ra/fsp/src/bsp/mcu/all/bsp_io.o
 .debug_line    0x00004310      0x47b ./ra/fsp/src/bsp/mcu/all/bsp_irq.o
 .debug_line    0x0000478b      0x369 ./ra/fsp/src/bsp/mcu/all/bsp_register_protection.o
 .debug_line    0x00004af4       0xdd ./ra/fsp/src/bsp/mcu/all/bsp_rom_registers.o
 .debug_line    0x00004bd1      0x195 ./ra/fsp/src/bsp/cmsis/Device/RENESAS/Source/startup.o
 .debug_line    0x00004d66      0x52d ./ra/fsp/src/bsp/cmsis/Device/RENESAS/Source/system.o
 .debug_line    0x00005293       0x5a ./ra/board/ra6m5_ck/board_init.o
 .debug_line    0x000052ed      0x18c ./ra/board/ra6m5_ck/board_leds.o

.debug_str      0x00000000     0xb3c0
 .debug_str     0x00000000     0xb3c0 ./src/hal_entry.o
                               0x43ca (size before relaxing)
 .debug_str     0x0000b3c0     0x331a ./ra_gen/common_data.o
 .debug_str     0x0000b3c0     0x45e6 ./ra_gen/hal_data.o
 .debug_str     0x0000b3c0      0x1d2 ./ra_gen/main.o
 .debug_str     0x0000b3c0     0x1d7b ./ra_gen/pin_data.o
 .debug_str     0x0000b3c0     0x1d2f ./ra_gen/vector_data.o
 .debug_str     0x0000b3c0     0x6bcd ./ra/fsp/src/r_sci_uart/r_sci_uart.o
 .debug_str     0x0000b3c0     0x5876 ./ra/fsp/src/r_ioport/r_ioport.o
 .debug_str     0x0000b3c0     0x26bb ./ra/fsp/src/bsp/mcu/all/bsp_clocks.o
 .debug_str     0x0000b3c0     0x1c25 ./ra/fsp/src/bsp/mcu/all/bsp_common.o
 .debug_str     0x0000b3c0      0x301 ./ra/fsp/src/bsp/mcu/all/bsp_delay.o
 .debug_str     0x0000b3c0     0x218c ./ra/fsp/src/bsp/mcu/all/bsp_group_irq.o
 .debug_str     0x0000b3c0      0x201 ./ra/fsp/src/bsp/mcu/all/bsp_io.o
 .debug_str     0x0000b3c0     0x2707 ./ra/fsp/src/bsp/mcu/all/bsp_irq.o
 .debug_str     0x0000b3c0     0x1b58 ./ra/fsp/src/bsp/mcu/all/bsp_register_protection.o
 .debug_str     0x0000b3c0      0x35d ./ra/fsp/src/bsp/mcu/all/bsp_rom_registers.o
 .debug_str     0x0000b3c0      0x269 ./ra/fsp/src/bsp/cmsis/Device/RENESAS/Source/startup.o
 .debug_str     0x0000b3c0      0x96b ./ra/fsp/src/bsp/cmsis/Device/RENESAS/Source/system.o
 .debug_str     0x0000b3c0      0x1e4 ./ra/board/ra6m5_ck/board_init.o
 .debug_str     0x0000b3c0     0x16de ./ra/board/ra6m5_ck/board_leds.o

.debug_frame    0x00000000      0x714
 .debug_frame   0x00000000       0x78 ./src/hal_entry.o
 .debug_frame   0x00000078       0x20 ./ra_gen/common_data.o
 .debug_frame   0x00000098       0x20 ./ra_gen/hal_data.o
 .debug_frame   0x000000b8       0x28 ./ra_gen/main.o
 .debug_frame   0x000000e0      0x1b8 ./ra/fsp/src/r_sci_uart/r_sci_uart.o
 .debug_frame   0x00000298      0x17c ./ra/fsp/src/r_ioport/r_ioport.o
 .debug_frame   0x00000414       0xe0 ./ra/fsp/src/bsp/mcu/all/bsp_clocks.o
 .debug_frame   0x000004f4       0x40 ./ra/fsp/src/bsp/mcu/all/bsp_common.o
 .debug_frame   0x00000534       0x48 ./ra/fsp/src/bsp/mcu/all/bsp_delay.o
 .debug_frame   0x0000057c       0x3c ./ra/fsp/src/bsp/mcu/all/bsp_group_irq.o
 .debug_frame   0x000005b8       0x30 ./ra/fsp/src/bsp/mcu/all/bsp_irq.o
 .debug_frame   0x000005e8       0x48 ./ra/fsp/src/bsp/mcu/all/bsp_register_protection.o
 .debug_frame   0x00000630       0x38 ./ra/fsp/src/bsp/cmsis/Device/RENESAS/Source/startup.o
 .debug_frame   0x00000668       0x44 ./ra/fsp/src/bsp/cmsis/Device/RENESAS/Source/system.o
 .debug_frame   0x000006ac       0x20 ./ra/board/ra6m5_ck/board_init.o
 .debug_frame   0x000006cc       0x20 /home/truongchu/toolchains/bin/../lib/gcc/arm-none-eabi/13.3.1/../../../../arm-none-eabi/lib/thumb/v8-m.main+fp/hard/libg_nano.a(libc_a-memset.o)
 .debug_frame   0x000006ec       0x28 /home/truongchu/toolchains/bin/../lib/gcc/arm-none-eabi/13.3.1/../../../../arm-none-eabi/lib/thumb/v8-m.main+fp/hard/libg_nano.a(libc_a-memcpy-stub.o)

.debug_line_str
                0x00000000       0xe8
 .debug_line_str
                0x00000000       0xe8 /home/truongchu/toolchains/bin/../lib/gcc/arm-none-eabi/13.3.1/../../../../arm-none-eabi/lib/thumb/v8-m.main+fp/hard/libg_nano.a(libc_a-strlen.o)
