Archive member included to satisfy reference by file (symbol)

/home/truongchu/toolchains/bin/../lib/gcc/arm-none-eabi/13.3.1/thumb/v8-m.main+fp/hard/libgcc.a(_aeabi_ldivmod.o)
                              ./ra/fsp/src/r_sci_uart/r_sci_uart.o (__aeabi_ldivmod)
/home/truongchu/toolchains/bin/../lib/gcc/arm-none-eabi/13.3.1/thumb/v8-m.main+fp/hard/libgcc.a(_udivmoddi4.o)
                              /home/truongchu/toolchains/bin/../lib/gcc/arm-none-eabi/13.3.1/thumb/v8-m.main+fp/hard/libgcc.a(_aeabi_ldivmod.o) (__udivmoddi4)
/home/truongchu/toolchains/bin/../lib/gcc/arm-none-eabi/13.3.1/thumb/v8-m.main+fp/hard/libgcc.a(_dvmd_tls.o)
                              /home/truongchu/toolchains/bin/../lib/gcc/arm-none-eabi/13.3.1/thumb/v8-m.main+fp/hard/libgcc.a(_aeabi_ldivmod.o) (__aeabi_ldiv0)
/home/truongchu/toolchains/bin/../lib/gcc/arm-none-eabi/13.3.1/../../../../arm-none-eabi/lib/thumb/v8-m.main+fp/hard/libg_nano.a(libc_a-exit.o)
                              /home/truongchu/toolchains/bin/../lib/gcc/arm-none-eabi/13.3.1/../../../../arm-none-eabi/lib/thumb/v8-m.main+fp/hard/crt0.o (exit)
/home/truongchu/toolchains/bin/../lib/gcc/arm-none-eabi/13.3.1/../../../../arm-none-eabi/lib/thumb/v8-m.main+fp/hard/libg_nano.a(libc_a-errno.o)
                              ./ra/fsp/src/bsp/mcu/all/bsp_sbrk.o (__errno)
/home/truongchu/toolchains/bin/../lib/gcc/arm-none-eabi/13.3.1/../../../../arm-none-eabi/lib/thumb/v8-m.main+fp/hard/libg_nano.a(libc_a-init.o)
                              /home/truongchu/toolchains/bin/../lib/gcc/arm-none-eabi/13.3.1/../../../../arm-none-eabi/lib/thumb/v8-m.main+fp/hard/crt0.o (__libc_init_array)
/home/truongchu/toolchains/bin/../lib/gcc/arm-none-eabi/13.3.1/../../../../arm-none-eabi/lib/thumb/v8-m.main+fp/hard/libg_nano.a(libc_a-memset.o)
                              /home/truongchu/toolchains/bin/../lib/gcc/arm-none-eabi/13.3.1/../../../../arm-none-eabi/lib/thumb/v8-m.main+fp/hard/crt0.o (memset)
/home/truongchu/toolchains/bin/../lib/gcc/arm-none-eabi/13.3.1/../../../../arm-none-eabi/lib/thumb/v8-m.main+fp/hard/libg_nano.a(libc_a-impure.o)
                              /home/truongchu/toolchains/bin/../lib/gcc/arm-none-eabi/13.3.1/../../../../arm-none-eabi/lib/thumb/v8-m.main+fp/hard/libg_nano.a(libc_a-errno.o) (_impure_ptr)
/home/truongchu/toolchains/bin/../lib/gcc/arm-none-eabi/13.3.1/../../../../arm-none-eabi/lib/thumb/v8-m.main+fp/hard/libg_nano.a(libc_a-memcpy-stub.o)
                              ./ra/fsp/src/r_sci_uart/r_sci_uart.o (memcpy)
/home/truongchu/toolchains/bin/../lib/gcc/arm-none-eabi/13.3.1/../../../../arm-none-eabi/lib/thumb/v8-m.main+fp/hard/libg_nano.a(libc_a-strlen.o)
                              ./src/hal_entry.o (strlen)
/home/truongchu/toolchains/bin/../lib/gcc/arm-none-eabi/13.3.1/../../../../arm-none-eabi/lib/thumb/v8-m.main+fp/hard/libg_nano.a(libc_a-findfp.o)
                              /home/truongchu/toolchains/bin/../lib/gcc/arm-none-eabi/13.3.1/../../../../arm-none-eabi/lib/thumb/v8-m.main+fp/hard/libg_nano.a(libc_a-exit.o) (__stdio_exit_handler)
/home/truongchu/toolchains/bin/../lib/gcc/arm-none-eabi/13.3.1/../../../../arm-none-eabi/lib/thumb/v8-m.main+fp/hard/libg_nano.a(libc_a-sprintf.o)
                              ./src/hal_entry.o (sprintf)
/home/truongchu/toolchains/bin/../lib/gcc/arm-none-eabi/13.3.1/../../../../arm-none-eabi/lib/thumb/v8-m.main+fp/hard/libg_nano.a(libc_a-stdio.o)
                              /home/truongchu/toolchains/bin/../lib/gcc/arm-none-eabi/13.3.1/../../../../arm-none-eabi/lib/thumb/v8-m.main+fp/hard/libg_nano.a(libc_a-findfp.o) (__sread)
/home/truongchu/toolchains/bin/../lib/gcc/arm-none-eabi/13.3.1/../../../../arm-none-eabi/lib/thumb/v8-m.main+fp/hard/libg_nano.a(libc_a-lseekr.o)
                              /home/truongchu/toolchains/bin/../lib/gcc/arm-none-eabi/13.3.1/../../../../arm-none-eabi/lib/thumb/v8-m.main+fp/hard/libg_nano.a(libc_a-stdio.o) (_lseek_r)
/home/truongchu/toolchains/bin/../lib/gcc/arm-none-eabi/13.3.1/../../../../arm-none-eabi/lib/thumb/v8-m.main+fp/hard/libg_nano.a(libc_a-readr.o)
                              /home/truongchu/toolchains/bin/../lib/gcc/arm-none-eabi/13.3.1/../../../../arm-none-eabi/lib/thumb/v8-m.main+fp/hard/libg_nano.a(libc_a-stdio.o) (_read_r)
/home/truongchu/toolchains/bin/../lib/gcc/arm-none-eabi/13.3.1/../../../../arm-none-eabi/lib/thumb/v8-m.main+fp/hard/libg_nano.a(libc_a-fwalk.o)
                              /home/truongchu/toolchains/bin/../lib/gcc/arm-none-eabi/13.3.1/../../../../arm-none-eabi/lib/thumb/v8-m.main+fp/hard/libg_nano.a(libc_a-findfp.o) (_fwalk_sglue)
/home/truongchu/toolchains/bin/../lib/gcc/arm-none-eabi/13.3.1/../../../../arm-none-eabi/lib/thumb/v8-m.main+fp/hard/libg_nano.a(libc_a-writer.o)
                              /home/truongchu/toolchains/bin/../lib/gcc/arm-none-eabi/13.3.1/../../../../arm-none-eabi/lib/thumb/v8-m.main+fp/hard/libg_nano.a(libc_a-stdio.o) (_write_r)
[...]
Memory Configuration

Name             Origin             Length             Attributes
ITCM             0x00000000         0x00000000         xr
DTCM             0x00000000         0x00000000         xrw
FLASH            0x00000000         0x00200000         xr
RAM              0x20000000         0x00080000         xrw
DATA_FLASH       0x08000000         0x00002000         xr
QSPI_FLASH       0x60000000         0x04000000         xr
OSPI_DEVICE_0    0x68000000         0x08000000         xr
OSPI_DEVICE_1    0x70000000         0x10000000         xr
OSPI_DEVICE_0_RAM 0x68000000         0x08000000         xrw
OSPI_DEVICE_1_RAM 0x70000000         0x10000000         xrw
SDRAM            0x80010000         0x00000000         xrw
OPTION_SETTING   0x0100a100         0x00000100         r
OPTION_SETTING_OFS 0x0100a100         0x00000018         r
OPTION_SETTING_SAS 0x0100a134         0x000000cc         r
OPTION_SETTING_S 0x0100a200         0x00000100         r
ID_CODE          0x00000000         0x00000000         xr
*default*        0x00000000         0xffffffff

Linker script and memory map

LOAD /home/truongchu/toolchains/bin/../lib/gcc/arm-none-eabi/13.3.1/thumb/v8-m.main+fp/hard/crti.o
LOAD /home/truongchu/toolchains/bin/../lib/gcc/arm-none-eabi/13.3.1/thumb/v8-m.main+fp/hard/crtbegin.o
LOAD /home/truongchu/toolchains/bin/../lib/gcc/arm-none-eabi/13.3.1/../../../../arm-none-eabi/lib/thumb/v8-m.main+fp/hard/crt0.o
START GROUP
LOAD ./src/hal_entry.o
LOAD ./ra_gen/common_data.o
LOAD ./ra_gen/hal_data.o
LOAD ./ra_gen/main.o
LOAD ./ra_gen/pin_data.o
LOAD ./ra_gen/vector_data.o
LOAD ./ra/fsp/src/rm_ob1203/light_proximity_mode/rm_ob1203_light_proximity_mode.o
LOAD ./ra/fsp/src/rm_ob1203/rm_ob1203.o
LOAD ./ra/fsp/src/rm_ob1203/rm_ob1203_ra_driver.o
LOAD ./ra/fsp/src/rm_comms_i2c/rm_comms_i2c.o
LOAD ./ra/fsp/src/rm_comms_i2c/rm_comms_i2c_driver_ra.o
LOAD ./ra/fsp/src/r_sci_uart/r_sci_uart.o
LOAD ./ra/fsp/src/r_ioport/r_ioport.o
LOAD ./ra/fsp/src/r_iic_master/r_iic_master.o
LOAD ./ra/fsp/src/bsp/mcu/all/bsp_clocks.o
LOAD ./ra/fsp/src/bsp/mcu/all/bsp_common.o
LOAD ./ra/fsp/src/bsp/mcu/all/bsp_delay.o
LOAD ./ra/fsp/src/bsp/mcu/all/bsp_group_irq.o
LOAD ./ra/fsp/src/bsp/mcu/all/bsp_guard.o
LOAD ./ra/fsp/src/bsp/mcu/all/bsp_io.o
LOAD ./ra/fsp/src/bsp/mcu/all/bsp_irq.o
LOAD ./ra/fsp/src/bsp/mcu/all/bsp_macl.o
LOAD ./ra/fsp/src/bsp/mcu/all/bsp_register_protection.o
LOAD ./ra/fsp/src/bsp/mcu/all/bsp_rom_registers.o
LOAD ./ra/fsp/src/bsp/mcu/all/bsp_sbrk.o
LOAD ./ra/fsp/src/bsp/mcu/all/bsp_sdram.o
LOAD ./ra/fsp/src/bsp/mcu/all/bsp_security.o
LOAD ./ra/fsp/src/bsp/cmsis/Device/RENESAS/Source/startup.o
LOAD ./ra/fsp/src/bsp/cmsis/Device/RENESAS/Source/system.o
LOAD ./ra/board/ra6m5_ck/board_init.o
LOAD ./ra/board/ra6m5_ck/board_leds.o
END GROUP
START GROUP
LOAD /home/truongchu/toolchains/bin/../lib/gcc/arm-none-eabi/13.3.1/thumb/v8-m.main+fp/hard/libgcc.a
LOAD /home/truongchu/toolchains/bin/../lib/gcc/arm-none-eabi/13.3.1/../../../../arm-none-eabi/lib/thumb/v8-m.main+fp/hard/libg_nano.a
LOAD /home/truongchu/toolchains/bin/../lib/gcc/arm-none-eabi/13.3.1/../../../../arm-none-eabi/lib/thumb/v8-m.main+fp/hard/libc_nano.a
END GROUP
START GROUP
LOAD /home/truongchu/toolchains/bin/../lib/gcc/arm-none-eabi/13.3.1/thumb/v8-m.main+fp/hard/libgcc.a
LOAD /home/truongchu/toolchains/bin/../lib/gcc/arm-none-eabi/13.3.1/../../../../arm-none-eabi/lib/thumb/v8-m.main+fp/hard/libc_nano.a
END GROUP
LOAD /home/truongchu/toolchains/bin/../lib/gcc/arm-none-eabi/13.3.1/thumb/v8-m.main+fp/hard/crtend.o
LOAD /home/truongchu/toolchains/bin/../lib/gcc/arm-none-eabi/13.3.1/thumb/v8-m.main+fp/hard/crtn.o
                0x20000000                        RAM_START = 0x20000000
                0x00080000                        RAM_LENGTH = 0x80000
                0x00000000                        FLASH_START = 0x0
                0x00200000                        FLASH_LENGTH = 0x200000
                0x08000000                        DATA_FLASH_START = 0x8000000
                0x00002000                        DATA_FLASH_LENGTH = 0x2000
                0x0100a100                        OPTION_SETTING_START = 0x100a100
                0x00000100                        OPTION_SETTING_LENGTH = 0x100
                0x0100a200                        OPTION_SETTING_S_START = 0x100a200
                0x00000100                        OPTION_SETTING_S_LENGTH = 0x100
                0x00000000                        ID_CODE_START = 0x0
                0x00000000                        ID_CODE_LENGTH = 0x0
                0x80010000                        SDRAM_START = 0x80010000
                0x00000000                        SDRAM_LENGTH = 0x0
                0x60000000                        QSPI_FLASH_START = 0x60000000
                0x04000000                        QSPI_FLASH_LENGTH = 0x4000000
                0x68000000                        OSPI_DEVICE_0_START = 0x68000000
                0x08000000                        OSPI_DEVICE_0_LENGTH = 0x8000000
                0x70000000                        OSPI_DEVICE_1_START = 0x70000000
                0x10000000                        OSPI_DEVICE_1_LENGTH = 0x10000000
                0x04000000                        QSPI_FLASH_PRV_LENGTH = DEFINED (QSPI_FLASH_SIZE)?ABSOLUTE (QSPI_FLASH_SIZE):ABSOLUTE (QSPI_FLASH_LENGTH)
                0x08000000                        OSPI_DEVICE_0_PRV_LENGTH = DEFINED (OSPI_DEVICE_0_SIZE)?ABSOLUTE (OSPI_DEVICE_0_SIZE):ABSOLUTE (OSPI_DEVICE_0_LENGTH)
                0x10000000                        OSPI_DEVICE_1_PRV_LENGTH = DEFINED (OSPI_DEVICE_1_SIZE)?ABSOLUTE (OSPI_DEVICE_1_SIZE):ABSOLUTE (OSPI_DEVICE_1_LENGTH)
                0x00000000                        __RESERVE_NS_RAM = ((! (DEFINED (PROJECT_NONSECURE)) && DEFINED (RAM_NS_BUFFER_LENGTH)) && (OPTION_SETTING_S_LENGTH != 0x0))
                0x00000000                        ITCM_START = DEFINED (ITCM_START)?ITCM_START:0x0
                0x00000000                        ITCM_LENGTH = DEFINED (ITCM_LENGTH)?ITCM_LENGTH:0x0
                0x00000000                        DTCM_START = DEFINED (DTCM_START)?DTCM_START:0x0
                0x00000000                        DTCM_LENGTH = DEFINED (DTCM_LENGTH)?DTCM_LENGTH:0x0
                0x00000000                        RAM_NS_BUFFER_BLOCK_LENGTH = DEFINED (RAM_NS_BUFFER_LENGTH)?ALIGN (RAM_NS_BUFFER_LENGTH, 0x2000):0x0
                0x00000000                        RAM_NS_BUFFER_LENGTH = DEFINED (RAM_NS_BUFFER_LENGTH)?RAM_NS_BUFFER_LENGTH:0x0
                0x20080000                        RAM_NS_BUFFER_START = ((RAM_START + RAM_LENGTH) - RAM_NS_BUFFER_LENGTH)
                0x20080000                        RAM_NS_BUFFER_BLOCK_START = ((RAM_START + RAM_LENGTH) - RAM_NS_BUFFER_BLOCK_LENGTH)
                0x0100a180                        OPTION_SETTING_START_NS = DEFINED (PROJECT_NONSECURE)?OPTION_SETTING_START:(OPTION_SETTING_START + 0x80)
                0x00000001                        __bl_FSP_BOOTABLE_IMAGE = 0x1
                0x00000001                        __bln_FSP_BOOTABLE_IMAGE = 0x1
                0x00000001                        PROJECT_SECURE_OR_FLAT = (((! (DEFINED (PROJECT_NONSECURE)) || DEFINED (PROJECT_SECURE)) && OPTION_SETTING_LENGTH) && ! (DEFINED (FSP_BOOTABLE_IMAGE)))
                0x00000000                        USE_OPTION_SETTING_NS = (DEFINED (PROJECT_NONSECURE) && ! (DEFINED (FSP_BOOTABLE_IMAGE)))
                0x00000000                        __bl_FLASH_IMAGE_START = ! (DEFINED (FLASH_BOOTLOADER_LENGTH))?0x0:(FLASH_APPLICATION_IMAGE_NUMBER == 0x1)?((FLASH_START + FLASH_BOOTLOADER_LENGTH) + FLASH_BOOTLOADER_HEADER_LENGTH):(DEFINED (BOOTLOADER_SECONDARY_USE_QSPI) || DEFINED (BOOTLOADER_SECONDARY_USE_OSPI_B))?(((FLASH_START + FLASH_BOOTLOADER_LENGTH) + FLASH_BOOTLOADER_SCRATCH_LENGTH) + FLASH_BOOTLOADER_HEADER_LENGTH):((((FLASH_START + FLASH_BOOTLOADER_LENGTH) + FLASH_BOOTLOADER_SCRATCH_LENGTH) + FLASH_APPLICATION_S_LENGTH) + FLASH_BOOTLOADER_HEADER_LENGTH)
                0x00000000                        __bl_FLASH_IMAGE_LENGTH = ! (DEFINED (FLASH_BOOTLOADER_LENGTH))?0x0:(FLASH_APPLICATION_S_LENGTH - FLASH_BOOTLOADER_HEADER_LENGTH)
                0x00000000                        __bl_FLASH_IMAGE_END = (__bl_FLASH_IMAGE_START + __bl_FLASH_IMAGE_LENGTH)
                0x00000000                        __bl_XIP_SECONDARY_FLASH_IMAGE_START = ! (DEFINED (FLASH_BOOTLOADER_LENGTH))?0x0:((FLASH_BOOTLOADER_LENGTH + FLASH_APPLICATION_S_LENGTH) + FLASH_BOOTLOADER_HEADER_LENGTH)
                0x00000000                        __bl_XIP_SECONDARY_FLASH_IMAGE_END = (__bl_XIP_SECONDARY_FLASH_IMAGE_START + __bl_FLASH_IMAGE_LENGTH)
                0x00000000                        __bl_FLASH_NS_START = ! (DEFINED (FLASH_BOOTLOADER_LENGTH))?0x0:(FLASH_APPLICATION_NS_LENGTH == 0x0)?__bl_FLASH_IMAGE_END:((__bl_FLASH_IMAGE_START - FLASH_BOOTLOADER_HEADER_LENGTH) + FLASH_APPLICATION_S_LENGTH)
                0x00000000                        __bl_FLASH_NSC_START = ! (DEFINED (FLASH_BOOTLOADER_LENGTH))?0x0:(FLASH_APPLICATION_NS_LENGTH == 0x0)?__bl_FLASH_IMAGE_END:(__bl_FLASH_IMAGE_END - FLASH_APPLICATION_NSC_LENGTH)
                0x00000000                        __bl_RAM_NS_START = ! (DEFINED (FLASH_BOOTLOADER_LENGTH))?0x0:(FLASH_APPLICATION_NS_LENGTH == 0x0)?(RAM_START + RAM_LENGTH):((RAM_START + RAM_LENGTH) - RAM_APPLICATION_NS_LENGTH)
                0x00000000                        __bl_RAM_NSC_START = ! (DEFINED (FLASH_BOOTLOADER_LENGTH))?0x0:(FLASH_APPLICATION_NS_LENGTH == 0x0)?(RAM_START + RAM_LENGTH):(__bl_RAM_NS_START - RAM_APPLICATION_NSC_LENGTH)
                0x00000000                        __bl_FLASH_NS_IMAGE_START = ! (DEFINED (FLASH_BOOTLOADER_LENGTH))?0x0:(FLASH_APPLICATION_NS_LENGTH == 0x0)?__bl_FLASH_IMAGE_END:(__bl_FLASH_NS_START + FLASH_BOOTLOADER_HEADER_LENGTH_2)
                0x00000000                        __bln_FLASH_IMAGE_START = (__bl_FLASH_NS_IMAGE_START | ! (DEFINED (NS_OFFSET_START))?0x0:NS_OFFSET_START)
                0x00000000                        __bln_FLASH_IMAGE_LENGTH = ! (DEFINED (FLASH_BOOTLOADER_LENGTH))?0x0:(FLASH_APPLICATION_NS_LENGTH == 0x0)?__bl_FLASH_IMAGE_END:(FLASH_APPLICATION_NS_LENGTH - FLASH_BOOTLOADER_HEADER_LENGTH_2)
                0x00000000                        XIP_SECONDARY_SLOT_IMAGE = DEFINED (XIP_SECONDARY_SLOT_IMAGE)?XIP_SECONDARY_SLOT_IMAGE:0x0
                0x00000000                        FLASH_ORIGIN = ! (DEFINED (FLASH_IMAGE_START))?FLASH_START:(XIP_SECONDARY_SLOT_IMAGE == 0x1)?XIP_SECONDARY_FLASH_IMAGE_START:FLASH_IMAGE_START
                0x00200000                        LIMITED_FLASH_LENGTH = DEFINED (FLASH_IMAGE_LENGTH)?FLASH_IMAGE_LENGTH:DEFINED (FLASH_BOOTLOADER_LENGTH)?FLASH_BOOTLOADER_LENGTH:FLASH_LENGTH
                0x00000034                        OPTION_SETTING_SAS_SIZE = 0x34
                0x000000cc                        OPTION_SETTING_SAS_LENGTH = ! (DEFINED (OPTION_SETTING_LENGTH))?0x0:(OPTION_SETTING_LENGTH == 0x0)?0x0:(OPTION_SETTING_LENGTH - OPTION_SETTING_SAS_SIZE)
START GROUP
LOAD /home/truongchu/toolchains/bin/../lib/gcc/arm-none-eabi/13.3.1/thumb/v8-m.main+fp/hard/libgcc.a
LOAD /home/truongchu/toolchains/bin/../lib/gcc/arm-none-eabi/13.3.1/../../../../arm-none-eabi/lib/thumb/v8-m.main+fp/hard/libc.a
LOAD /home/truongchu/toolchains/bin/../lib/gcc/arm-none-eabi/13.3.1/../../../../arm-none-eabi/lib/thumb/v8-m.main+fp/hard/libm.a
END GROUP

.text           0x00000000     0x38d4
                0x00000000                        __tz_FLASH_S = ABSOLUTE (FLASH_START)
                0x00000000                        __ROM_Start = .
 *(.fixed_vectors*)
 .fixed_vectors
                0x00000000       0x40 ./ra/fsp/src/bsp/cmsis/Device/RENESAS/Source/startup.o
                0x00000000                __Vectors
 *(.application_vectors*)
 .application_vectors
                0x00000040      0x180 ./ra_gen/vector_data.o
                0x00000040                g_vector_table
                0x000001c0                        __Vectors_End = .
 *(.flash_gap*)
                0x000001c0                        . = (OPTION_SETTING_LENGTH > 0x0)?.:(__ROM_Start + 0x400)
 *(.rom_registers*)
 *(.mcuboot_sce9_key*)
 *(.text*)
 .text.deregister_tm_clones
                0x000001c0       0x1c /home/truongchu/toolchains/bin/../lib/gcc/arm-none-eabi/13.3.1/thumb/v8-m.main+fp/hard/crtbegin.o
 .text.register_tm_clones
                0x000001dc       0x28 /home/truongchu/toolchains/bin/../lib/gcc/arm-none-eabi/13.3.1/thumb/v8-m.main+fp/hard/crtbegin.o
 .text.__do_global_dtors_aux
                0x00000204       0x28 /home/truongchu/toolchains/bin/../lib/gcc/arm-none-eabi/13.3.1/thumb/v8-m.main+fp/hard/crtbegin.o
 .text.frame_dummy
                0x0000022c       0x24 /home/truongchu/toolchains/bin/../lib/gcc/arm-none-eabi/13.3.1/thumb/v8-m.main+fp/hard/crtbegin.o
 .text.R_BSP_WarmStart
                0x00000250       0x18 ./src/hal_entry.o
                0x00000250                R_BSP_WarmStart
 .text.user_uart_callback
                0x00000268       0x14 ./src/hal_entry.o
                0x00000268                user_uart_callback
 .text.g_comms_i2c_bus0_quick_setup
                0x0000027c       0x30 ./src/hal_entry.o
                0x0000027c                g_comms_i2c_bus0_quick_setup
 .text.ob1203_comms_i2c_callback
                0x000002ac       0x14 ./src/hal_entry.o
                0x000002ac                ob1203_comms_i2c_callback
 .text.g_ob1203_sensor0_quick_setup
                0x000002c0       0x30 ./src/hal_entry.o
                0x000002c0                g_ob1203_sensor0_quick_setup
 .text.g_ob1203_sensor0_quick_getting_light_mode_data
                0x000002f0       0xc4 ./src/hal_entry.o
                0x000002f0                g_ob1203_sensor0_quick_getting_light_mode_data
 .text.g_ob1203_sensor0_quick_getting_proximity_mode_data
                0x000003b4       0xc0 ./src/hal_entry.o
                0x000003b4                g_ob1203_sensor0_quick_getting_proximity_mode_data
 .text.hal_entry
                0x00000474      0x358 ./src/hal_entry.o
                0x00000474                hal_entry
 .text.startup.main
                0x000007cc        0xc ./ra_gen/main.o
                0x000007cc                main
 .text.rm_ob1203_light_prox_close
                0x000007d8        0x4 ./ra/fsp/src/rm_ob1203/light_proximity_mode/rm_ob1203_light_proximity_mode.o
 .text.rm_ob1203_light_prox_light_data_calculate
                0x000007dc       0x54 ./ra/fsp/src/rm_ob1203/light_proximity_mode/rm_ob1203_light_proximity_mode.o
 .text.rm_ob1203_light_prox_prox_data_calculate
                0x00000830        0x8 ./ra/fsp/src/rm_ob1203/light_proximity_mode/rm_ob1203_light_proximity_mode.o
 .text.rm_ob1203_light_prox_ppg_read
                0x00000838        0x4 ./ra/fsp/src/rm_ob1203/light_proximity_mode/rm_ob1203_light_proximity_mode.o
 .text.rm_ob1203_light_prox_ppg_data_calculate
                0x0000083c        0x4 ./ra/fsp/src/rm_ob1203/light_proximity_mode/rm_ob1203_light_proximity_mode.o
 .text.rm_ob1203_light_prox_fifo_info_get
                0x00000840        0x4 ./ra/fsp/src/rm_ob1203/light_proximity_mode/rm_ob1203_light_proximity_mode.o
 .text.rm_ob1203_light_prox_led_current_set
                0x00000844       0x38 ./ra/fsp/src/rm_ob1203/light_proximity_mode/rm_ob1203_light_proximity_mode.o
 .text.rm_ob1203_light_prox_gain_set
                0x0000087c       0x38 ./ra/fsp/src/rm_ob1203/light_proximity_mode/rm_ob1203_light_proximity_mode.o
 .text.rm_ob1203_light_prox_device_interrupt_cfg_set
                0x000008b4       0x80 ./ra/fsp/src/rm_ob1203/light_proximity_mode/rm_ob1203_light_proximity_mode.o
 .text.rm_ob1203_light_prox_prox_read
                0x00000934       0x34 ./ra/fsp/src/rm_ob1203/light_proximity_mode/rm_ob1203_light_proximity_mode.o
 .text.rm_ob1203_light_prox_light_read
                0x00000968       0x58 ./ra/fsp/src/rm_ob1203/light_proximity_mode/rm_ob1203_light_proximity_mode.o
 .text.rm_ob1203_light_prox_measurement_stop
                0x000009c0       0x14 ./ra/fsp/src/rm_ob1203/light_proximity_mode/rm_ob1203_light_proximity_mode.o
 .text.rm_ob1203_light_prox_measurement_start
                0x000009d4       0x1c ./ra/fsp/src/rm_ob1203/light_proximity_mode/rm_ob1203_light_proximity_mode.o
 .text.rm_ob1203_light_prox_open
                0x000009f0      0x1a0 ./ra/fsp/src/rm_ob1203/light_proximity_mode/rm_ob1203_light_proximity_mode.o
 .text.rm_ob1203_light_prox_device_status_get
                0x00000b90        0x4 ./ra/fsp/src/rm_ob1203/light_proximity_mode/rm_ob1203_light_proximity_mode.o
 .text.RM_OB1203_MeasurementStart
                0x00000b94        0x8 ./ra/fsp/src/rm_ob1203/rm_ob1203.o
                0x00000b94                RM_OB1203_MeasurementStart
 .text.RM_OB1203_MeasurementStop
                0x00000b9c        0x8 ./ra/fsp/src/rm_ob1203/rm_ob1203.o
                0x00000b9c                RM_OB1203_MeasurementStop
 .text.RM_OB1203_LightRead
                0x00000ba4        0x8 ./ra/fsp/src/rm_ob1203/rm_ob1203.o
                0x00000ba4                RM_OB1203_LightRead
 .text.RM_OB1203_LightDataCalculate
                0x00000bac        0x8 ./ra/fsp/src/rm_ob1203/rm_ob1203.o
                0x00000bac                RM_OB1203_LightDataCalculate
 .text.RM_OB1203_ProxRead
                0x00000bb4        0x8 ./ra/fsp/src/rm_ob1203/rm_ob1203.o
                0x00000bb4                RM_OB1203_ProxRead
 .text.RM_OB1203_ProxDataCalculate
                0x00000bbc        0x8 ./ra/fsp/src/rm_ob1203/rm_ob1203.o
                0x00000bbc                RM_OB1203_ProxDataCalculate
 .text.RM_OB1203_PpgRead
                0x00000bc4        0x8 ./ra/fsp/src/rm_ob1203/rm_ob1203.o
                0x00000bc4                RM_OB1203_PpgRead
 .text.RM_OB1203_PpgDataCalculate
                0x00000bcc        0x8 ./ra/fsp/src/rm_ob1203/rm_ob1203.o
                0x00000bcc                RM_OB1203_PpgDataCalculate
 .text.RM_OB1203_GainSet
                0x00000bd4       0x14 ./ra/fsp/src/rm_ob1203/rm_ob1203.o
                0x00000bd4                RM_OB1203_GainSet
 .text.RM_OB1203_LedCurrentSet
                0x00000be8       0x10 ./ra/fsp/src/rm_ob1203/rm_ob1203.o
                0x00000be8                RM_OB1203_LedCurrentSet
 .text.RM_OB1203_DeviceInterruptCfgSet
                0x00000bf8       0x18 ./ra/fsp/src/rm_ob1203/rm_ob1203.o
                0x00000bf8                RM_OB1203_DeviceInterruptCfgSet
 .text.RM_OB1203_FifoInfoGet
                0x00000c10        0x8 ./ra/fsp/src/rm_ob1203/rm_ob1203.o
                0x00000c10                RM_OB1203_FifoInfoGet
 .text.RM_OB1203_Close
                0x00000c18       0x20 ./ra/fsp/src/rm_ob1203/rm_ob1203.o
                0x00000c18                RM_OB1203_Close
 .text.rm_ob1203_read
                0x00000c38       0x90 ./ra/fsp/src/rm_ob1203/rm_ob1203.o
                0x00000c38                rm_ob1203_read
 .text.RM_OB1203_DeviceStatusGet
                0x00000cc8       0x28 ./ra/fsp/src/rm_ob1203/rm_ob1203.o
                0x00000cc8                RM_OB1203_DeviceStatusGet
 .text.rm_ob1203_write
                0x00000cf0       0x80 ./ra/fsp/src/rm_ob1203/rm_ob1203.o
                0x00000cf0                rm_ob1203_write
 .text.RM_OB1203_Open
                0x00000d70       0xbc ./ra/fsp/src/rm_ob1203/rm_ob1203.o
                0x00000d70                RM_OB1203_Open
 .text.rm_ob1203_comms_i2c_callback
                0x00000e2c      0x1b0 ./ra/fsp/src/rm_ob1203/rm_ob1203.o
                0x00000e2c                rm_ob1203_comms_i2c_callback
 .text.rm_ob1203_main_ctrl_register_write
                0x00000fdc       0x20 ./ra/fsp/src/rm_ob1203/rm_ob1203.o
                0x00000fdc                rm_ob1203_main_ctrl_register_write
 .text.rm_ob1203_int_cfg_register_write
                0x00000ffc       0x20 ./ra/fsp/src/rm_ob1203/rm_ob1203.o
                0x00000ffc                rm_ob1203_int_cfg_register_write
 .text.rm_ob1203_ppg_ps_gain_register_write
                0x0000101c       0x18 ./ra/fsp/src/rm_ob1203/rm_ob1203.o
                0x0000101c                rm_ob1203_ppg_ps_gain_register_write
 .text.rm_ob1203_ppg_ps_cfg_register_write
                0x00001034       0x14 ./ra/fsp/src/rm_ob1203/rm_ob1203.o
                0x00001034                rm_ob1203_ppg_ps_cfg_register_write
 .text.rm_ob1203_irq_callback
                0x00001048       0x40 ./ra/fsp/src/rm_ob1203/rm_ob1203_ra_driver.o
                0x00001048                rm_ob1203_irq_callback
 .text.rm_ob1203_delay_ms
                0x00001088       0x10 ./ra/fsp/src/rm_ob1203/rm_ob1203_ra_driver.o
                0x00001088                rm_ob1203_delay_ms
 .text.rm_ob1203_irq_open
                0x00001098       0x34 ./ra/fsp/src/rm_ob1203/rm_ob1203_ra_driver.o
                0x00001098                rm_ob1203_irq_open
 .text.rm_ob1203_irq_close
                0x000010cc       0x10 ./ra/fsp/src/rm_ob1203/rm_ob1203_ra_driver.o
                0x000010cc                rm_ob1203_irq_close
 .text.RM_COMMS_I2C_Open
                0x000010dc       0x28 ./ra/fsp/src/rm_comms_i2c/rm_comms_i2c.o
                0x000010dc                RM_COMMS_I2C_Open
 .text.RM_COMMS_I2C_Close
                0x00001104       0x10 ./ra/fsp/src/rm_comms_i2c/rm_comms_i2c.o
                0x00001104                RM_COMMS_I2C_Close
 .text.RM_COMMS_I2C_Read
                0x00001114        0x4 ./ra/fsp/src/rm_comms_i2c/rm_comms_i2c.o
                0x00001114                RM_COMMS_I2C_Read
 .text.RM_COMMS_I2C_Write
                0x00001118        0x4 ./ra/fsp/src/rm_comms_i2c/rm_comms_i2c.o
                0x00001118                RM_COMMS_I2C_Write
 .text.RM_COMMS_I2C_WriteRead
                0x0000111c       0x14 ./ra/fsp/src/rm_comms_i2c/rm_comms_i2c.o
                0x0000111c                RM_COMMS_I2C_WriteRead
 .text.rm_comms_i2c_bus_reconfigure
                0x00001130       0x3c ./ra/fsp/src/rm_comms_i2c/rm_comms_i2c_driver_ra.o
 .text.rm_comms_i2c_bus_read
                0x0000116c       0x44 ./ra/fsp/src/rm_comms_i2c/rm_comms_i2c_driver_ra.o
                0x0000116c                rm_comms_i2c_bus_read
 .text.rm_comms_i2c_bus_write
                0x000011b0       0x30 ./ra/fsp/src/rm_comms_i2c/rm_comms_i2c_driver_ra.o
                0x000011b0                rm_comms_i2c_bus_write
 .text.rm_comms_i2c_bus_write_read
                0x000011e0       0x3c ./ra/fsp/src/rm_comms_i2c/rm_comms_i2c_driver_ra.o
                0x000011e0                rm_comms_i2c_bus_write_read
 .text.rm_comms_i2c_callback
                0x0000121c       0x5c ./ra/fsp/src/rm_comms_i2c/rm_comms_i2c_driver_ra.o
                0x0000121c                rm_comms_i2c_callback
 .text.R_SCI_UART_Write
                0x00001278       0x50 ./ra/fsp/src/r_sci_uart/r_sci_uart.o
                0x00001278                R_SCI_UART_Write
 .text.r_sci_uart_call_callback
                0x000012c8       0x44 ./ra/fsp/src/r_sci_uart/r_sci_uart.o
 .text.R_SCI_UART_Open
                0x0000130c      0x3a0 ./ra/fsp/src/r_sci_uart/r_sci_uart.o
                0x0000130c                R_SCI_UART_Open
 .text.sci_uart_txi_isr
                0x000016ac       0x8c ./ra/fsp/src/r_sci_uart/r_sci_uart.o
                0x000016ac                sci_uart_txi_isr
 .text.sci_uart_rxi_isr
                0x00001738       0x90 ./ra/fsp/src/r_sci_uart/r_sci_uart.o
                0x00001738                sci_uart_rxi_isr
 .text.sci_uart_tei_isr
                0x000017c8       0x48 ./ra/fsp/src/r_sci_uart/r_sci_uart.o
                0x000017c8                sci_uart_tei_isr
 .text.sci_uart_eri_isr
                0x00001810       0x78 ./ra/fsp/src/r_sci_uart/r_sci_uart.o
                0x00001810                sci_uart_eri_isr
 .text.bsp_vbatt_init
                0x00001888       0x9c ./ra/fsp/src/r_ioport/r_ioport.o
 .text.r_ioport_pins_config
                0x00001924       0xac ./ra/fsp/src/r_ioport/r_ioport.o
 .text.R_IOPORT_Open
                0x000019d0       0x14 ./ra/fsp/src/r_ioport/r_ioport.o
                0x000019d0                R_IOPORT_Open
 .text.R_IIC_MASTER_SlaveAddressSet
                0x000019e4        0xc ./ra/fsp/src/r_iic_master/r_iic_master.o
                0x000019e4                R_IIC_MASTER_SlaveAddressSet
 .text.R_IIC_MASTER_CallbackSet
                0x000019f0       0x10 ./ra/fsp/src/r_iic_master/r_iic_master.o
                0x000019f0                R_IIC_MASTER_CallbackSet
 .text.R_IIC_MASTER_StatusGet
                0x00001a00       0x18 ./ra/fsp/src/r_iic_master/r_iic_master.o
                0x00001a00                R_IIC_MASTER_StatusGet
 .text.iic_master_notify
                0x00001a18       0x3c ./ra/fsp/src/r_iic_master/r_iic_master.o
 .text.iic_master_run_hw_master
                0x00001a54      0x114 ./ra/fsp/src/r_iic_master/r_iic_master.o
 .text.R_IIC_MASTER_Write
                0x00001b68       0x30 ./ra/fsp/src/r_iic_master/r_iic_master.o
                0x00001b68                R_IIC_MASTER_Write
 .text.R_IIC_MASTER_Read
                0x00001b98       0x34 ./ra/fsp/src/r_iic_master/r_iic_master.o
                0x00001b98                R_IIC_MASTER_Read
 .text.iic_master_open_hw_master
                0x00001bcc      0x1c8 ./ra/fsp/src/r_iic_master/r_iic_master.o
 .text.R_IIC_MASTER_Open
                0x00001d94       0x74 ./ra/fsp/src/r_iic_master/r_iic_master.o
                0x00001d94                R_IIC_MASTER_Open
 .text.R_IIC_MASTER_Abort
                0x00001e08       0x30 ./ra/fsp/src/r_iic_master/r_iic_master.o
                0x00001e08                R_IIC_MASTER_Abort
 .text.R_IIC_MASTER_Close
                0x00001e38       0xdc ./ra/fsp/src/r_iic_master/r_iic_master.o
                0x00001e38                R_IIC_MASTER_Close
 .text.iic_master_rxi_isr
                0x00001f14      0x194 ./ra/fsp/src/r_iic_master/r_iic_master.o
                0x00001f14                iic_master_rxi_isr
 .text.iic_master_txi_isr
                0x000020a8      0x120 ./ra/fsp/src/r_iic_master/r_iic_master.o
                0x000020a8                iic_master_txi_isr
 .text.iic_master_tei_isr
                0x000021c8       0xe0 ./ra/fsp/src/r_iic_master/r_iic_master.o
                0x000021c8                iic_master_tei_isr
 .text.iic_master_eri_isr
                0x000022a8      0x140 ./ra/fsp/src/r_iic_master/r_iic_master.o
                0x000022a8                iic_master_eri_isr
 .text.SystemCoreClockUpdate
                0x000023e8       0x28 ./ra/fsp/src/bsp/mcu/all/bsp_clocks.o
                0x000023e8                SystemCoreClockUpdate
 .text.bsp_clock_init
                0x00002410       0xec ./ra/fsp/src/bsp/mcu/all/bsp_clocks.o
                0x00002410                bsp_clock_init
 .text.R_BSP_Init_RTC
                0x000024fc       0x28 ./ra/fsp/src/bsp/mcu/all/bsp_clocks.o
                0x000024fc                R_BSP_Init_RTC
 .text.__assert_func
                0x00002524        0x4 ./ra/fsp/src/bsp/mcu/all/bsp_common.o
                0x00002524                __assert_func
 .text.bsp_prv_software_delay_loop
                0x00002528        0xc ./ra/fsp/src/bsp/mcu/all/bsp_delay.o
                0x00002528                bsp_prv_software_delay_loop
 .text.R_BSP_SoftwareDelay
                0x00002534       0x58 ./ra/fsp/src/bsp/mcu/all/bsp_delay.o
                0x00002534                R_BSP_SoftwareDelay
 .text.NMI_Handler
                0x0000258c       0x3c ./ra/fsp/src/bsp/mcu/all/bsp_group_irq.o
                0x0000258c                NMI_Handler
 .text.bsp_irq_cfg
                0x000025c8       0xa4 ./ra/fsp/src/bsp/mcu/all/bsp_irq.o
                0x000025c8                bsp_irq_cfg
 .text.R_BSP_RegisterProtectEnable
                0x0000266c       0x60 ./ra/fsp/src/bsp/mcu/all/bsp_register_protection.o
                0x0000266c                R_BSP_RegisterProtectEnable
 .text.R_BSP_RegisterProtectDisable
                0x000026cc       0x54 ./ra/fsp/src/bsp/mcu/all/bsp_register_protection.o
                0x000026cc                R_BSP_RegisterProtectDisable
 .text._sbrk    0x00002720       0x40 ./ra/fsp/src/bsp/mcu/all/bsp_sbrk.o
                0x00002720                _sbrk
 .text.Default_Handler
                0x00002760        0x4 ./ra/fsp/src/bsp/cmsis/Device/RENESAS/Source/startup.o
                0x00002760                DebugMon_Handler
                0x00002760                HardFault_Handler
                0x00002760                SysTick_Handler
                0x00002760                PendSV_Handler
                0x00002760                UsageFault_Handler
                0x00002760                SecureFault_Handler
                0x00002760                Default_Handler
                0x00002760                MemManage_Handler
                0x00002760                SVC_Handler
                0x00002760                BusFault_Handler
 .text.Reset_Handler
                0x00002764        0xc ./ra/fsp/src/bsp/cmsis/Device/RENESAS/Source/startup.o
                0x00002764                Reset_Handler
 .text.SystemInit
                0x00002770       0xe0 ./ra/fsp/src/bsp/cmsis/Device/RENESAS/Source/system.o
                0x00002770                SystemInit
 .text.bsp_init
                0x00002850        0x4 ./ra/board/ra6m5_ck/board_init.o
                0x00002850                bsp_init
 .text.__errno  0x00002854        0xc /home/truongchu/toolchains/bin/../lib/gcc/arm-none-eabi/13.3.1/../../../../arm-none-eabi/lib/thumb/v8-m.main+fp/hard/libg_nano.a(libc_a-errno.o)
                0x00002854                __errno
 .text.memset   0x00002860       0x10 /home/truongchu/toolchains/bin/../lib/gcc/arm-none-eabi/13.3.1/../../../../arm-none-eabi/lib/thumb/v8-m.main+fp/hard/libg_nano.a(libc_a-memset.o)
                0x00002860                memset
 .text.memcpy   0x00002870       0x1a /home/truongchu/toolchains/bin/../lib/gcc/arm-none-eabi/13.3.1/../../../../arm-none-eabi/lib/thumb/v8-m.main+fp/hard/libg_nano.a(libc_a-memcpy-stub.o)
                0x00002870                memcpy
 .text          0x0000288a       0x10 /home/truongchu/toolchains/bin/../lib/gcc/arm-none-eabi/13.3.1/../../../../arm-none-eabi/lib/thumb/v8-m.main+fp/hard/libg_nano.a(libc_a-strlen.o)
                0x0000288a                strlen
 *fill*         0x0000289a        0x2 ff
 .text.sprintf  0x0000289c       0x44 /home/truongchu/toolchains/bin/../lib/gcc/arm-none-eabi/13.3.1/../../../../arm-none-eabi/lib/thumb/v8-m.main+fp/hard/libg_nano.a(libc_a-sprintf.o)
                0x0000289c                sprintf
                0x0000289c                siprintf
 .text.__ssputs_r
                0x000028e0       0xb6 /home/truongchu/toolchains/bin/../lib/gcc/arm-none-eabi/13.3.1/../../../../arm-none-eabi/lib/thumb/v8-m.main+fp/hard/libg_nano.a(libc_a-nano-svfprintf.o)
                0x000028e0                __ssputs_r
 *fill*         0x00002996        0x2 ff
 .text._svfprintf_r
                0x00002998      0x1f8 /home/truongchu/toolchains/bin/../lib/gcc/arm-none-eabi/13.3.1/../../../../arm-none-eabi/lib/thumb/v8-m.main+fp/hard/libg_nano.a(libc_a-nano-svfprintf.o)
                0x00002998                _svfprintf_r
                0x00002998                _svfiprintf_r
 .text.memmove  0x00002b90       0x34 /home/truongchu/toolchains/bin/../lib/gcc/arm-none-eabi/13.3.1/../../../../arm-none-eabi/lib/thumb/v8-m.main+fp/hard/libg_nano.a(libc_a-memmove.o)
                0x00002b90                memmove
 .text.__retarget_lock_acquire_recursive
                0x00002bc4        0x2 /home/truongchu/toolchains/bin/../lib/gcc/arm-none-eabi/13.3.1/../../../../arm-none-eabi/lib/thumb/v8-m.main+fp/hard/libg_nano.a(libc_a-lock.o)
                0x00002bc4                __retarget_lock_acquire_recursive
 .text.__retarget_lock_release_recursive
                0x00002bc6        0x2 /home/truongchu/toolchains/bin/../lib/gcc/arm-none-eabi/13.3.1/../../../../arm-none-eabi/lib/thumb/v8-m.main+fp/hard/libg_nano.a(libc_a-lock.o)
                0x00002bc6                __retarget_lock_release_recursive
 .text._printf_common
                0x00002bc8       0xe4 /home/truongchu/toolchains/bin/../lib/gcc/arm-none-eabi/13.3.1/../../../../arm-none-eabi/lib/thumb/v8-m.main+fp/hard/libg_nano.a(libc_a-nano-vfprintf_i.o)
                0x00002bc8                _printf_common
 .text._printf_i
                0x00002cac      0x23c /home/truongchu/toolchains/bin/../lib/gcc/arm-none-eabi/13.3.1/../../../../arm-none-eabi/lib/thumb/v8-m.main+fp/hard/libg_nano.a(libc_a-nano-vfprintf_i.o)
                0x00002cac                _printf_i
 .text.sbrk_aligned
                0x00002ee8       0x44 /home/truongchu/toolchains/bin/../lib/gcc/arm-none-eabi/13.3.1/../../../../arm-none-eabi/lib/thumb/v8-m.main+fp/hard/libg_nano.a(libc_a-mallocr.o)
 .text._malloc_r
                0x00002f2c      0x100 /home/truongchu/toolchains/bin/../lib/gcc/arm-none-eabi/13.3.1/../../../../arm-none-eabi/lib/thumb/v8-m.main+fp/hard/libg_nano.a(libc_a-mallocr.o)
                0x00002f2c                _malloc_r
 .text.memchr   0x0000302c       0x1c /home/truongchu/toolchains/bin/../lib/gcc/arm-none-eabi/13.3.1/../../../../arm-none-eabi/lib/thumb/v8-m.main+fp/hard/libg_nano.a(libc_a-memchr-stub.o)
                0x0000302c                memchr
 .text.__malloc_lock
                0x00003048        0xc /home/truongchu/toolchains/bin/../lib/gcc/arm-none-eabi/13.3.1/../../../../arm-none-eabi/lib/thumb/v8-m.main+fp/hard/libg_nano.a(libc_a-mlock.o)
                0x00003048                __malloc_lock
 .text.__malloc_unlock
                0x00003054        0xc /home/truongchu/toolchains/bin/../lib/gcc/arm-none-eabi/13.3.1/../../../../arm-none-eabi/lib/thumb/v8-m.main+fp/hard/libg_nano.a(libc_a-mlock.o)
                0x00003054                __malloc_unlock
 .text._sbrk_r  0x00003060       0x20 /home/truongchu/toolchains/bin/../lib/gcc/arm-none-eabi/13.3.1/../../../../arm-none-eabi/lib/thumb/v8-m.main+fp/hard/libg_nano.a(libc_a-sbrkr.o)
                0x00003060                _sbrk_r
 .text._realloc_r
                0x00003080       0x5c /home/truongchu/toolchains/bin/../lib/gcc/arm-none-eabi/13.3.1/../../../../arm-none-eabi/lib/thumb/v8-m.main+fp/hard/libg_nano.a(libc_a-reallocr.o)
                0x00003080                _realloc_r
 .text._free_r  0x000030dc       0x94 /home/truongchu/toolchains/bin/../lib/gcc/arm-none-eabi/13.3.1/../../../../arm-none-eabi/lib/thumb/v8-m.main+fp/hard/libg_nano.a(libc_a-freer.o)
                0x000030dc                _free_r
 .text._malloc_usable_size_r
                0x00003170       0x10 /home/truongchu/toolchains/bin/../lib/gcc/arm-none-eabi/13.3.1/../../../../arm-none-eabi/lib/thumb/v8-m.main+fp/hard/libg_nano.a(libc_a-msizer.o)
                0x00003170                _malloc_usable_size_r
 *(.version)
 .version       0x00003180       0x50 ./ra/fsp/src/bsp/mcu/all/bsp_common.o
 *(.init)
 .init          0x000031d0        0x4 /home/truongchu/toolchains/bin/../lib/gcc/arm-none-eabi/13.3.1/thumb/v8-m.main+fp/hard/crti.o
                0x000031d0                _init
 .init          0x000031d4        0x8 /home/truongchu/toolchains/bin/../lib/gcc/arm-none-eabi/13.3.1/thumb/v8-m.main+fp/hard/crtn.o
 *(.fini)
 .fini          0x000031dc        0x4 /home/truongchu/toolchains/bin/../lib/gcc/arm-none-eabi/13.3.1/thumb/v8-m.main+fp/hard/crti.o
                0x000031dc                _fini
 .fini          0x000031e0        0x8 /home/truongchu/toolchains/bin/../lib/gcc/arm-none-eabi/13.3.1/thumb/v8-m.main+fp/hard/crtn.o
 *crtbegin.o(.ctors)
 *crtbegin?.o(.ctors)
 *(EXCLUDE_FILE(*crtend.o *crtend?.o) .ctors)
 *(SORT_BY_NAME(.ctors.*))
 *(.ctors)
 *crtbegin.o(.dtors)
 *crtbegin?.o(.dtors)
 *(EXCLUDE_FILE(*crtend.o *crtend?.o) .dtors)
 *(SORT_BY_NAME(.dtors.*))
 *(.dtors)
 *(.rodata*)
 .rodata.g_comms_i2c_bus0_quick_setup.str1.4
                0x000031e8       0xe6 ./src/hal_entry.o
                                 0x27 (size before relaxing)
 .rodata.hal_entry.str1.4
                0x000032ce       0xba ./src/hal_entry.o
 *fill*         0x000032ce        0x2 ff
 .rodata.__func__.0
                0x000032d0       0x33 ./src/hal_entry.o
 *fill*         0x00003303        0x1 ff
 .rodata.__func__.1
                0x00003304       0x2f ./src/hal_entry.o
 *fill*         0x00003333        0x1 ff
 .rodata.__func__.2
                0x00003334       0x1d ./src/hal_entry.o
 *fill*         0x00003351        0x3 ff
 .rodata.__func__.3
                0x00003354       0x1d ./src/hal_entry.o
 *fill*         0x00003371        0x3 ff
 .rodata.g_i2c_master0
                0x00003374        0xc ./ra_gen/common_data.o
                0x00003374                g_i2c_master0
 .rodata.g_i2c_master0_cfg
                0x00003380       0x28 ./ra_gen/common_data.o
                0x00003380                g_i2c_master0_cfg
 .rodata.g_i2c_master0_extend
                0x000033a8        0x8 ./ra_gen/common_data.o
                0x000033a8                g_i2c_master0_extend
 .rodata.g_ob1203_sensor0
                0x000033b0        0xc ./ra_gen/hal_data.o
                0x000033b0                g_ob1203_sensor0
 .rodata.g_ob1203_sensor0_cfg
                0x000033bc       0x1c ./ra_gen/hal_data.o
                0x000033bc                g_ob1203_sensor0_cfg
 .rodata.g_comms_i2c_device0
                0x000033d8        0xc ./ra_gen/hal_data.o
                0x000033d8                g_comms_i2c_device0
 .rodata.g_comms_i2c_device0_cfg
                0x000033e4       0x14 ./ra_gen/hal_data.o
                0x000033e4                g_comms_i2c_device0_cfg
 .rodata.g_comms_i2c_device0_lower_level_cfg
                0x000033f8       0x28 ./ra_gen/hal_data.o
                0x000033f8                g_comms_i2c_device0_lower_level_cfg
 .rodata.g_uart0_cfg
                0x00003420       0x20 ./ra_gen/hal_data.o
                0x00003420                g_uart0_cfg
 .rodata.g_uart0_cfg_extend
                0x00003440       0x14 ./ra_gen/hal_data.o
                0x00003440                g_uart0_cfg_extend
 .rodata.g_bsp_pin_cfg
                0x00003454        0xc ./ra_gen/pin_data.o
                0x00003454                g_bsp_pin_cfg
 .rodata.g_bsp_pin_cfg_data
                0x00003460      0x280 ./ra_gen/pin_data.o
                0x00003460                g_bsp_pin_cfg_data
 .rodata.g_interrupt_event_link_select
                0x000036e0       0xc0 ./ra_gen/vector_data.o
                0x000036e0                g_interrupt_event_link_select
 .rodata.g_ob1203_on_ob1203_light_proximity
                0x000037a0       0x3c ./ra/fsp/src/rm_ob1203/light_proximity_mode/rm_ob1203_light_proximity_mode.o
                0x000037a0                g_ob1203_on_ob1203_light_proximity
 .rodata.g_ob1203_on_ob1203
                0x000037dc       0x3c ./ra/fsp/src/rm_ob1203/rm_ob1203.o
                0x000037dc                g_ob1203_on_ob1203
 .rodata.g_comms_on_comms_i2c
                0x00003818       0x18 ./ra/fsp/src/rm_comms_i2c/rm_comms_i2c.o
                0x00003818                g_comms_on_comms_i2c
 .rodata.g_vbatt_pins_input
                0x00003830        0x6 ./ra/fsp/src/r_ioport/r_ioport.o
 *fill*         0x00003836        0x2 ff
 .rodata.g_i2c_master_on_iic
                0x00003838       0x20 ./ra/fsp/src/r_iic_master/r_iic_master.o
                0x00003838                g_i2c_master_on_iic
 .rodata.g_prcr_masks
                0x00003858        0x8 ./ra/fsp/src/bsp/mcu/all/bsp_register_protection.o
 .rodata.g_bsp_leds
                0x00003860        0x8 ./ra/board/ra6m5_ck/board_leds.o
                0x00003860                g_bsp_leds
 .rodata.g_bsp_prv_leds
                0x00003868        0xc ./ra/board/ra6m5_ck/board_leds.o
 .rodata._svfprintf_r.str1.1
                0x00003874       0x33 /home/truongchu/toolchains/bin/../lib/gcc/arm-none-eabi/13.3.1/../../../../arm-none-eabi/lib/thumb/v8-m.main+fp/hard/libg_nano.a(libc_a-nano-svfprintf.o)
                                 0x11 (size before relaxing)
 .rodata._printf_i.str1.1
                0x000038a7       0x22 /home/truongchu/toolchains/bin/../lib/gcc/arm-none-eabi/13.3.1/../../../../arm-none-eabi/lib/thumb/v8-m.main+fp/hard/libg_nano.a(libc_a-nano-vfprintf_i.o)
                0x000038a7                        __usb_dev_descriptor_start_fs = .
 *(.usb_device_desc_fs*)
                0x000038a7                        __usb_cfg_descriptor_start_fs = .
 *(.usb_config_desc_fs*)
                0x000038a7                        __usb_interface_descriptor_start_fs = .
 *(.usb_interface_desc_fs*)
                0x000038a7                        __usb_descriptor_end_fs = .
                0x000038a7                        __usb_dev_descriptor_start_hs = .
 *(.usb_device_desc_hs*)
                0x000038a7                        __usb_cfg_descriptor_start_hs = .
 *(.usb_config_desc_hs*)
                0x000038a7                        __usb_interface_descriptor_start_hs = .
 *(.usb_interface_desc_hs*)
                0x000038a7                        __usb_descriptor_end_hs = .
 *(.eh_frame*)
 *fill*         0x000038a7        0x1 ff
 .eh_frame      0x000038a8        0x0 /home/truongchu/toolchains/bin/../lib/gcc/arm-none-eabi/13.3.1/thumb/v8-m.main+fp/hard/crtbegin.o
 .eh_frame      0x000038a8       0x28 /home/truongchu/toolchains/bin/../lib/gcc/arm-none-eabi/13.3.1/../../../../arm-none-eabi/lib/thumb/v8-m.main+fp/hard/libg_nano.a(libc_a-strlen.o)
 .eh_frame      0x000038d0        0x4 /home/truongchu/toolchains/bin/../lib/gcc/arm-none-eabi/13.3.1/thumb/v8-m.main+fp/hard/crtend.o
                0x000038d4                        __ROM_End = .
                0x000001c0                        __Vectors_Size = (__Vectors_End - __Vectors)

.glue_7         0x000038d4        0x0
 .glue_7        0x000038d4        0x0 linker stubs

.glue_7t        0x000038d4        0x0
 .glue_7t       0x000038d4        0x0 linker stubs

.vfp11_veneer   0x000038d4        0x0
 .vfp11_veneer  0x000038d4        0x0 linker stubs

.v4_bx          0x000038d4        0x0
 .v4_bx         0x000038d4        0x0 linker stubs

.iplt           0x000038d4        0x0
 .iplt          0x000038d4        0x0 /home/truongchu/toolchains/bin/../lib/gcc/arm-none-eabi/13.3.1/thumb/v8-m.main+fp/hard/crtbegin.o
                0x000038d4                        . = .
                0x000038d4                        __itcm_data_pre_location = .

.itcm_data      0x00000000        0x0 load address 0x000038e0
                0x00000000                        __tz_ITCM_S = ABSOLUTE (ITCM_START)
                0x00000000                        __itcm_data_start = .
 *(.itcm_data*)
                0x00000000                        . = ALIGN (0x8)
                0x00000000                        __itcm_data_end = .
                0x00000000                        __tz_ITCM_N = DEFINED (ITCM_NS_START)?ABSOLUTE (ITCM_NS_START):ALIGN (__itcm_data_end, 0x2000)
                0x000038e0                        __itcm_data_init_start = LOADADDR (.itcm_data)
                0x000038e0                        __itcm_data_init_end = (LOADADDR (.itcm_data) + SIZEOF (.itcm_data))
                0x00000001                        ASSERT (((ORIGIN (ITCM) % 0x8) == 0x0), ITCM memory region origin must be aligned to 8 bytes.)
                0x00000001                        ASSERT (((LENGTH (ITCM) % 0x8) == 0x0), ITCM memory region length must be a multiple of 8 bytes.)
                0x00000001                        ASSERT (((LOADADDR (.itcm_data) % 0x10) == 0x0), .itcm_data section must be aligned to 16 bytes.)
                0x00000001                        ASSERT (((SIZEOF (.itcm_data) % 0x8) == 0x0), .itcm_data section size must be a multiple of 8 bytes.)
                0x000038d4                        . = (SIZEOF (.itcm_data) > 0x0)?__itcm_data_init_end:__itcm_data_pre_location
                0x000038d4                        __exidx_start = .

/DISCARD/
 *(.ARM.extab* .gnu.linkonce.armextab.*)
 *(.ARM.exidx* .gnu.linkonce.armexidx.*)
                0x000038d4                        __exidx_end = .
                0x000038d4                        __etext = .
                0x20000000                        __tz_RAM_S = ORIGIN (RAM)

.fsp_dtc_vector_table
                0x20000000        0x0
                0x20000000                        . = ORIGIN (RAM)
 *(.fsp_dtc_vector_table)

.data           0x20000000       0xac load address 0x000038d4
                0x20000000                        __data_start__ = .
                0x20000000                        . = ALIGN (0x4)
                0x20000000                        __Code_In_RAM_Start = .
 *(.code_in_ram*)
                0x20000000                        __Code_In_RAM_End = .
 *(vtable)
 *(.data.*)
 .data.g_comms_i2c_bus0_extended_cfg
                0x20000000       0x14 ./ra_gen/common_data.o
                0x20000000                g_comms_i2c_bus0_extended_cfg
 .data.g_ob1203_sensor0_extended_cfg
                0x20000014       0x3c ./ra_gen/hal_data.o
                0x20000014                g_ob1203_sensor0_extended_cfg
 .data.g_uart0_baud_setting
                0x20000050        0x4 ./ra_gen/hal_data.o
                0x20000050                g_uart0_baud_setting
 .data._impure_ptr
                0x20000054        0x4 /home/truongchu/toolchains/bin/../lib/gcc/arm-none-eabi/13.3.1/../../../../arm-none-eabi/lib/thumb/v8-m.main+fp/hard/libg_nano.a(libc_a-impure.o)
                0x20000054                _impure_ptr
 .data._impure_data
                0x20000058       0x4c /home/truongchu/toolchains/bin/../lib/gcc/arm-none-eabi/13.3.1/../../../../arm-none-eabi/lib/thumb/v8-m.main+fp/hard/libg_nano.a(libc_a-impure.o)
                0x20000058                _impure_data
 *(.data)
                0x200000a4                        . = ALIGN (0x4)
                0x200000a4                        PROVIDE (__preinit_array_start = .)
 *(.preinit_array)
                0x200000a4                        PROVIDE (__preinit_array_end = .)
                0x200000a4                        . = ALIGN (0x4)
                0x200000a4                        PROVIDE (__init_array_start = .)
 *(SORT_BY_NAME(.init_array.*))
 *(.init_array)
 .init_array    0x200000a4        0x4 /home/truongchu/toolchains/bin/../lib/gcc/arm-none-eabi/13.3.1/thumb/v8-m.main+fp/hard/crtbegin.o
                0x200000a8                        PROVIDE (__init_array_end = .)
                0x200000a8                        . = ALIGN (0x4)
                [!provide]                        PROVIDE (__fini_array_start = .)
 *(SORT_BY_NAME(.fini_array.*))
 *(.fini_array)
 .fini_array    0x200000a8        0x4 /home/truongchu/toolchains/bin/../lib/gcc/arm-none-eabi/13.3.1/thumb/v8-m.main+fp/hard/crtbegin.o
                [!provide]                        PROVIDE (__fini_array_end = .)
 *(.jcr*)
                0x200000ac                        . = ALIGN (0x4)
                0x200000ac                        __data_end__ = .

.tm_clone_table
                0x200000ac        0x0 load address 0x00003980
 .tm_clone_table
                0x200000ac        0x0 /home/truongchu/toolchains/bin/../lib/gcc/arm-none-eabi/13.3.1/thumb/v8-m.main+fp/hard/crtbegin.o
 .tm_clone_table
                0x200000ac        0x0 /home/truongchu/toolchains/bin/../lib/gcc/arm-none-eabi/13.3.1/thumb/v8-m.main+fp/hard/crtend.o

.igot.plt       0x200000ac        0x0 load address 0x00003980
 .igot.plt      0x200000ac        0x0 /home/truongchu/toolchains/bin/../lib/gcc/arm-none-eabi/13.3.1/thumb/v8-m.main+fp/hard/crtbegin.o
                0x200000ac                        . = .
                0x00003980                        __dtcm_data_pre_location = (LOADADDR (.data) + SIZEOF (.data))

.dtcm_data      0x00000000        0x0 load address 0x00003980
                0x00000000                        __tz_DTCM_S = ABSOLUTE (DTCM_START)
                0x00000000                        __dtcm_data_start = .
 *(.dtcm_data*)
                0x00000000                        . = ALIGN (0x8)
                0x00000000                        __dtcm_data_end = .
                0x00000000                        . = __dtcm_data_end

.dtcm_bss       0x00000000        0x0
                0x00000000                        __dtcm_bss_start = .
 *(.dtcm_bss*)
                0x00000000                        . = ALIGN (0x8)
                0x00000000                        __dtcm_bss_end = .
                0x00000000                        __tz_DTCM_N = DEFINED (DTCM_NS_START)?ABSOLUTE (DTCM_NS_START):ALIGN (__dtcm_bss_end, 0x2000)
                0x00003980                        __dtcm_data_init_start = LOADADDR (.dtcm_data)
                0x00003980                        __dtcm_data_init_end = (LOADADDR (.dtcm_data) + SIZEOF (.dtcm_data))
                0x00000001                        ASSERT (((ORIGIN (DTCM) % 0x8) == 0x0), DTCM memory region origin must be aligned to 8 bytes.)
                0x00000001                        ASSERT (((LENGTH (DTCM) % 0x8) == 0x0), DTCM memory region length must be a multiple of 8 bytes.)
                0x00000001                        ASSERT ((LOADADDR (.dtcm_bss) == ADDR (.dtcm_bss)), .dtcm_bss has (VMA != LMA) but should be NOLOAD (VMA == LMA).)
                0x00000001                        ASSERT (((LOADADDR (.dtcm_data) % 0x10) == 0x0), .dtcm_data section must be aligned to 16 bytes.)
                0x00000001                        ASSERT (((SIZEOF (.dtcm_data) % 0x8) == 0x0), .dtcm_data section size must be a multiple of 8 bytes.)
                0x00000001                        ASSERT (((LOADADDR (.dtcm_bss) % 0x8) == 0x0), .dtcm_bss section must be aligned to 8 bytes.)
                0x00000001                        ASSERT (((SIZEOF (.dtcm_bss) % 0x8) == 0x0), .dtcm_bss section size must be a multiple of 8 bytes.)
                0x00000001                        ASSERT ((__dtcm_bss_start == __dtcm_data_end), .dtcm_bss section is not adjacent to .dtcm_data section.)
                0x00003980                        . = (SIZEOF (.dtcm_data) > 0x0)?__dtcm_data_init_end:__dtcm_data_pre_location
                0x00003980                        sgstubs_pre_location = .
                0x00003c00                        SGSTUBS_LOC = (DEFINED (PROJECT_SECURE) && DEFINED (FLASH_NSC_START))?ABSOLUTE (FLASH_NSC_START):ALIGN (0x400)

.gnu.sgstubs    0x00003c00        0x0
                0x00003c00                        __tz_FLASH_C = DEFINED (FLASH_NSC_START)?ABSOLUTE (FLASH_NSC_START):__RESERVE_NS_RAM?ABSOLUTE ((FLASH_START + FLASH_LENGTH)):ALIGN (0x400)
                0x00003c00                        _start_sg = .
 *(.gnu.sgstubs*)
                0x00003c00                        . = ALIGN (0x20)
                0x00003c00                        _end_sg = .
                0x00008000                        __tz_FLASH_N = DEFINED (FLASH_NS_START)?ABSOLUTE (FLASH_NS_START):__RESERVE_NS_RAM?ABSOLUTE ((FLASH_START + FLASH_LENGTH)):(FLASH_LENGTH < 0x8000)?FLASH_LENGTH:ALIGN (0x8000)
                0x00008000                        FLASH_NS_IMAGE_START = DEFINED (FLASH_NS_IMAGE_START)?FLASH_NS_IMAGE_START:__tz_FLASH_N
                0x60000000                        __tz_QSPI_FLASH_S = ORIGIN (QSPI_FLASH)

.qspi_flash     0x60000000        0x0
                0x60000000                        __qspi_flash_start__ = .
 *(.qspi_flash*)
 *(.code_in_qspi*)
                0x60000000                        __qspi_flash_end__ = .
                0x00000000                        __qspi_flash_code_size__ = (__qspi_flash_end__ - __qspi_flash_start__)
                0x00003980                        __qspi_flash_code_addr__ = sgstubs_pre_location

.qspi_non_retentive
                0x60000000        0x0 load address 0x00003980
                0x60000000                        __qspi_non_retentive_start__ = .
 *(.qspi_non_retentive*)
                0x60000000                        __qspi_non_retentive_end__ = .
                0x00000000                        __qspi_non_retentive_size__ = (__qspi_non_retentive_end__ - __qspi_non_retentive_start__)
                0x04000000                        __qspi_region_max_size__ = 0x4000000
                0x60000000                        __qspi_region_start_address__ = __qspi_flash_start__
                0x64000000                        __qspi_region_end_address__ = (__qspi_flash_start__ + __qspi_region_max_size__)
                0x60000000                        __tz_QSPI_FLASH_N = __qspi_non_retentive_end__

.OSPI_DEVICE_0_NO_LOAD
                0x68000000        0x0
                0x68000000                        . = ALIGN (0x4)
                0x68000000                        __ospi_device_0_start__ = .
 *(.ospi_device_0_no_load*)
                0x68000000                        . = ALIGN (0x4)
                0x68000000                        __ospi_device_0_end__ = .

.OSPI_DEVICE_1_NO_LOAD
                0x70000000        0x0
                0x70000000                        . = ALIGN (0x4)
                0x70000000                        __ospi_device_1_start__ = .
 *(.ospi_device_1_no_load*)
                0x70000000                        . = ALIGN (0x4)
                0x70000000                        __ospi_device_1_end__ = .
                0x68000000                        __tz_OSPI_DEVICE_0_S = ORIGIN (OSPI_DEVICE_0)

.OSPI_DEVICE_0  0x68000000        0x0
                0x68000000                        __ospi_device_0_start__ = .
 *(.ospi_device_0*)
 *(.code_in_ospi_device_0*)
                0x68000000                        __ospi_device_0_end__ = .
                0x00000000                        __ospi_device_0_code_size__ = (__ospi_device_0_end__ - __ospi_device_0_start__)
                0x00003980                        __ospi_device_0_code_addr__ = (sgstubs_pre_location + SIZEOF (.qspi_non_retentive))

.ospi_device_0_non_retentive
                0x68000000        0x0 load address 0x00003980
                0x68000000                        __ospi_device_0_non_retentive_start__ = .
 *(.ospi_device_0_non_retentive*)
                0x68000000                        __ospi_device_0_non_retentive_end__ = .
                0x00000000                        __ospi_device_0_non_retentive_size__ = (__ospi_device_0_non_retentive_end__ - __ospi_device_0_non_retentive_start__)
                0x08000000                        __ospi_device_0_region_max_size__ = 0x8000000
                0x68000000                        __ospi_device_0_region_start_address__ = __ospi_device_0_start__
                0x70000000                        __ospi_device_0_region_end_address__ = (__ospi_device_0_start__ + __ospi_device_0_region_max_size__)
                0x68000000                        __tz_OSPI_DEVICE_0_N = __ospi_device_0_non_retentive_end__
                0x70000000                        __tz_OSPI_DEVICE_1_S = ORIGIN (OSPI_DEVICE_1)

.OSPI_DEVICE_1  0x70000000        0x0
                0x70000000                        __ospi_device_1_start__ = .
 *(.ospi_device_1*)
 *(.code_in_ospi_device_1*)
                0x70000000                        __ospi_device_1_end__ = .
                0x00000000                        __ospi_device_1_code_size__ = (__ospi_device_1_end__ - __ospi_device_1_start__)
                0x00003980                        __ospi_device_1_code_addr__ = (sgstubs_pre_location + (SIZEOF (.qspi_non_retentive) + SIZEOF (.ospi_device_0_non_retentive)))

.ospi_device_1_non_retentive
                0x70000000        0x0 load address 0x00003980
                0x70000000                        __ospi_device_1_non_retentive_start__ = .
 *(.ospi_device_1_non_retentive*)
                0x70000000                        __ospi_device_1_non_retentive_end__ = .
                0x00000000                        __ospi_device_1_non_retentive_size__ = (__ospi_device_1_non_retentive_end__ - __ospi_device_1_non_retentive_start__)
                0x10000000                        __ospi_device_1_region_max_size__ = 0x10000000
                0x70000000                        __ospi_device_1_region_start_address__ = __ospi_device_1_start__
                0x80000000                        __ospi_device_1_region_end_address__ = (__ospi_device_1_start__ + __ospi_device_1_region_max_size__)
                0x70000000                        __tz_OSPI_DEVICE_1_N = __ospi_device_1_non_retentive_end__

.noinit         0x200000ac       0x1c
                0x200000ac                        . = ALIGN (0x4)
                0x200000ac                        __noinit_start = .
 *(.noinit*)
 .noinit        0x200000ac       0x1c ./ra/fsp/src/bsp/mcu/all/bsp_clocks.o
                0x200000c8                        . = ALIGN (0x8)
 *(.heap.*)
                0x200000c8                        __noinit_end = .

.bss            0x200000c8      0x41c
                0x200000c8                        . = ALIGN (0x4)
                0x200000c8                        __bss_start__ = .
 *(.bss*)
 .bss.completed.1
                0x200000c8        0x1 /home/truongchu/toolchains/bin/../lib/gcc/arm-none-eabi/13.3.1/thumb/v8-m.main+fp/hard/crtbegin.o
 *fill*         0x200000c9        0x3 
 .bss.object.0  0x200000cc       0x18 /home/truongchu/toolchains/bin/../lib/gcc/arm-none-eabi/13.3.1/thumb/v8-m.main+fp/hard/crtbegin.o
 .bss.result.4  0x200000e4        0xc ./src/hal_entry.o
 .bss.g_ob1203_i2c_completed
                0x200000f0        0x1 ./src/hal_entry.o
                0x200000f0                g_ob1203_i2c_completed
 .bss.is_transfer_complete
                0x200000f1        0x1 ./src/hal_entry.o
 *fill*         0x200000f2        0x2 
 .bss.g_ioport_ctrl
                0x200000f4        0x8 ./ra_gen/common_data.o
                0x200000f4                g_ioport_ctrl
 .bss.g_i2c_master0_ctrl
                0x200000fc       0x40 ./ra_gen/common_data.o
                0x200000fc                g_i2c_master0_ctrl
 .bss.g_ob1203_sensor0_ctrl
                0x2000013c       0x38 ./ra_gen/hal_data.o
                0x2000013c                g_ob1203_sensor0_ctrl
 .bss.g_comms_i2c_device0_ctrl
                0x20000174       0x24 ./ra_gen/hal_data.o
                0x20000174                g_comms_i2c_device0_ctrl
 .bss.g_uart0_ctrl
                0x20000198       0x30 ./ra_gen/hal_data.o
                0x20000198                g_uart0_ctrl
 .bss.g_bsp_group_irq_sources
                0x200001c8       0x40 ./ra/fsp/src/bsp/mcu/all/bsp_group_irq.o
                0x200001c8                g_bsp_group_irq_sources
 .bss.g_protect_pfswe_counter
                0x20000208        0x4 ./ra/fsp/src/bsp/mcu/all/bsp_io.o
                0x20000208                g_protect_pfswe_counter
 .bss.gp_renesas_isr_context
                0x2000020c      0x180 ./ra/fsp/src/bsp/mcu/all/bsp_irq.o
                0x2000020c                gp_renesas_isr_context
 .bss.g_protect_counters
                0x2000038c        0x8 ./ra/fsp/src/bsp/mcu/all/bsp_register_protection.o
                0x2000038c                g_protect_counters
 .bss.current_heap_end.0
                0x20000394        0x4 ./ra/fsp/src/bsp/mcu/all/bsp_sbrk.o
 .bss.SystemCoreClock
                0x20000398        0x4 ./ra/fsp/src/bsp/cmsis/Device/RENESAS/Source/system.o
                0x20000398                SystemCoreClock
 .bss.__sf      0x2000039c      0x138 /home/truongchu/toolchains/bin/../lib/gcc/arm-none-eabi/13.3.1/../../../../arm-none-eabi/lib/thumb/v8-m.main+fp/hard/libg_nano.a(libc_a-findfp.o)
                0x2000039c                __sf
 .bss.__lock___malloc_recursive_mutex
                0x200004d4        0x1 /home/truongchu/toolchains/bin/../lib/gcc/arm-none-eabi/13.3.1/../../../../arm-none-eabi/lib/thumb/v8-m.main+fp/hard/libg_nano.a(libc_a-lock.o)
                0x200004d4                __lock___malloc_recursive_mutex
 *fill*         0x200004d5        0x3 
 .bss.__malloc_sbrk_start
                0x200004d8        0x4 /home/truongchu/toolchains/bin/../lib/gcc/arm-none-eabi/13.3.1/../../../../arm-none-eabi/lib/thumb/v8-m.main+fp/hard/libg_nano.a(libc_a-mallocr.o)
                0x200004d8                __malloc_sbrk_start
 .bss.__malloc_free_list
                0x200004dc        0x4 /home/truongchu/toolchains/bin/../lib/gcc/arm-none-eabi/13.3.1/../../../../arm-none-eabi/lib/thumb/v8-m.main+fp/hard/libg_nano.a(libc_a-mallocr.o)
                0x200004dc                __malloc_free_list
 .bss.errno     0x200004e0        0x4 /home/truongchu/toolchains/bin/../lib/gcc/arm-none-eabi/13.3.1/../../../../arm-none-eabi/lib/thumb/v8-m.main+fp/hard/libg_nano.a(libc_a-reent.o)
                0x200004e0                errno
 *(COMMON)
                0x200004e4                        . = ALIGN (0x4)
                0x200004e4                        __bss_end__ = .

.heap           0x200004e4        0x4
                0x200004e8                        . = ALIGN (0x8)
 *fill*         0x200004e4        0x4 
                0x200004e8                        __HeapBase = .
 *(.heap)
                0x200004e8                        __HeapLimit = .

.stack_dummy    0x200004e8      0x400
                0x200004e8                        . = ALIGN (0x8)
                0x200004e8                        __StackLimit = .
 *(.stack)
 .stack         0x200004e8      0x400 ./ra/fsp/src/bsp/cmsis/Device/RENESAS/Source/startup.o
                0x200008e8                        __StackTop = .
 *(.stack*)
                0x200008e8                        __StackTopAll = .
                0x200008e8                        PROVIDE (__stack = __StackTopAll)
                0x200008e8                        __RAM_segment_used_end__ = ALIGN (__StackTopAll, 0x4)
                0x20000c00                        __tz_RAM_C = DEFINED (RAM_NSC_START)?ABSOLUTE ((RAM_NSC_START - RAM_NS_BUFFER_BLOCK_LENGTH)):__RESERVE_NS_RAM?ABSOLUTE (RAM_NS_BUFFER_BLOCK_START):ALIGN (__RAM_segment_used_end__, 0x400)
                0x20002000                        __tz_RAM_N = DEFINED (RAM_NS_START)?ABSOLUTE ((RAM_NS_START - RAM_NS_BUFFER_BLOCK_LENGTH)):__RESERVE_NS_RAM?ABSOLUTE (RAM_NS_BUFFER_BLOCK_START):ALIGN (__tz_RAM_C, 0x2000)

.ns_buffer      0x200008e8        0x0
                0x200008e8                        . = __RESERVE_NS_RAM?ABSOLUTE ((RAM_NS_BUFFER_START & 0xffffffe0)):.
 *(.ns_buffer*)

.data_flash     0x08000000        0x0
                0x08000000                        . = ORIGIN (DATA_FLASH)
                0x08000000                        __tz_DATA_FLASH_S = .
                0x08000000                        __Data_Flash_Start = .
 *(.data_flash*)
                0x08000000                        __Data_Flash_End = .
                0x08000000                        __tz_DATA_FLASH_N = DEFINED (DATA_FLASH_NS_START)?ABSOLUTE (DATA_FLASH_NS_START):__RESERVE_NS_RAM?ABSOLUTE ((DATA_FLASH_START + DATA_FLASH_LENGTH)):ALIGN (0x400)
                0x80010000                        __tz_SDRAM_S = ORIGIN (SDRAM)

.sdram          0x80010000        0x0
                0x80010000                        __SDRAM_Start = .
 *(.sdram*)
 *(.frame*)
                0x80010000                        __SDRAM_End = .
                0x80010000                        __tz_SDRAM_N = __SDRAM_End
                0x00000000                        __tz_ID_CODE_S = ORIGIN (ID_CODE)
                0x00000000                        __tz_ID_CODE_N = __tz_ID_CODE_S

.id_code        0x00000000        0x0
                0x00000000                        __ID_Code_Start = .
 *(.id_code*)
                0x00000000                        __ID_Code_End = .
                0x0100a100                        __tz_OPTION_SETTING_S = ORIGIN (OPTION_SETTING_OFS)

.option_setting_ofs
                0x0100a100       0x14
                0x0100a100                        __OPTION_SETTING_OFS_Start = .
 *(.option_setting_ofs0)
 .option_setting_ofs0
                0x0100a100        0x4 ./ra/fsp/src/bsp/mcu/all/bsp_rom_registers.o
                0x0100a104                        . = PROJECT_SECURE_OR_FLAT?(__OPTION_SETTING_OFS_Start + 0x4):__OPTION_SETTING_OFS_Start
 *(.option_setting_ofs2)
                0x0100a110                        . = PROJECT_SECURE_OR_FLAT?(__OPTION_SETTING_OFS_Start + 0x10):__OPTION_SETTING_OFS_Start
 *fill*         0x0100a104        0xc ff
 *(.option_setting_dualsel)
 .option_setting_dualsel
                0x0100a110        0x4 ./ra/fsp/src/bsp/mcu/all/bsp_rom_registers.o
                0x0100a114                        __OPTION_SETTING_OFS_End = .

.option_setting_sas
                0x0100a134        0x4
                0x0100a134                        __OPTION_SETTING_SAS_Start = .
 *(.option_setting_sas)
 .option_setting_sas
                0x0100a134        0x4 ./ra/fsp/src/bsp/mcu/all/bsp_rom_registers.o
                0x0100a138                        __OPTION_SETTING_SAS_End = .
                0x0100a180                        __tz_OPTION_SETTING_N = ABSOLUTE (OPTION_SETTING_START_NS)

.option_setting_ns
                0x0100a100        0x0
                0x0100a100                        __OPTION_SETTING_NS_Start = .
 *(.option_setting_ofs1)
                0x0100a100                        . = USE_OPTION_SETTING_NS?(__OPTION_SETTING_NS_Start + 0x4):__OPTION_SETTING_NS_Start
 *(.option_setting_ofs3)
                0x0100a100                        . = USE_OPTION_SETTING_NS?(__OPTION_SETTING_NS_Start + 0x10):__OPTION_SETTING_NS_Start
 *(.option_setting_banksel)
                0x0100a100                        . = USE_OPTION_SETTING_NS?(__OPTION_SETTING_NS_Start + 0x40):__OPTION_SETTING_NS_Start
 *(.option_setting_bps0)
                0x0100a100                        . = USE_OPTION_SETTING_NS?(__OPTION_SETTING_NS_Start + 0x44):__OPTION_SETTING_NS_Start
 *(.option_setting_bps1)
                0x0100a100                        . = USE_OPTION_SETTING_NS?(__OPTION_SETTING_NS_Start + 0x48):__OPTION_SETTING_NS_Start
 *(.option_setting_bps2)
                0x0100a100                        . = USE_OPTION_SETTING_NS?(__OPTION_SETTING_NS_Start + 0x4c):__OPTION_SETTING_NS_Start
 *(.option_setting_bps3)
                0x0100a100                        . = USE_OPTION_SETTING_NS?(__OPTION_SETTING_NS_Start + 0x60):__OPTION_SETTING_NS_Start
 *(.option_setting_pbps0)
                0x0100a100                        . = USE_OPTION_SETTING_NS?(__OPTION_SETTING_NS_Start + 0x64):__OPTION_SETTING_NS_Start
 *(.option_setting_pbps1)
                0x0100a100                        . = USE_OPTION_SETTING_NS?(__OPTION_SETTING_NS_Start + 0x68):__OPTION_SETTING_NS_Start
 *(.option_setting_pbps2)
                0x0100a100                        . = USE_OPTION_SETTING_NS?(__OPTION_SETTING_NS_Start + 0x6c):__OPTION_SETTING_NS_Start
 *(.option_setting_pbps3)
                0x0100a100                        __OPTION_SETTING_NS_End = .
                0x0100a200                        __tz_OPTION_SETTING_S_S = ORIGIN (OPTION_SETTING_S)

.option_setting_s
                0x0100a200       0xd0
                0x0100a200                        __OPTION_SETTING_S_Start = .
 *(.option_setting_ofs1_sec)
 .option_setting_ofs1_sec
                0x0100a200        0x4 ./ra/fsp/src/bsp/mcu/all/bsp_rom_registers.o
                0x0100a204                        . = PROJECT_SECURE_OR_FLAT?(__OPTION_SETTING_S_Start + 0x4):__OPTION_SETTING_S_Start
 *(.option_setting_ofs3_sec)
                0x0100a210                        . = PROJECT_SECURE_OR_FLAT?(__OPTION_SETTING_S_Start + 0x10):__OPTION_SETTING_S_Start
 *fill*         0x0100a204        0xc ff
 *(.option_setting_banksel_sec)
 .option_setting_banksel_sec
                0x0100a210        0x4 ./ra/fsp/src/bsp/mcu/all/bsp_rom_registers.o
                0x0100a240                        . = PROJECT_SECURE_OR_FLAT?(__OPTION_SETTING_S_Start + 0x40):__OPTION_SETTING_S_Start
 *fill*         0x0100a214       0x2c ff
 *(.option_setting_bps_sec0)
 .option_setting_bps_sec0
                0x0100a240        0x4 ./ra/fsp/src/bsp/mcu/all/bsp_rom_registers.o
                0x0100a244                        . = PROJECT_SECURE_OR_FLAT?(__OPTION_SETTING_S_Start + 0x44):__OPTION_SETTING_S_Start
 *(.option_setting_bps_sec1)
 .option_setting_bps_sec1
                0x0100a244        0x4 ./ra/fsp/src/bsp/mcu/all/bsp_rom_registers.o
                0x0100a248                        . = PROJECT_SECURE_OR_FLAT?(__OPTION_SETTING_S_Start + 0x48):__OPTION_SETTING_S_Start
 *(.option_setting_bps_sec2)
 .option_setting_bps_sec2
                0x0100a248        0x4 ./ra/fsp/src/bsp/mcu/all/bsp_rom_registers.o
                0x0100a24c                        . = PROJECT_SECURE_OR_FLAT?(__OPTION_SETTING_S_Start + 0x4c):__OPTION_SETTING_S_Start
 *(.option_setting_bps_sec3)
 .option_setting_bps_sec3
                0x0100a24c        0x4 ./ra/fsp/src/bsp/mcu/all/bsp_rom_registers.o
                0x0100a260                        . = PROJECT_SECURE_OR_FLAT?(__OPTION_SETTING_S_Start + 0x60):__OPTION_SETTING_S_Start
 *fill*         0x0100a250       0x10 ff
 *(.option_setting_pbps_sec0)
 .option_setting_pbps_sec0
                0x0100a260        0x4 ./ra/fsp/src/bsp/mcu/all/bsp_rom_registers.o
                0x0100a264                        . = PROJECT_SECURE_OR_FLAT?(__OPTION_SETTING_S_Start + 0x64):__OPTION_SETTING_S_Start
 *(.option_setting_pbps_sec1)
 .option_setting_pbps_sec1
                0x0100a264        0x4 ./ra/fsp/src/bsp/mcu/all/bsp_rom_registers.o
                0x0100a268                        . = PROJECT_SECURE_OR_FLAT?(__OPTION_SETTING_S_Start + 0x68):__OPTION_SETTING_S_Start
 *(.option_setting_pbps_sec2)
 .option_setting_pbps_sec2
                0x0100a268        0x4 ./ra/fsp/src/bsp/mcu/all/bsp_rom_registers.o
                0x0100a26c                        . = PROJECT_SECURE_OR_FLAT?(__OPTION_SETTING_S_Start + 0x6c):__OPTION_SETTING_S_Start
 *(.option_setting_pbps_sec3)
 .option_setting_pbps_sec3
                0x0100a26c        0x4 ./ra/fsp/src/bsp/mcu/all/bsp_rom_registers.o
                0x0100a280                        . = PROJECT_SECURE_OR_FLAT?(__OPTION_SETTING_S_Start + 0x80):__OPTION_SETTING_S_Start
 *fill*         0x0100a270       0x10 ff
 *(.option_setting_ofs1_sel)
 .option_setting_ofs1_sel
                0x0100a280        0x4 ./ra/fsp/src/bsp/mcu/all/bsp_rom_registers.o
                0x0100a284                        . = PROJECT_SECURE_OR_FLAT?(__OPTION_SETTING_S_Start + 0x84):__OPTION_SETTING_S_Start
 *(.option_setting_ofs3_sel)
                0x0100a290                        . = PROJECT_SECURE_OR_FLAT?(__OPTION_SETTING_S_Start + 0x90):__OPTION_SETTING_S_Start
 *fill*         0x0100a284        0xc ff
 *(.option_setting_banksel_sel)
 .option_setting_banksel_sel
                0x0100a290        0x4 ./ra/fsp/src/bsp/mcu/all/bsp_rom_registers.o
                0x0100a2c0                        . = PROJECT_SECURE_OR_FLAT?(__OPTION_SETTING_S_Start + 0xc0):__OPTION_SETTING_S_Start
 *fill*         0x0100a294       0x2c ff
 *(.option_setting_bps_sel0)
 .option_setting_bps_sel0
                0x0100a2c0        0x4 ./ra/fsp/src/bsp/mcu/all/bsp_rom_registers.o
                0x0100a2c4                        . = PROJECT_SECURE_OR_FLAT?(__OPTION_SETTING_S_Start + 0xc4):__OPTION_SETTING_S_Start
 *(.option_setting_bps_sel1)
 .option_setting_bps_sel1
                0x0100a2c4        0x4 ./ra/fsp/src/bsp/mcu/all/bsp_rom_registers.o
                0x0100a2c8                        . = PROJECT_SECURE_OR_FLAT?(__OPTION_SETTING_S_Start + 0xc8):__OPTION_SETTING_S_Start
 *(.option_setting_bps_sel2)
 .option_setting_bps_sel2
                0x0100a2c8        0x4 ./ra/fsp/src/bsp/mcu/all/bsp_rom_registers.o
                0x0100a2cc                        . = PROJECT_SECURE_OR_FLAT?(__OPTION_SETTING_S_Start + 0xcc):__OPTION_SETTING_S_Start
 *(.option_setting_bps_sel3)
 .option_setting_bps_sel3
                0x0100a2cc        0x4 ./ra/fsp/src/bsp/mcu/all/bsp_rom_registers.o
                0x0100a2d0                        __OPTION_SETTING_S_End = .
                0x0100a2d0                        __tz_OPTION_SETTING_S_N = __OPTION_SETTING_S_End
OUTPUT(PPG_OB.elf elf32-littlearm)
LOAD linker stubs

.rel.dyn        0x0100a2d0        0x0
 .rel.iplt      0x0100a2d0        0x0 /home/truongchu/toolchains/bin/../lib/gcc/arm-none-eabi/13.3.1/thumb/v8-m.main+fp/hard/crtbegin.o

.ARM.attributes
                0x00000000       0x36
 .ARM.attributes
                0x00000000       0x26 /home/truongchu/toolchains/bin/../lib/gcc/arm-none-eabi/13.3.1/thumb/v8-m.main+fp/hard/crti.o
 .ARM.attributes
                0x00000026       0x38 /home/truongchu/toolchains/bin/../lib/gcc/arm-none-eabi/13.3.1/thumb/v8-m.main+fp/hard/crtbegin.o
 .ARM.attributes
                0x0000005e       0x3a ./src/hal_entry.o
 .ARM.attributes
                0x00000098       0x3a ./ra_gen/common_data.o
 .ARM.attributes
                0x000000d2       0x3a ./ra_gen/hal_data.o
 .ARM.attributes
                0x0000010c       0x3a ./ra_gen/main.o
 .ARM.attributes
                0x00000146       0x3a ./ra_gen/pin_data.o
 .ARM.attributes
                0x00000180       0x3a ./ra_gen/vector_data.o
 .ARM.attributes
                0x000001ba       0x3a ./ra/fsp/src/rm_ob1203/light_proximity_mode/rm_ob1203_light_proximity_mode.o
 .ARM.attributes
                0x000001f4       0x3a ./ra/fsp/src/rm_ob1203/rm_ob1203.o
 .ARM.attributes
                0x0000022e       0x3a ./ra/fsp/src/rm_ob1203/rm_ob1203_ra_driver.o
 .ARM.attributes
                0x00000268       0x3a ./ra/fsp/src/rm_comms_i2c/rm_comms_i2c.o
 .ARM.attributes
                0x000002a2       0x3a ./ra/fsp/src/rm_comms_i2c/rm_comms_i2c_driver_ra.o
 .ARM.attributes
                0x000002dc       0x3a ./ra/fsp/src/r_sci_uart/r_sci_uart.o
 .ARM.attributes
                0x00000316       0x3a ./ra/fsp/src/r_ioport/r_ioport.o
 .ARM.attributes
                0x00000350       0x3a ./ra/fsp/src/r_iic_master/r_iic_master.o
 .ARM.attributes
                0x0000038a       0x3a ./ra/fsp/src/bsp/mcu/all/bsp_clocks.o
 .ARM.attributes
                0x000003c4       0x3a ./ra/fsp/src/bsp/mcu/all/bsp_common.o
 .ARM.attributes
                0x000003fe       0x3a ./ra/fsp/src/bsp/mcu/all/bsp_delay.o
 .ARM.attributes
                0x00000438       0x3a ./ra/fsp/src/bsp/mcu/all/bsp_group_irq.o
 .ARM.attributes
                0x00000472       0x3a ./ra/fsp/src/bsp/mcu/all/bsp_io.o
 .ARM.attributes
                0x000004ac       0x3a ./ra/fsp/src/bsp/mcu/all/bsp_irq.o
 .ARM.attributes
                0x000004e6       0x3a ./ra/fsp/src/bsp/mcu/all/bsp_register_protection.o
 .ARM.attributes
                0x00000520       0x3a ./ra/fsp/src/bsp/mcu/all/bsp_rom_registers.o
 .ARM.attributes
                0x0000055a       0x3a ./ra/fsp/src/bsp/mcu/all/bsp_sbrk.o
 .ARM.attributes
                0x00000594       0x3a ./ra/fsp/src/bsp/cmsis/Device/RENESAS/Source/startup.o
 .ARM.attributes
                0x000005ce       0x3a ./ra/fsp/src/bsp/cmsis/Device/RENESAS/Source/system.o
 .ARM.attributes
                0x00000608       0x3a ./ra/board/ra6m5_ck/board_init.o
 .ARM.attributes
                0x00000642       0x3a ./ra/board/ra6m5_ck/board_leds.o
 .ARM.attributes
                0x0000067c       0x38 /home/truongchu/toolchains/bin/../lib/gcc/arm-none-eabi/13.3.1/../../../../arm-none-eabi/lib/thumb/v8-m.main+fp/hard/libg_nano.a(libc_a-errno.o)
 .ARM.attributes
                0x000006b4       0x38 /home/truongchu/toolchains/bin/../lib/gcc/arm-none-eabi/13.3.1/../../../../arm-none-eabi/lib/thumb/v8-m.main+fp/hard/libg_nano.a(libc_a-memset.o)
 .ARM.attributes
                0x000006ec       0x38 /home/truongchu/toolchains/bin/../lib/gcc/arm-none-eabi/13.3.1/../../../../arm-none-eabi/lib/thumb/v8-m.main+fp/hard/libg_nano.a(libc_a-impure.o)
 .ARM.attributes
                0x00000724       0x38 /home/truongchu/toolchains/bin/../lib/gcc/arm-none-eabi/13.3.1/../../../../arm-none-eabi/lib/thumb/v8-m.main+fp/hard/libg_nano.a(libc_a-memcpy-stub.o)
 .ARM.attributes
                0x0000075c       0x24 /home/truongchu/toolchains/bin/../lib/gcc/arm-none-eabi/13.3.1/../../../../arm-none-eabi/lib/thumb/v8-m.main+fp/hard/libg_nano.a(libc_a-strlen.o)
 .ARM.attributes
                0x00000780       0x38 /home/truongchu/toolchains/bin/../lib/gcc/arm-none-eabi/13.3.1/../../../../arm-none-eabi/lib/thumb/v8-m.main+fp/hard/libg_nano.a(libc_a-findfp.o)
 .ARM.attributes
                0x000007b8       0x38 /home/truongchu/toolchains/bin/../lib/gcc/arm-none-eabi/13.3.1/../../../../arm-none-eabi/lib/thumb/v8-m.main+fp/hard/libg_nano.a(libc_a-sprintf.o)
 .ARM.attributes
                0x000007f0       0x38 /home/truongchu/toolchains/bin/../lib/gcc/arm-none-eabi/13.3.1/../../../../arm-none-eabi/lib/thumb/v8-m.main+fp/hard/libg_nano.a(libc_a-nano-svfprintf.o)
 .ARM.attributes
                0x00000828       0x38 /home/truongchu/toolchains/bin/../lib/gcc/arm-none-eabi/13.3.1/../../../../arm-none-eabi/lib/thumb/v8-m.main+fp/hard/libg_nano.a(libc_a-memmove.o)
 .ARM.attributes
                0x00000860       0x38 /home/truongchu/toolchains/bin/../lib/gcc/arm-none-eabi/13.3.1/../../../../arm-none-eabi/lib/thumb/v8-m.main+fp/hard/libg_nano.a(libc_a-lock.o)
 .ARM.attributes
                0x00000898       0x38 /home/truongchu/toolchains/bin/../lib/gcc/arm-none-eabi/13.3.1/../../../../arm-none-eabi/lib/thumb/v8-m.main+fp/hard/libg_nano.a(libc_a-nano-vfprintf_i.o)
 .ARM.attributes
                0x000008d0       0x38 /home/truongchu/toolchains/bin/../lib/gcc/arm-none-eabi/13.3.1/../../../../arm-none-eabi/lib/thumb/v8-m.main+fp/hard/libg_nano.a(libc_a-mallocr.o)
 .ARM.attributes
                0x00000908       0x38 /home/truongchu/toolchains/bin/../lib/gcc/arm-none-eabi/13.3.1/../../../../arm-none-eabi/lib/thumb/v8-m.main+fp/hard/libg_nano.a(libc_a-reent.o)
 .ARM.attributes
                0x00000940       0x38 /home/truongchu/toolchains/bin/../lib/gcc/arm-none-eabi/13.3.1/../../../../arm-none-eabi/lib/thumb/v8-m.main+fp/hard/libg_nano.a(libc_a-memchr-stub.o)
 .ARM.attributes
                0x00000978       0x38 /home/truongchu/toolchains/bin/../lib/gcc/arm-none-eabi/13.3.1/../../../../arm-none-eabi/lib/thumb/v8-m.main+fp/hard/libg_nano.a(libc_a-mlock.o)
 .ARM.attributes
                0x000009b0       0x38 /home/truongchu/toolchains/bin/../lib/gcc/arm-none-eabi/13.3.1/../../../../arm-none-eabi/lib/thumb/v8-m.main+fp/hard/libg_nano.a(libc_a-sbrkr.o)
 .ARM.attributes
                0x000009e8       0x38 /home/truongchu/toolchains/bin/../lib/gcc/arm-none-eabi/13.3.1/../../../../arm-none-eabi/lib/thumb/v8-m.main+fp/hard/libg_nano.a(libc_a-reallocr.o)
 .ARM.attributes
                0x00000a20       0x38 /home/truongchu/toolchains/bin/../lib/gcc/arm-none-eabi/13.3.1/../../../../arm-none-eabi/lib/thumb/v8-m.main+fp/hard/libg_nano.a(libc_a-freer.o)
 .ARM.attributes
                0x00000a58       0x38 /home/truongchu/toolchains/bin/../lib/gcc/arm-none-eabi/13.3.1/../../../../arm-none-eabi/lib/thumb/v8-m.main+fp/hard/libg_nano.a(libc_a-msizer.o)
 .ARM.attributes
                0x00000a90       0x38 /home/truongchu/toolchains/bin/../lib/gcc/arm-none-eabi/13.3.1/thumb/v8-m.main+fp/hard/crtend.o
 .ARM.attributes
                0x00000ac8       0x26 /home/truongchu/toolchains/bin/../lib/gcc/arm-none-eabi/13.3.1/thumb/v8-m.main+fp/hard/crtn.o

.comment        0x00000000       0x45
 .comment       0x00000000       0x45 ./src/hal_entry.o
                                 0x46 (size before relaxing)
 .comment       0x00000045       0x46 ./ra_gen/common_data.o
 .comment       0x00000045       0x46 ./ra_gen/hal_data.o
 .comment       0x00000045       0x46 ./ra_gen/main.o
 .comment       0x00000045       0x46 ./ra_gen/pin_data.o
 .comment       0x00000045       0x46 ./ra_gen/vector_data.o
 .comment       0x00000045       0x46 ./ra/fsp/src/rm_ob1203/light_proximity_mode/rm_ob1203_light_proximity_mode.o
 .comment       0x00000045       0x46 ./ra/fsp/src/rm_ob1203/rm_ob1203.o
 .comment       0x00000045       0x46 ./ra/fsp/src/rm_ob1203/rm_ob1203_ra_driver.o
 .comment       0x00000045       0x46 ./ra/fsp/src/rm_comms_i2c/rm_comms_i2c.o
 .comment       0x00000045       0x46 ./ra/fsp/src/rm_comms_i2c/rm_comms_i2c_driver_ra.o
 .comment       0x00000045       0x46 ./ra/fsp/src/r_sci_uart/r_sci_uart.o
 .comment       0x00000045       0x46 ./ra/fsp/src/r_ioport/r_ioport.o
 .comment       0x00000045       0x46 ./ra/fsp/src/r_iic_master/r_iic_master.o
 .comment       0x00000045       0x46 ./ra/fsp/src/bsp/mcu/all/bsp_clocks.o
 .comment       0x00000045       0x46 ./ra/fsp/src/bsp/mcu/all/bsp_common.o
 .comment       0x00000045       0x46 ./ra/fsp/src/bsp/mcu/all/bsp_delay.o
 .comment       0x00000045       0x46 ./ra/fsp/src/bsp/mcu/all/bsp_group_irq.o
 .comment       0x00000045       0x46 ./ra/fsp/src/bsp/mcu/all/bsp_io.o
 .comment       0x00000045       0x46 ./ra/fsp/src/bsp/mcu/all/bsp_irq.o
 .comment       0x00000045       0x46 ./ra/fsp/src/bsp/mcu/all/bsp_register_protection.o
 .comment       0x00000045       0x46 ./ra/fsp/src/bsp/mcu/all/bsp_rom_registers.o
 .comment       0x00000045       0x46 ./ra/fsp/src/bsp/mcu/all/bsp_sbrk.o
 .comment       0x00000045       0x46 ./ra/fsp/src/bsp/cmsis/Device/RENESAS/Source/startup.o
 .comment       0x00000045       0x46 ./ra/fsp/src/bsp/cmsis/Device/RENESAS/Source/system.o
 .comment       0x00000045       0x46 ./ra/board/ra6m5_ck/board_init.o
 .comment       0x00000045       0x46 ./ra/board/ra6m5_ck/board_leds.o

.debug_info     0x00000000    0x3dbb1
 .debug_info    0x00000000     0x5259 ./src/hal_entry.o
 .debug_info    0x00005259     0x26e4 ./ra_gen/common_data.o
 .debug_info    0x0000793d     0x4844 ./ra_gen/hal_data.o
 .debug_info    0x0000c181       0xb1 ./ra_gen/main.o
 .debug_info    0x0000c232      0xa21 ./ra_gen/pin_data.o
 .debug_info    0x0000cc53      0x895 ./ra_gen/vector_data.o
 .debug_info    0x0000d4e8     0x246d ./ra/fsp/src/rm_ob1203/light_proximity_mode/rm_ob1203_light_proximity_mode.o
 .debug_info    0x0000f955     0x2c44 ./ra/fsp/src/rm_ob1203/rm_ob1203.o
 .debug_info    0x00012599     0x1e9c ./ra/fsp/src/rm_ob1203/rm_ob1203_ra_driver.o
 .debug_info    0x00014435      0xdc4 ./ra/fsp/src/rm_comms_i2c/rm_comms_i2c.o
 .debug_info    0x000151f9     0x17d1 ./ra/fsp/src/rm_comms_i2c/rm_comms_i2c_driver_ra.o
 .debug_info    0x000169ca     0x9bf9 ./ra/fsp/src/r_sci_uart/r_sci_uart.o
 .debug_info    0x000205c3     0x65a8 ./ra/fsp/src/r_ioport/r_ioport.o
 .debug_info    0x00026b6b     0x856e ./ra/fsp/src/r_iic_master/r_iic_master.o
 .debug_info    0x0002f0d9     0x566e ./ra/fsp/src/bsp/mcu/all/bsp_clocks.o
 .debug_info    0x00034747      0x93b ./ra/fsp/src/bsp/mcu/all/bsp_common.o
 .debug_info    0x00035082      0x1e2 ./ra/fsp/src/bsp/mcu/all/bsp_delay.o
 .debug_info    0x00035264     0x132f ./ra/fsp/src/bsp/mcu/all/bsp_group_irq.o
 .debug_info    0x00036593       0xb2 ./ra/fsp/src/bsp/mcu/all/bsp_io.o
 .debug_info    0x00036645     0x1f97 ./ra/fsp/src/bsp/mcu/all/bsp_irq.o
 .debug_info    0x000385dc     0x390c ./ra/fsp/src/bsp/mcu/all/bsp_register_protection.o
 .debug_info    0x0003bee8      0x1da ./ra/fsp/src/bsp/mcu/all/bsp_rom_registers.o
 .debug_info    0x0003c0c2      0x142 ./ra/fsp/src/bsp/mcu/all/bsp_sbrk.o
 .debug_info    0x0003c204      0x168 ./ra/fsp/src/bsp/cmsis/Device/RENESAS/Source/startup.o
 .debug_info    0x0003c36c     0x1002 ./ra/fsp/src/bsp/cmsis/Device/RENESAS/Source/system.o
 .debug_info    0x0003d36e       0xa5 ./ra/board/ra6m5_ck/board_init.o
 .debug_info    0x0003d413      0x79e ./ra/board/ra6m5_ck/board_leds.o

.debug_abbrev   0x00000000     0x41dc
 .debug_abbrev  0x00000000      0x655 ./src/hal_entry.o
 .debug_abbrev  0x00000655      0x2a1 ./ra_gen/common_data.o
 .debug_abbrev  0x000008f6      0x2b0 ./ra_gen/hal_data.o
 .debug_abbrev  0x00000ba6       0x61 ./ra_gen/main.o
 .debug_abbrev  0x00000c07       0xff ./ra_gen/pin_data.o
 .debug_abbrev  0x00000d06       0xbd ./ra_gen/vector_data.o
 .debug_abbrev  0x00000dc3      0x3e4 ./ra/fsp/src/rm_ob1203/light_proximity_mode/rm_ob1203_light_proximity_mode.o
 .debug_abbrev  0x000011a7      0x410 ./ra/fsp/src/rm_ob1203/rm_ob1203.o
 .debug_abbrev  0x000015b7      0x263 ./ra/fsp/src/rm_ob1203/rm_ob1203_ra_driver.o
 .debug_abbrev  0x0000181a      0x1bb ./ra/fsp/src/rm_comms_i2c/rm_comms_i2c.o
 .debug_abbrev  0x000019d5      0x33e ./ra/fsp/src/rm_comms_i2c/rm_comms_i2c_driver_ra.o
 .debug_abbrev  0x00001d13      0x5e5 ./ra/fsp/src/r_sci_uart/r_sci_uart.o
 .debug_abbrev  0x000022f8      0x490 ./ra/fsp/src/r_ioport/r_ioport.o
 .debug_abbrev  0x00002788      0x61b ./ra/fsp/src/r_iic_master/r_iic_master.o
 .debug_abbrev  0x00002da3      0x3cf ./ra/fsp/src/bsp/mcu/all/bsp_clocks.o
 .debug_abbrev  0x00003172      0x188 ./ra/fsp/src/bsp/mcu/all/bsp_common.o
 .debug_abbrev  0x000032fa      0x113 ./ra/fsp/src/bsp/mcu/all/bsp_delay.o
 .debug_abbrev  0x0000340d      0x256 ./ra/fsp/src/bsp/mcu/all/bsp_group_irq.o
 .debug_abbrev  0x00003663       0x5e ./ra/fsp/src/bsp/mcu/all/bsp_io.o
 .debug_abbrev  0x000036c1      0x28a ./ra/fsp/src/bsp/mcu/all/bsp_irq.o
 .debug_abbrev  0x0000394b      0x27d ./ra/fsp/src/bsp/mcu/all/bsp_register_protection.o
 .debug_abbrev  0x00003bc8       0x4e ./ra/fsp/src/bsp/mcu/all/bsp_rom_registers.o
 .debug_abbrev  0x00003c16       0xce ./ra/fsp/src/bsp/mcu/all/bsp_sbrk.o
 .debug_abbrev  0x00003ce4       0xf5 ./ra/fsp/src/bsp/cmsis/Device/RENESAS/Source/startup.o
 .debug_abbrev  0x00003dd9      0x2e2 ./ra/fsp/src/bsp/cmsis/Device/RENESAS/Source/system.o
 .debug_abbrev  0x000040bb       0x5b ./ra/board/ra6m5_ck/board_init.o
 .debug_abbrev  0x00004116       0xc6 ./ra/board/ra6m5_ck/board_leds.o

.debug_loclists
                0x00000000     0x4a68
 .debug_loclists
                0x00000000      0x591 ./src/hal_entry.o
 .debug_loclists
                0x00000591      0x864 ./ra/fsp/src/rm_ob1203/light_proximity_mode/rm_ob1203_light_proximity_mode.o
 .debug_loclists
                0x00000df5      0xb85 ./ra/fsp/src/rm_ob1203/rm_ob1203.o
 .debug_loclists
                0x0000197a      0x179 ./ra/fsp/src/rm_ob1203/rm_ob1203_ra_driver.o
 .debug_loclists
                0x00001af3      0x1b8 ./ra/fsp/src/rm_comms_i2c/rm_comms_i2c.o
 .debug_loclists
                0x00001cab      0x517 ./ra/fsp/src/rm_comms_i2c/rm_comms_i2c_driver_ra.o
 .debug_loclists
                0x000021c2      0xe1c ./ra/fsp/src/r_sci_uart/r_sci_uart.o
 .debug_loclists
                0x00002fde      0x7a3 ./ra/fsp/src/r_ioport/r_ioport.o
 .debug_loclists
                0x00003781      0xc96 ./ra/fsp/src/r_iic_master/r_iic_master.o
 .debug_loclists
                0x00004417      0x208 ./ra/fsp/src/bsp/mcu/all/bsp_clocks.o
 .debug_loclists
                0x0000461f       0x20 ./ra/fsp/src/bsp/mcu/all/bsp_common.o
 .debug_loclists
                0x0000463f      0x11c ./ra/fsp/src/bsp/mcu/all/bsp_delay.o
 .debug_loclists
                0x0000475b       0x73 ./ra/fsp/src/bsp/mcu/all/bsp_group_irq.o
 .debug_loclists
                0x000047ce       0xad ./ra/fsp/src/bsp/mcu/all/bsp_irq.o
 .debug_loclists
                0x0000487b       0xa7 ./ra/fsp/src/bsp/mcu/all/bsp_register_protection.o
 .debug_loclists
                0x00004922       0xbd ./ra/fsp/src/bsp/mcu/all/bsp_sbrk.o
 .debug_loclists
                0x000049df       0x89 ./ra/fsp/src/bsp/cmsis/Device/RENESAS/Source/system.o

.debug_aranges  0x00000000      0x6d8
 .debug_aranges
                0x00000000       0x68 ./src/hal_entry.o
 .debug_aranges
                0x00000068       0x20 ./ra_gen/common_data.o
 .debug_aranges
                0x00000088       0x20 ./ra_gen/hal_data.o
 .debug_aranges
                0x000000a8       0x20 ./ra_gen/main.o
 .debug_aranges
                0x000000c8       0x18 ./ra_gen/pin_data.o
 .debug_aranges
                0x000000e0       0x18 ./ra_gen/vector_data.o
 .debug_aranges
                0x000000f8       0x90 ./ra/fsp/src/rm_ob1203/light_proximity_mode/rm_ob1203_light_proximity_mode.o
 .debug_aranges
                0x00000188       0xd8 ./ra/fsp/src/rm_ob1203/rm_ob1203.o
 .debug_aranges
                0x00000260       0x38 ./ra/fsp/src/rm_ob1203/rm_ob1203_ra_driver.o
 .debug_aranges
                0x00000298       0x40 ./ra/fsp/src/rm_comms_i2c/rm_comms_i2c.o
 .debug_aranges
                0x000002d8       0x50 ./ra/fsp/src/rm_comms_i2c/rm_comms_i2c_driver_ra.o
 .debug_aranges
                0x00000328       0x90 ./ra/fsp/src/r_sci_uart/r_sci_uart.o
 .debug_aranges
                0x000003b8       0x90 ./ra/fsp/src/r_ioport/r_ioport.o
 .debug_aranges
                0x00000448       0x90 ./ra/fsp/src/r_iic_master/r_iic_master.o
 .debug_aranges
                0x000004d8       0x60 ./ra/fsp/src/bsp/mcu/all/bsp_clocks.o
 .debug_aranges
                0x00000538       0x30 ./ra/fsp/src/bsp/mcu/all/bsp_common.o
 .debug_aranges
                0x00000568       0x28 ./ra/fsp/src/bsp/mcu/all/bsp_delay.o
 .debug_aranges
                0x00000590       0x28 ./ra/fsp/src/bsp/mcu/all/bsp_group_irq.o
 .debug_aranges
                0x000005b8       0x18 ./ra/fsp/src/bsp/mcu/all/bsp_io.o
 .debug_aranges
                0x000005d0       0x20 ./ra/fsp/src/bsp/mcu/all/bsp_irq.o
 .debug_aranges
                0x000005f0       0x28 ./ra/fsp/src/bsp/mcu/all/bsp_register_protection.o
 .debug_aranges
                0x00000618       0x18 ./ra/fsp/src/bsp/mcu/all/bsp_rom_registers.o
 .debug_aranges
                0x00000630       0x20 ./ra/fsp/src/bsp/mcu/all/bsp_sbrk.o
 .debug_aranges
                0x00000650       0x28 ./ra/fsp/src/bsp/cmsis/Device/RENESAS/Source/startup.o
 .debug_aranges
                0x00000678       0x28 ./ra/fsp/src/bsp/cmsis/Device/RENESAS/Source/system.o
 .debug_aranges
                0x000006a0       0x20 ./ra/board/ra6m5_ck/board_init.o
 .debug_aranges
                0x000006c0       0x18 ./ra/board/ra6m5_ck/board_leds.o

.debug_rnglists
                0x00000000      0xb9c
 .debug_rnglists
                0x00000000       0xe6 ./src/hal_entry.o
 .debug_rnglists
                0x000000e6       0x13 ./ra_gen/common_data.o
 .debug_rnglists
                0x000000f9       0x13 ./ra_gen/hal_data.o
 .debug_rnglists
                0x0000010c       0x13 ./ra_gen/main.o
 .debug_rnglists
                0x0000011f       0x87 ./ra/fsp/src/rm_ob1203/light_proximity_mode/rm_ob1203_light_proximity_mode.o
 .debug_rnglists
                0x000001a6      0x101 ./ra/fsp/src/rm_ob1203/rm_ob1203.o
 .debug_rnglists
                0x000002a7       0x25 ./ra/fsp/src/rm_ob1203/rm_ob1203_ra_driver.o
 .debug_rnglists
                0x000002cc       0x2b ./ra/fsp/src/rm_comms_i2c/rm_comms_i2c.o
 .debug_rnglists
                0x000002f7       0x4f ./ra/fsp/src/rm_comms_i2c/rm_comms_i2c_driver_ra.o
 .debug_rnglists
                0x00000346      0x26c ./ra/fsp/src/r_sci_uart/r_sci_uart.o
 .debug_rnglists
                0x000005b2       0xbc ./ra/fsp/src/r_ioport/r_ioport.o
 .debug_rnglists
                0x0000066e      0x30b ./ra/fsp/src/r_iic_master/r_iic_master.o
 .debug_rnglists
                0x00000979       0xc8 ./ra/fsp/src/bsp/mcu/all/bsp_clocks.o
 .debug_rnglists
                0x00000a41       0x1f ./ra/fsp/src/bsp/mcu/all/bsp_common.o
 .debug_rnglists
                0x00000a60       0x2e ./ra/fsp/src/bsp/mcu/all/bsp_delay.o
 .debug_rnglists
                0x00000a8e       0x37 ./ra/fsp/src/bsp/mcu/all/bsp_group_irq.o
 .debug_rnglists
                0x00000ac5       0x41 ./ra/fsp/src/bsp/mcu/all/bsp_irq.o
 .debug_rnglists
                0x00000b06       0x31 ./ra/fsp/src/bsp/mcu/all/bsp_register_protection.o
 .debug_rnglists
                0x00000b37       0x13 ./ra/fsp/src/bsp/mcu/all/bsp_sbrk.o
 .debug_rnglists
                0x00000b4a       0x19 ./ra/fsp/src/bsp/cmsis/Device/RENESAS/Source/startup.o
 .debug_rnglists
                0x00000b63       0x26 ./ra/fsp/src/bsp/cmsis/Device/RENESAS/Source/system.o
 .debug_rnglists
                0x00000b89       0x13 ./ra/board/ra6m5_ck/board_init.o

.debug_line     0x00000000     0x967f
 .debug_line    0x00000000      0xd53 ./src/hal_entry.o
 .debug_line    0x00000d53      0x31d ./ra_gen/common_data.o
 .debug_line    0x00001070      0x2ee ./ra_gen/hal_data.o
 .debug_line    0x0000135e       0x5e ./ra_gen/main.o
 .debug_line    0x000013bc      0x1b1 ./ra_gen/pin_data.o
 .debug_line    0x0000156d      0x147 ./ra_gen/vector_data.o
 .debug_line    0x000016b4      0x9a5 ./ra/fsp/src/rm_ob1203/light_proximity_mode/rm_ob1203_light_proximity_mode.o
 .debug_line    0x00002059      0xc67 ./ra/fsp/src/rm_ob1203/rm_ob1203.o
 .debug_line    0x00002cc0      0x34a ./ra/fsp/src/rm_ob1203/rm_ob1203_ra_driver.o
 .debug_line    0x0000300a      0x29f ./ra/fsp/src/rm_comms_i2c/rm_comms_i2c.o
 .debug_line    0x000032a9      0x528 ./ra/fsp/src/rm_comms_i2c/rm_comms_i2c_driver_ra.o
 .debug_line    0x000037d1     0x17f1 ./ra/fsp/src/r_sci_uart/r_sci_uart.o
 .debug_line    0x00004fc2      0xa54 ./ra/fsp/src/r_ioport/r_ioport.o
 .debug_line    0x00005a16     0x192e ./ra/fsp/src/r_iic_master/r_iic_master.o
 .debug_line    0x00007344      0x7f1 ./ra/fsp/src/bsp/mcu/all/bsp_clocks.o
 .debug_line    0x00007b35      0x20c ./ra/fsp/src/bsp/mcu/all/bsp_common.o
 .debug_line    0x00007d41      0x25f ./ra/fsp/src/bsp/mcu/all/bsp_delay.o
 .debug_line    0x00007fa0      0x2b9 ./ra/fsp/src/bsp/mcu/all/bsp_group_irq.o
 .debug_line    0x00008259      0x12b ./ra/fsp/src/bsp/mcu/all/bsp_io.o
 .debug_line    0x00008384      0x483 ./ra/fsp/src/bsp/mcu/all/bsp_irq.o
 .debug_line    0x00008807      0x36f ./ra/fsp/src/bsp/mcu/all/bsp_register_protection.o
 .debug_line    0x00008b76       0xdd ./ra/fsp/src/bsp/mcu/all/bsp_rom_registers.o
 .debug_line    0x00008c53      0x174 ./ra/fsp/src/bsp/mcu/all/bsp_sbrk.o
 .debug_line    0x00008dc7      0x197 ./ra/fsp/src/bsp/cmsis/Device/RENESAS/Source/startup.o
 .debug_line    0x00008f5e      0x537 ./ra/fsp/src/bsp/cmsis/Device/RENESAS/Source/system.o
 .debug_line    0x00009495       0x5a ./ra/board/ra6m5_ck/board_init.o
 .debug_line    0x000094ef      0x190 ./ra/board/ra6m5_ck/board_leds.o

.debug_str      0x00000000     0xf276
 .debug_str     0x00000000     0xf276 ./src/hal_entry.o
                               0x5530 (size before relaxing)
 .debug_str     0x0000f276     0x422f ./ra_gen/common_data.o
 .debug_str     0x0000f276     0x70b8 ./ra_gen/hal_data.o
 .debug_str     0x0000f276      0x1da ./ra_gen/main.o
 .debug_str     0x0000f276     0x1d7d ./ra_gen/pin_data.o
 .debug_str     0x0000f276     0x1d7d ./ra_gen/vector_data.o
 .debug_str     0x0000f276     0x4620 ./ra/fsp/src/rm_ob1203/light_proximity_mode/rm_ob1203_light_proximity_mode.o
 .debug_str     0x0000f276     0x4615 ./ra/fsp/src/rm_ob1203/rm_ob1203.o